###############################################################################
#
# IAR ELF Linker V9.30.1.335/W64 for ARM                  07/Nov/2023  12:37:09
# Copyright 2007-2022 IAR Systems AB.
#
#    Output file  =
#        E:\STM32H750XB_MQTT\EWARM\STM32H750XB_MQTT\Exe\STM32H750XB_MQTT.out
#    Map file     =
#        E:\STM32H750XB_MQTT\EWARM\STM32H750XB_MQTT\List\STM32H750XB_MQTT.map
#    Command line =
#        -f
#        E:\STM32H750XB_MQTT\EWARM\STM32H750XB_MQTT\Exe\STM32H750XB_MQTT.out.rsp
#        (E:\STM32H750XB_MQTT\EWARM\STM32H750XB_MQTT\Obj\Middlewares\LwIP\altcp.o
#        E:\STM32H750XB_MQTT\EWARM\STM32H750XB_MQTT\Obj\Middlewares\LwIP\altcp_alloc.o
#        E:\STM32H750XB_MQTT\EWARM\STM32H750XB_MQTT\Obj\Middlewares\LwIP\altcp_tcp.o
#        E:\STM32H750XB_MQTT\EWARM\STM32H750XB_MQTT\Obj\Middlewares\LwIP\api_lib.o
#        E:\STM32H750XB_MQTT\EWARM\STM32H750XB_MQTT\Obj\Middlewares\LwIP\api_msg.o
#        E:\STM32H750XB_MQTT\EWARM\STM32H750XB_MQTT\Obj\Middlewares\LwIP\auth.o
#        E:\STM32H750XB_MQTT\EWARM\STM32H750XB_MQTT\Obj\Middlewares\LwIP\autoip.o
#        E:\STM32H750XB_MQTT\EWARM\STM32H750XB_MQTT\Obj\Middlewares\LwIP\bridgeif.o
#        E:\STM32H750XB_MQTT\EWARM\STM32H750XB_MQTT\Obj\Middlewares\LwIP\bridgeif_fdb.o
#        E:\STM32H750XB_MQTT\EWARM\STM32H750XB_MQTT\Obj\Middlewares\LwIP\ccp.o
#        E:\STM32H750XB_MQTT\EWARM\STM32H750XB_MQTT\Obj\Middlewares\LwIP\chap-md5.o
#        E:\STM32H750XB_MQTT\EWARM\STM32H750XB_MQTT\Obj\Middlewares\LwIP\chap-new.o
#        E:\STM32H750XB_MQTT\EWARM\STM32H750XB_MQTT\Obj\Middlewares\LwIP\chap_ms.o
#        E:\STM32H750XB_MQTT\EWARM\STM32H750XB_MQTT\Obj\Drivers\cJSON\cJSON.o
#        E:\STM32H750XB_MQTT\EWARM\STM32H750XB_MQTT\Obj\Middlewares\FreeRTOS\cmsis_os.o
#        E:\STM32H750XB_MQTT\EWARM\STM32H750XB_MQTT\Obj\Middlewares\FreeRTOS\croutine.o
#        E:\STM32H750XB_MQTT\EWARM\STM32H750XB_MQTT\Obj\Middlewares\LwIP\def.o
#        E:\STM32H750XB_MQTT\EWARM\STM32H750XB_MQTT\Obj\Middlewares\LwIP\demand.o
#        E:\STM32H750XB_MQTT\EWARM\STM32H750XB_MQTT\Obj\Middlewares\LwIP\dhcp.o
#        E:\STM32H750XB_MQTT\EWARM\STM32H750XB_MQTT\Obj\Middlewares\LwIP\dhcp6.o
#        E:\STM32H750XB_MQTT\EWARM\STM32H750XB_MQTT\Obj\Middlewares\LwIP\dns.o
#        E:\STM32H750XB_MQTT\EWARM\STM32H750XB_MQTT\Obj\Middlewares\LwIP\eap.o
#        E:\STM32H750XB_MQTT\EWARM\STM32H750XB_MQTT\Obj\Middlewares\LwIP\ecp.o
#        E:\STM32H750XB_MQTT\EWARM\STM32H750XB_MQTT\Obj\Middlewares\LwIP\err.o
#        E:\STM32H750XB_MQTT\EWARM\STM32H750XB_MQTT\Obj\Middlewares\LwIP\etharp.o
#        E:\STM32H750XB_MQTT\EWARM\STM32H750XB_MQTT\Obj\Middlewares\LwIP\ethernet.o
#        E:\STM32H750XB_MQTT\EWARM\STM32H750XB_MQTT\Obj\Application\User\LWIP\Target\ethernetif.o
#        E:\STM32H750XB_MQTT\EWARM\STM32H750XB_MQTT\Obj\Middlewares\LwIP\ethip6.o
#        E:\STM32H750XB_MQTT\EWARM\STM32H750XB_MQTT\Obj\Middlewares\LwIP\eui64.o
#        E:\STM32H750XB_MQTT\EWARM\STM32H750XB_MQTT\Obj\Middlewares\FreeRTOS\event_groups.o
#        E:\STM32H750XB_MQTT\EWARM\STM32H750XB_MQTT\Obj\Application\User\Core\freertos.o
#        E:\STM32H750XB_MQTT\EWARM\STM32H750XB_MQTT\Obj\Middlewares\LwIP\fsm.o
#        E:\STM32H750XB_MQTT\EWARM\STM32H750XB_MQTT\Obj\Application\User\Core\gpio.o
#        E:\STM32H750XB_MQTT\EWARM\STM32H750XB_MQTT\Obj\Middlewares\FreeRTOS\heap_4.o
#        E:\STM32H750XB_MQTT\EWARM\STM32H750XB_MQTT\Obj\Middlewares\LwIP\icmp.o
#        E:\STM32H750XB_MQTT\EWARM\STM32H750XB_MQTT\Obj\Middlewares\LwIP\icmp6.o
#        E:\STM32H750XB_MQTT\EWARM\STM32H750XB_MQTT\Obj\Middlewares\LwIP\if_api.o
#        E:\STM32H750XB_MQTT\EWARM\STM32H750XB_MQTT\Obj\Middlewares\LwIP\igmp.o
#        E:\STM32H750XB_MQTT\EWARM\STM32H750XB_MQTT\Obj\Middlewares\LwIP\inet6.o
#        E:\STM32H750XB_MQTT\EWARM\STM32H750XB_MQTT\Obj\Middlewares\LwIP\inet_chksum.o
#        E:\STM32H750XB_MQTT\EWARM\STM32H750XB_MQTT\Obj\Middlewares\LwIP\init.o
#        E:\STM32H750XB_MQTT\EWARM\STM32H750XB_MQTT\Obj\Middlewares\LwIP\ip.o
#        E:\STM32H750XB_MQTT\EWARM\STM32H750XB_MQTT\Obj\Middlewares\LwIP\ip4.o
#        E:\STM32H750XB_MQTT\EWARM\STM32H750XB_MQTT\Obj\Middlewares\LwIP\ip4_addr.o
#        E:\STM32H750XB_MQTT\EWARM\STM32H750XB_MQTT\Obj\Middlewares\LwIP\ip4_frag.o
#        E:\STM32H750XB_MQTT\EWARM\STM32H750XB_MQTT\Obj\Middlewares\LwIP\ip6.o
#        E:\STM32H750XB_MQTT\EWARM\STM32H750XB_MQTT\Obj\Middlewares\LwIP\ip6_addr.o
#        E:\STM32H750XB_MQTT\EWARM\STM32H750XB_MQTT\Obj\Middlewares\LwIP\ip6_frag.o
#        E:\STM32H750XB_MQTT\EWARM\STM32H750XB_MQTT\Obj\Middlewares\LwIP\ipcp.o
#        E:\STM32H750XB_MQTT\EWARM\STM32H750XB_MQTT\Obj\Middlewares\LwIP\ipv6cp.o
#        E:\STM32H750XB_MQTT\EWARM\STM32H750XB_MQTT\Obj\Drivers\BSP\Components\lan8742.o
#        E:\STM32H750XB_MQTT\EWARM\STM32H750XB_MQTT\Obj\Middlewares\LwIP\lcp.o
#        E:\STM32H750XB_MQTT\EWARM\STM32H750XB_MQTT\Obj\Middlewares\FreeRTOS\list.o
#        E:\STM32H750XB_MQTT\EWARM\STM32H750XB_MQTT\Obj\Middlewares\LwIP\lowpan6.o
#        E:\STM32H750XB_MQTT\EWARM\STM32H750XB_MQTT\Obj\Middlewares\LwIP\lowpan6_ble.o
#        E:\STM32H750XB_MQTT\EWARM\STM32H750XB_MQTT\Obj\Middlewares\LwIP\lowpan6_common.o
#        E:\STM32H750XB_MQTT\EWARM\STM32H750XB_MQTT\Obj\Application\User\LWIP\App\lwip.o
#        E:\STM32H750XB_MQTT\EWARM\STM32H750XB_MQTT\Obj\Middlewares\LwIP\magic.o
#        E:\STM32H750XB_MQTT\EWARM\STM32H750XB_MQTT\Obj\Application\User\Core\main.o
#        E:\STM32H750XB_MQTT\EWARM\STM32H750XB_MQTT\Obj\Middlewares\LwIP\mem.o
#        E:\STM32H750XB_MQTT\EWARM\STM32H750XB_MQTT\Obj\Middlewares\LwIP\memp.o
#        E:\STM32H750XB_MQTT\EWARM\STM32H750XB_MQTT\Obj\Middlewares\LwIP\mld6.o
#        E:\STM32H750XB_MQTT\EWARM\STM32H750XB_MQTT\Obj\Middlewares\LwIP\mppe.o
#        E:\STM32H750XB_MQTT\EWARM\STM32H750XB_MQTT\Obj\Middlewares\LwIP\mqtt.o
#        E:\STM32H750XB_MQTT\EWARM\STM32H750XB_MQTT\Obj\Drivers\MQTT\mqttclient.o
#        E:\STM32H750XB_MQTT\EWARM\STM32H750XB_MQTT\Obj\Middlewares\LwIP\multilink.o
#        E:\STM32H750XB_MQTT\EWARM\STM32H750XB_MQTT\Obj\Middlewares\LwIP\nd6.o
#        E:\STM32H750XB_MQTT\EWARM\STM32H750XB_MQTT\Obj\Middlewares\LwIP\netbuf.o
#        E:\STM32H750XB_MQTT\EWARM\STM32H750XB_MQTT\Obj\Middlewares\LwIP\netdb.o
#        E:\STM32H750XB_MQTT\EWARM\STM32H750XB_MQTT\Obj\Middlewares\LwIP\netif.o
#        E:\STM32H750XB_MQTT\EWARM\STM32H750XB_MQTT\Obj\Middlewares\LwIP\netifapi.o
#        E:\STM32H750XB_MQTT\EWARM\STM32H750XB_MQTT\Obj\Middlewares\LwIP\pbuf.o
#        E:\STM32H750XB_MQTT\EWARM\STM32H750XB_MQTT\Obj\Middlewares\FreeRTOS\port.o
#        E:\STM32H750XB_MQTT\EWARM\STM32H750XB_MQTT\Obj\Middlewares\FreeRTOS\portasm.o
#        E:\STM32H750XB_MQTT\EWARM\STM32H750XB_MQTT\Obj\Middlewares\LwIP\ppp.o
#        E:\STM32H750XB_MQTT\EWARM\STM32H750XB_MQTT\Obj\Middlewares\LwIP\pppapi.o
#        E:\STM32H750XB_MQTT\EWARM\STM32H750XB_MQTT\Obj\Middlewares\LwIP\pppcrypt.o
#        E:\STM32H750XB_MQTT\EWARM\STM32H750XB_MQTT\Obj\Middlewares\LwIP\pppoe.o
#        E:\STM32H750XB_MQTT\EWARM\STM32H750XB_MQTT\Obj\Middlewares\LwIP\pppol2tp.o
#        E:\STM32H750XB_MQTT\EWARM\STM32H750XB_MQTT\Obj\Middlewares\LwIP\pppos.o
#        E:\STM32H750XB_MQTT\EWARM\STM32H750XB_MQTT\Obj\Middlewares\FreeRTOS\queue.o
#        E:\STM32H750XB_MQTT\EWARM\STM32H750XB_MQTT\Obj\Middlewares\LwIP\raw.o
#        E:\STM32H750XB_MQTT\EWARM\STM32H750XB_MQTT\Obj\Middlewares\LwIP\slipif.o
#        E:\STM32H750XB_MQTT\EWARM\STM32H750XB_MQTT\Obj\Middlewares\LwIP\sockets.o
#        E:\STM32H750XB_MQTT\EWARM\STM32H750XB_MQTT\Obj\Application\EWARM\startup_stm32h750xx.o
#        E:\STM32H750XB_MQTT\EWARM\STM32H750XB_MQTT\Obj\Middlewares\LwIP\stats.o
#        E:\STM32H750XB_MQTT\EWARM\STM32H750XB_MQTT\Obj\Drivers\STM32H7xx_HAL_Driver\stm32h7xx_hal.o
#        E:\STM32H750XB_MQTT\EWARM\STM32H750XB_MQTT\Obj\Drivers\STM32H7xx_HAL_Driver\stm32h7xx_hal_cortex.o
#        E:\STM32H750XB_MQTT\EWARM\STM32H750XB_MQTT\Obj\Drivers\STM32H7xx_HAL_Driver\stm32h7xx_hal_dma.o
#        E:\STM32H750XB_MQTT\EWARM\STM32H750XB_MQTT\Obj\Drivers\STM32H7xx_HAL_Driver\stm32h7xx_hal_dma_ex.o
#        E:\STM32H750XB_MQTT\EWARM\STM32H750XB_MQTT\Obj\Drivers\STM32H7xx_HAL_Driver\stm32h7xx_hal_eth.o
#        E:\STM32H750XB_MQTT\EWARM\STM32H750XB_MQTT\Obj\Drivers\STM32H7xx_HAL_Driver\stm32h7xx_hal_eth_ex.o
#        E:\STM32H750XB_MQTT\EWARM\STM32H750XB_MQTT\Obj\Drivers\STM32H7xx_HAL_Driver\stm32h7xx_hal_exti.o
#        E:\STM32H750XB_MQTT\EWARM\STM32H750XB_MQTT\Obj\Drivers\STM32H7xx_HAL_Driver\stm32h7xx_hal_flash.o
#        E:\STM32H750XB_MQTT\EWARM\STM32H750XB_MQTT\Obj\Drivers\STM32H7xx_HAL_Driver\stm32h7xx_hal_flash_ex.o
#        E:\STM32H750XB_MQTT\EWARM\STM32H750XB_MQTT\Obj\Drivers\STM32H7xx_HAL_Driver\stm32h7xx_hal_gpio.o
#        E:\STM32H750XB_MQTT\EWARM\STM32H750XB_MQTT\Obj\Drivers\STM32H7xx_HAL_Driver\stm32h7xx_hal_hsem.o
#        E:\STM32H750XB_MQTT\EWARM\STM32H750XB_MQTT\Obj\Drivers\STM32H7xx_HAL_Driver\stm32h7xx_hal_i2c.o
#        E:\STM32H750XB_MQTT\EWARM\STM32H750XB_MQTT\Obj\Drivers\STM32H7xx_HAL_Driver\stm32h7xx_hal_i2c_ex.o
#        E:\STM32H750XB_MQTT\EWARM\STM32H750XB_MQTT\Obj\Drivers\STM32H7xx_HAL_Driver\stm32h7xx_hal_mdma.o
#        E:\STM32H750XB_MQTT\EWARM\STM32H750XB_MQTT\Obj\Application\User\Core\stm32h7xx_hal_msp.o
#        E:\STM32H750XB_MQTT\EWARM\STM32H750XB_MQTT\Obj\Drivers\STM32H7xx_HAL_Driver\stm32h7xx_hal_pwr.o
#        E:\STM32H750XB_MQTT\EWARM\STM32H750XB_MQTT\Obj\Drivers\STM32H7xx_HAL_Driver\stm32h7xx_hal_pwr_ex.o
#        E:\STM32H750XB_MQTT\EWARM\STM32H750XB_MQTT\Obj\Drivers\STM32H7xx_HAL_Driver\stm32h7xx_hal_rcc.o
#        E:\STM32H750XB_MQTT\EWARM\STM32H750XB_MQTT\Obj\Drivers\STM32H7xx_HAL_Driver\stm32h7xx_hal_rcc_ex.o
#        E:\STM32H750XB_MQTT\EWARM\STM32H750XB_MQTT\Obj\Drivers\STM32H7xx_HAL_Driver\stm32h7xx_hal_tim.o
#        E:\STM32H750XB_MQTT\EWARM\STM32H750XB_MQTT\Obj\Drivers\STM32H7xx_HAL_Driver\stm32h7xx_hal_tim_ex.o
#        E:\STM32H750XB_MQTT\EWARM\STM32H750XB_MQTT\Obj\Application\User\Core\stm32h7xx_hal_timebase_tim.o
#        E:\STM32H750XB_MQTT\EWARM\STM32H750XB_MQTT\Obj\Drivers\STM32H7xx_HAL_Driver\stm32h7xx_hal_uart.o
#        E:\STM32H750XB_MQTT\EWARM\STM32H750XB_MQTT\Obj\Drivers\STM32H7xx_HAL_Driver\stm32h7xx_hal_uart_ex.o
#        E:\STM32H750XB_MQTT\EWARM\STM32H750XB_MQTT\Obj\Application\User\Core\stm32h7xx_it.o
#        E:\STM32H750XB_MQTT\EWARM\STM32H750XB_MQTT\Obj\Middlewares\FreeRTOS\stream_buffer.o
#        E:\STM32H750XB_MQTT\EWARM\STM32H750XB_MQTT\Obj\Middlewares\LwIP\sys.o
#        E:\STM32H750XB_MQTT\EWARM\STM32H750XB_MQTT\Obj\Middlewares\LwIP\sys_arch.o
#        E:\STM32H750XB_MQTT\EWARM\STM32H750XB_MQTT\Obj\Drivers\CMSIS\system_stm32h7xx.o
#        E:\STM32H750XB_MQTT\EWARM\STM32H750XB_MQTT\Obj\Middlewares\FreeRTOS\tasks.o
#        E:\STM32H750XB_MQTT\EWARM\STM32H750XB_MQTT\Obj\Middlewares\LwIP\tcp.o
#        E:\STM32H750XB_MQTT\EWARM\STM32H750XB_MQTT\Obj\Middlewares\LwIP\tcp_in.o
#        E:\STM32H750XB_MQTT\EWARM\STM32H750XB_MQTT\Obj\Middlewares\LwIP\tcp_out.o
#        E:\STM32H750XB_MQTT\EWARM\STM32H750XB_MQTT\Obj\Middlewares\LwIP\tcpip.o
#        E:\STM32H750XB_MQTT\EWARM\STM32H750XB_MQTT\Obj\Middlewares\LwIP\timeouts.o
#        E:\STM32H750XB_MQTT\EWARM\STM32H750XB_MQTT\Obj\Middlewares\FreeRTOS\timers.o
#        E:\STM32H750XB_MQTT\EWARM\STM32H750XB_MQTT\Obj\Middlewares\LwIP\udp.o
#        E:\STM32H750XB_MQTT\EWARM\STM32H750XB_MQTT\Obj\Middlewares\LwIP\upap.o
#        E:\STM32H750XB_MQTT\EWARM\STM32H750XB_MQTT\Obj\Application\User\Core\usart.o
#        E:\STM32H750XB_MQTT\EWARM\STM32H750XB_MQTT\Obj\Middlewares\LwIP\utils.o
#        E:\STM32H750XB_MQTT\EWARM\STM32H750XB_MQTT\Obj\Middlewares\LwIP\vj.o
#        E:\STM32H750XB_MQTT\EWARM\STM32H750XB_MQTT\Obj\Application\User\Core\write.o
#        E:\STM32H750XB_MQTT\EWARM\STM32H750XB_MQTT\Obj\Middlewares\LwIP\zepif.o
#        --no_out_extension -o
#        E:\STM32H750XB_MQTT\EWARM\STM32H750XB_MQTT\Exe\STM32H750XB_MQTT.out
#        --redirect _Printf=_PrintfFullNoMb --redirect _Scanf=_ScanfFullNoMb
#        --map
#        E:\STM32H750XB_MQTT\EWARM\STM32H750XB_MQTT\List\STM32H750XB_MQTT.map
#        --config E:\STM32H750XB_MQTT\EWARM/stm32h750xx_flash.icf --semihosting
#        --entry __iar_program_start --vfe --text_out locale --cpu=Cortex-M7
#        --fpu=VFPv5_d16)
#
###############################################################################

*******************************************************************************
*** RUNTIME MODEL ATTRIBUTES
***

CppFlavor       = *
__CPP_Runtime   = 1
__Heap_Handler  = Basic
__SystemLibrary = DLib
__dlib_version  = 6


*******************************************************************************
*** HEAP SELECTION
***

The basic heap was selected because --advanced_heap
was not specified and the application did not appear to
be primarily optimized for speed.


*******************************************************************************
*** PLACEMENT SUMMARY
***

"A0":  place at address 0x800'0000 { ro section .intvec };
"P1":  place in [from 0x800'0000 to 0x801'ffff] { ro };
define block CSTACK with size = 4K, alignment = 8 { };
define block HEAP with size = 4K, alignment = 8 { };
"P2":  place in [from 0x2000'0000 to 0x2001'ffff] {
          rw, block CSTACK, block HEAP };
initialize by copy { rw };

  Section            Kind         Address      Size  Object
  -------            ----         -------      ----  ------
"A0":                                         0x298
  .intvec            ro code   0x800'0000     0x298  startup_stm32h750xx.o [1]
                             - 0x800'0298     0x298

"P1":                                      0x1'178f
  .text              ro code   0x800'0298    0x1488  tcp_in.o [11]
  .text              ro code   0x800'1720      0x32  ip4_addr.o [11]
  .text              ro code   0x800'1752      0x26  def.o [11]
  .text              ro code   0x800'1778     0x8a4  pbuf.o [11]
  .text              ro code   0x800'201c    0x12a0  tcp.o [11]
  .text              ro code   0x800'32bc    0x1470  tcp_out.o [11]
  .text              ro code   0x800'472c     0x1f4  timeouts.o [11]
  .text              ro code   0x800'4920     0x3b8  ip4.o [11]
  .text              ro code   0x800'4cd8      0x28  printf.o [12]
  .text              ro code   0x800'4d00     0x134  sys_arch.o [11]
  .text              ro code   0x800'4e34     0x188  memp.o [11]
  .text              ro code   0x800'4fbc     0x228  tcpip.o [11]
  .text              ro code   0x800'51e4     0x54c  mem.o [11]
  .text              ro code   0x800'5730      0x18  ABImemcpy_small.o [14]
  .text              ro code   0x800'5748      0x9c  rand.o [12]
  .text              ro code   0x800'57e4     0x3f8  netif.o [11]
  .text              ro code   0x800'5bdc       0x6  ABImemclr4.o [14]
  .text              ro code   0x800'5be2      0x3a  packbits_init_single.o [14]
  .text              ro code   0x800'5c1c     0x58c  ethernetif.o [4]
  .text              ro code   0x800'61a8     0x1dc  icmp.o [11]
  .text              ro code   0x800'6384     0x884  ip4_frag.o [11]
  .text              ro code   0x800'6c08     0x23c  udp.o [11]
  .text              ro code   0x800'6e44     0xeaa  xprintffull_nomb.o [12]
  .rodata            const     0x800'7cee       0x2  memp.o [11]
  .text              ro code   0x800'7cf0     0x2c0  cmsis_os.o [10]
  .text              ro code   0x800'7fb0      0x26  init.o [11]
  .rodata            const     0x800'7fd6       0x2  memp.o [11]
  .text              ro code   0x800'7fd8     0x7f0  etharp.o [11]
  .text              ro code   0x800'87c8      0x32  ABImemset48.o [14]
  .rodata            const     0x800'87fa       0x2  memp.o [11]
  .text              ro code   0x800'87fc     0xf58  stm32h7xx_hal_eth.o [8]
  .text              ro code   0x800'9754       0x6  ABImemclr.o [14]
  .rodata            const     0x800'975a       0x2  memp.o [11]
  .text              ro code   0x800'975c     0x7a8  queue.o [10]
  .text              ro code   0x800'9f04     0x194  lan8742.o [5]
  .text              ro code   0x800'a098     0x23c  main.o [2]
  .text              ro code   0x800'a2d4       0xc  stm32h7xx_hal.o [8]
  .text              ro code   0x800'a2e0     0x23c  stm32h7xx_hal_gpio.o [8]
  .text              ro code   0x800'a51c     0x11c  stm32h7xx_hal_cortex.o [8]
  .text              ro code   0x800'a638      0xbc  inet_chksum.o [11]
  .text              ro code   0x800'a6f4      0x16  strchr.o [14]
  .rodata            const     0x800'a70a       0x2  memp.o [11]
  .text              ro code   0x800'a70c      0x40  xfail_s.o [12]
  .text              ro code   0x800'a74c      0x14  strlen_small.o [14]
  .text              ro code   0x800'a760      0x58  memchr.o [14]
  .text              ro code   0x800'a7b8      0x70  frexp.o [13]
  .text              ro code   0x800'a828      0x34  DblCmpLe.o [13]
  .text              ro code   0x800'a85c      0x34  DblCmpGe.o [13]
  .text              ro code   0x800'a890     0x104  ldexp.o [13]
  .text              ro code   0x800'a994       0xe  DblToS32.o [13]
  .text              ro code   0x800'a9a2       0xe  S32ToDbl.o [13]
  .text              ro code   0x800'a9b0      0x12  DblSub.o [13]
  .text              ro code   0x800'a9c2      0x12  DblDiv.o [13]
  .text              ro code   0x800'a9d4       0xe  DblToU32.o [13]
  .text              ro code   0x800'a9e2       0xe  U32ToDbl.o [13]
  .text              ro code   0x800'a9f0      0x12  DblMul.o [13]
  .rodata            const     0x800'aa02       0x2  memp.o [11]
  .text              ro code   0x800'aa04       0x8  xlocale_c.o [12]
  .text              ro code   0x800'aa0c     0x106  I64DivMod_small.o [14]
  .rodata            const     0x800'ab12       0x2  memp.o [11]
  .text              ro code   0x800'ab14     0x87c  tasks.o [10]
  .text              ro code   0x800'b390     0x110  ethernet.o [11]
  .text              ro code   0x800'b4a0      0x80  stm32h7xx_hal.o [8]
  .text              ro code   0x800'b520     0x3f4  stm32h7xx_hal_rcc.o [8]
  .text              ro code   0x800'b914       0x2  stm32h7xx_hal_eth.o [8]
  .text              ro code   0x800'b916       0x2  stm32h7xx_hal_eth.o [8]
  .text              ro code   0x800'b918       0x2  stm32h7xx_hal_eth.o [8]
  .rodata            const     0x800'b91a       0x2  memp.o [11]
  .text              ro code   0x800'b91c      0x12  ABImemset_small.o [14]
  .rodata            const     0x800'b92e       0x2  memp.o [11]
  .text              ro code   0x800'b930     0x1c6  port.o [10]
  .text              ro code   0x800'baf6      0x94  list.o [10]
  .rodata            const     0x800'bb8a       0x2  memp.o [11]
  .text              ro code   0x800'bb8c     0x1b0  heap_4.o [10]
  .text              ro code   0x800'bd3c      0x28  stm32h7xx_hal.o [8]
  .text              ro code   0x800'bd64      0x98  gpio.o [2]
  .text              ro code   0x800'bdfc      0xec  usart.o [2]
  .text              ro code   0x800'bee8     0x2f4  freertos.o [2]
  .text              ro code   0x800'c1dc      0x48  stm32h7xx_hal_pwr_ex.o [8]
  .text              ro code   0x800'c224     0x510  stm32h7xx_hal_rcc.o [8]
  .text              ro code   0x800'c734      0x10  stm32h7xx_hal.o [8]
  .text              ro code   0x800'c744       0x6  abort.o [12]
  .rodata            const     0x800'c74a       0x2  memp.o [11]
  .text              ro code   0x800'c74c       0x2  I64DivZer.o [14]
  .rodata            const     0x800'c74e       0x2  memp.o [11]
  .text              ro code   0x800'c750      0x1e  memcmp_small.o [14]
  .rodata            const     0x800'c76e       0x2  memp.o [11]
  .text              ro code   0x800'c770      0x90  stm32h7xx_hal_timebase_tim.o [2]
  .text              ro code   0x800'c800      0x28  stm32h7xx_hal_msp.o [2]
  .text              ro code   0x800'c828      0x2c  port.o [10]
  CODE               ro code   0x800'c854      0xb0  portasm.o [10]
  .text              ro code   0x800'c904      0x14  memset.o [14]
  .text              ro code   0x800'c918     0x7b4  stm32h7xx_hal_uart.o [8]
  .text              ro code   0x800'd0cc      0xf4  stm32h7xx_hal_uart_ex.o [8]
  .text              ro code   0x800'd1c0     0xbb0  stm32h7xx_hal_rcc_ex.o [8]
  .text              ro code   0x800'dd70    0x10a4  mqtt.o [11]
  .text              ro code   0x800'ee14      0x12  strcmp.o [14]
  .rodata            const     0x800'ee26       0x2  xlocale_c.o [12]
  .text              ro code   0x800'ee28      0xf8  lwip.o [3]
  .text              ro code   0x800'ef20      0x14  exit.o [15]
  .text              ro code   0x800'ef34     0x344  stm32h7xx_hal_tim.o [8]
  .text              ro code   0x800'f278       0x2  stm32h7xx_hal_tim.o [8]
  .text              ro code   0x800'f27a       0x2  stm32h7xx_hal_tim.o [8]
  .text              ro code   0x800'f27c       0x2  stm32h7xx_hal_tim.o [8]
  .text              ro code   0x800'f27e       0x2  stm32h7xx_hal_tim_ex.o [8]
  .text              ro code   0x800'f280       0x2  stm32h7xx_hal_tim_ex.o [8]
  .text              ro code   0x800'f282       0x2  stm32h7xx_hal_tim.o [8]
  .text              ro code   0x800'f284       0x2  stm32h7xx_hal_tim_ex.o [8]
  .text              ro code   0x800'f286       0x2  stm32h7xx_hal_tim.o [8]
  .rodata            const     0x800'f288     0x650  mqtt.o [11]
  .rodata            const     0x800'f8d8     0x520  tcp_out.o [11]
  .rodata            const     0x800'fdf8     0x498  tcp.o [11]
  .rodata            const     0x801'0290     0x284  tcp_in.o [11]
  .rodata            const     0x801'0514     0x278  pbuf.o [11]
  .rodata            const     0x801'078c     0x1f4  etharp.o [11]
  .rodata            const     0x801'0980     0x198  mem.o [11]
  .rodata            const     0x801'0b18     0x150  netif.o [11]
  .rodata            const     0x801'0c68     0x150  udp.o [11]
  .rodata            const     0x801'0db8     0x108  icmp.o [11]
  .rodata            const     0x801'0ec0      0xf4  ip4_frag.o [11]
  .rodata            const     0x801'0fb4      0xe8  timeouts.o [11]
  .text              ro code   0x801'109c      0xd4  system_stm32h7xx.o [6]
  .rodata            const     0x801'1170      0xc4  memp.o [11]
  .rodata            const     0x801'1234      0xb4  tcpip.o [11]
  .rodata            const     0x801'12e8      0xa4  ethernet.o [11]
  .rodata            const     0x801'138c      0xa0  ip4.o [11]
  .rodata            const     0x801'142c      0x60  freertos.o [2]
  .rodata            const     0x801'148c      0x5c  freertos.o [2]
  .rodata            const     0x801'14e8      0x58  ethernetif.o [4]
  .text              ro code   0x801'1540      0x44  putchar.o [12]
  .text              ro code   0x801'1584      0x30  write.o [2]
  .text              ro code   0x801'15b4      0x38  zero_init3.o [14]
  .rodata            const     0x801'15ec      0x34  freertos.o [2]
  .text              ro code   0x801'1620      0x28  data_init.o [14]
  .text              ro code   0x801'1648      0x22  fpinit_M.o [13]
  .iar.init_table    const     0x801'166c      0x28  - Linker created -
  .rodata            const     0x801'1694       0x1  xlocale_c.o [12]
  .text              ro code   0x801'1698      0x20  stm32h7xx_it.o [2]
  .text              ro code   0x801'16b8      0x1e  cmain.o [14]
  .text              ro code   0x801'16d6       0x4  low_level_init.o [12]
  .text              ro code   0x801'16da       0x4  exit.o [12]
  .text              ro code   0x801'16e0       0xa  cexit.o [14]
  .text              ro code   0x801'16ec      0x1c  cstartup_M.o [14]
  .text              ro code   0x801'1708      0x16  xprout.o [12]
  .rodata            const     0x801'1720      0x10  freertos.o [2]
  .text              ro code   0x801'1730      0x10  startup_stm32h750xx.o [1]
  .rodata            const     0x801'1740       0xc  freertos.o [2]
  .rodata            const     0x801'174c       0x8  ethernet.o [11]
  .rodata            const     0x801'1754       0x8  ethernetif.o [4]
  .rodata            const     0x801'175c       0x8  lwip.o [3]
  .rodata            const     0x801'1764       0x4  ip4_addr.o [11]
  .text              ro code   0x801'1768       0x4  startup_stm32h750xx.o [1]
  .text              ro code   0x801'176c       0x4  startup_stm32h750xx.o [1]
  .text              ro code   0x801'1770       0x4  startup_stm32h750xx.o [1]
  .text              ro code   0x801'1774       0x4  startup_stm32h750xx.o [1]
  .text              ro code   0x801'1778       0x4  startup_stm32h750xx.o [1]
  .text              ro code   0x801'177c       0x4  startup_stm32h750xx.o [1]
  .text              ro code   0x801'1780       0x4  startup_stm32h750xx.o [1]
  .text              ro code   0x801'1784       0x4  startup_stm32h750xx.o [1]
  .text              ro code   0x801'1788       0x4  startup_stm32h750xx.o [1]
  .text              ro code   0x801'178c       0x4  startup_stm32h750xx.o [1]
  .text              ro code   0x801'1790       0x4  startup_stm32h750xx.o [1]
  .text              ro code   0x801'1794       0x4  startup_stm32h750xx.o [1]
  .text              ro code   0x801'1798       0x4  startup_stm32h750xx.o [1]
  .text              ro code   0x801'179c       0x4  startup_stm32h750xx.o [1]
  .text              ro code   0x801'17a0       0x4  startup_stm32h750xx.o [1]
  .text              ro code   0x801'17a4       0x4  startup_stm32h750xx.o [1]
  .text              ro code   0x801'17a8       0x4  startup_stm32h750xx.o [1]
  .text              ro code   0x801'17ac       0x4  startup_stm32h750xx.o [1]
  .text              ro code   0x801'17b0       0x4  startup_stm32h750xx.o [1]
  .text              ro code   0x801'17b4       0x4  startup_stm32h750xx.o [1]
  .text              ro code   0x801'17b8       0x4  startup_stm32h750xx.o [1]
  .text              ro code   0x801'17bc       0x4  startup_stm32h750xx.o [1]
  .text              ro code   0x801'17c0       0x4  startup_stm32h750xx.o [1]
  .text              ro code   0x801'17c4       0x4  startup_stm32h750xx.o [1]
  .text              ro code   0x801'17c8       0x4  startup_stm32h750xx.o [1]
  .text              ro code   0x801'17cc       0x4  startup_stm32h750xx.o [1]
  .text              ro code   0x801'17d0       0x4  startup_stm32h750xx.o [1]
  .text              ro code   0x801'17d4       0x4  startup_stm32h750xx.o [1]
  .text              ro code   0x801'17d8       0x4  startup_stm32h750xx.o [1]
  .text              ro code   0x801'17dc       0x4  startup_stm32h750xx.o [1]
  .text              ro code   0x801'17e0       0x4  startup_stm32h750xx.o [1]
  .text              ro code   0x801'17e4       0x4  startup_stm32h750xx.o [1]
  .text              ro code   0x801'17e8       0x4  startup_stm32h750xx.o [1]
  .text              ro code   0x801'17ec       0x4  startup_stm32h750xx.o [1]
  .text              ro code   0x801'17f0       0x4  startup_stm32h750xx.o [1]
  .text              ro code   0x801'17f4       0x4  startup_stm32h750xx.o [1]
  .text              ro code   0x801'17f8       0x4  startup_stm32h750xx.o [1]
  .text              ro code   0x801'17fc       0x4  startup_stm32h750xx.o [1]
  .text              ro code   0x801'1800       0x4  startup_stm32h750xx.o [1]
  .text              ro code   0x801'1804       0x4  startup_stm32h750xx.o [1]
  .text              ro code   0x801'1808       0x4  startup_stm32h750xx.o [1]
  .text              ro code   0x801'180c       0x4  startup_stm32h750xx.o [1]
  .text              ro code   0x801'1810       0x4  startup_stm32h750xx.o [1]
  .text              ro code   0x801'1814       0x4  startup_stm32h750xx.o [1]
  .text              ro code   0x801'1818       0x4  startup_stm32h750xx.o [1]
  .text              ro code   0x801'181c       0x4  startup_stm32h750xx.o [1]
  .text              ro code   0x801'1820       0x4  startup_stm32h750xx.o [1]
  .text              ro code   0x801'1824       0x4  startup_stm32h750xx.o [1]
  .text              ro code   0x801'1828       0x4  startup_stm32h750xx.o [1]
  .text              ro code   0x801'182c       0x4  startup_stm32h750xx.o [1]
  .text              ro code   0x801'1830       0x4  startup_stm32h750xx.o [1]
  .text              ro code   0x801'1834       0x4  startup_stm32h750xx.o [1]
  .text              ro code   0x801'1838       0x4  startup_stm32h750xx.o [1]
  .text              ro code   0x801'183c       0x4  startup_stm32h750xx.o [1]
  .text              ro code   0x801'1840       0x4  startup_stm32h750xx.o [1]
  .text              ro code   0x801'1844       0x4  startup_stm32h750xx.o [1]
  .text              ro code   0x801'1848       0x4  startup_stm32h750xx.o [1]
  .text              ro code   0x801'184c       0x4  startup_stm32h750xx.o [1]
  .text              ro code   0x801'1850       0x4  startup_stm32h750xx.o [1]
  .text              ro code   0x801'1854       0x4  startup_stm32h750xx.o [1]
  .text              ro code   0x801'1858       0x4  startup_stm32h750xx.o [1]
  .text              ro code   0x801'185c       0x4  startup_stm32h750xx.o [1]
  .text              ro code   0x801'1860       0x4  startup_stm32h750xx.o [1]
  .text              ro code   0x801'1864       0x4  startup_stm32h750xx.o [1]
  .text              ro code   0x801'1868       0x4  startup_stm32h750xx.o [1]
  .text              ro code   0x801'186c       0x4  startup_stm32h750xx.o [1]
  .text              ro code   0x801'1870       0x4  startup_stm32h750xx.o [1]
  .text              ro code   0x801'1874       0x4  startup_stm32h750xx.o [1]
  .text              ro code   0x801'1878       0x4  startup_stm32h750xx.o [1]
  .text              ro code   0x801'187c       0x4  startup_stm32h750xx.o [1]
  .text              ro code   0x801'1880       0x4  startup_stm32h750xx.o [1]
  .text              ro code   0x801'1884       0x4  startup_stm32h750xx.o [1]
  .text              ro code   0x801'1888       0x4  startup_stm32h750xx.o [1]
  .text              ro code   0x801'188c       0x4  startup_stm32h750xx.o [1]
  .text              ro code   0x801'1890       0x4  startup_stm32h750xx.o [1]
  .text              ro code   0x801'1894       0x4  startup_stm32h750xx.o [1]
  .text              ro code   0x801'1898       0x4  startup_stm32h750xx.o [1]
  .text              ro code   0x801'189c       0x4  startup_stm32h750xx.o [1]
  .text              ro code   0x801'18a0       0x4  startup_stm32h750xx.o [1]
  .text              ro code   0x801'18a4       0x4  startup_stm32h750xx.o [1]
  .text              ro code   0x801'18a8       0x4  startup_stm32h750xx.o [1]
  .text              ro code   0x801'18ac       0x4  startup_stm32h750xx.o [1]
  .text              ro code   0x801'18b0       0x4  startup_stm32h750xx.o [1]
  .text              ro code   0x801'18b4       0x4  startup_stm32h750xx.o [1]
  .text              ro code   0x801'18b8       0x4  startup_stm32h750xx.o [1]
  .text              ro code   0x801'18bc       0x4  startup_stm32h750xx.o [1]
  .text              ro code   0x801'18c0       0x4  startup_stm32h750xx.o [1]
  .text              ro code   0x801'18c4       0x4  startup_stm32h750xx.o [1]
  .text              ro code   0x801'18c8       0x4  startup_stm32h750xx.o [1]
  .text              ro code   0x801'18cc       0x4  startup_stm32h750xx.o [1]
  .text              ro code   0x801'18d0       0x4  startup_stm32h750xx.o [1]
  .text              ro code   0x801'18d4       0x4  startup_stm32h750xx.o [1]
  .text              ro code   0x801'18d8       0x4  startup_stm32h750xx.o [1]
  .text              ro code   0x801'18dc       0x4  startup_stm32h750xx.o [1]
  .text              ro code   0x801'18e0       0x4  startup_stm32h750xx.o [1]
  .text              ro code   0x801'18e4       0x4  startup_stm32h750xx.o [1]
  .text              ro code   0x801'18e8       0x4  startup_stm32h750xx.o [1]
  .text              ro code   0x801'18ec       0x4  startup_stm32h750xx.o [1]
  .text              ro code   0x801'18f0       0x4  startup_stm32h750xx.o [1]
  .text              ro code   0x801'18f4       0x4  startup_stm32h750xx.o [1]
  .text              ro code   0x801'18f8       0x4  startup_stm32h750xx.o [1]
  .text              ro code   0x801'18fc       0x4  startup_stm32h750xx.o [1]
  .text              ro code   0x801'1900       0x4  startup_stm32h750xx.o [1]
  .text              ro code   0x801'1904       0x4  startup_stm32h750xx.o [1]
  .text              ro code   0x801'1908       0x4  startup_stm32h750xx.o [1]
  .text              ro code   0x801'190c       0x4  startup_stm32h750xx.o [1]
  .text              ro code   0x801'1910       0x4  startup_stm32h750xx.o [1]
  .text              ro code   0x801'1914       0x4  startup_stm32h750xx.o [1]
  .text              ro code   0x801'1918       0x4  startup_stm32h750xx.o [1]
  .text              ro code   0x801'191c       0x4  startup_stm32h750xx.o [1]
  .text              ro code   0x801'1920       0x4  startup_stm32h750xx.o [1]
  .text              ro code   0x801'1924       0x4  startup_stm32h750xx.o [1]
  .text              ro code   0x801'1928       0x4  startup_stm32h750xx.o [1]
  .text              ro code   0x801'192c       0x4  startup_stm32h750xx.o [1]
  .text              ro code   0x801'1930       0x4  startup_stm32h750xx.o [1]
  .text              ro code   0x801'1934       0x4  startup_stm32h750xx.o [1]
  .text              ro code   0x801'1938       0x4  startup_stm32h750xx.o [1]
  .text              ro code   0x801'193c       0x4  startup_stm32h750xx.o [1]
  .text              ro code   0x801'1940       0x4  startup_stm32h750xx.o [1]
  .text              ro code   0x801'1944       0x4  startup_stm32h750xx.o [1]
  .text              ro code   0x801'1948       0x4  startup_stm32h750xx.o [1]
  .text              ro code   0x801'194c       0x4  startup_stm32h750xx.o [1]
  .text              ro code   0x801'1950       0x4  startup_stm32h750xx.o [1]
  .text              ro code   0x801'1954       0x4  startup_stm32h750xx.o [1]
  .text              ro code   0x801'1958       0x4  startup_stm32h750xx.o [1]
  .text              ro code   0x801'195c       0x4  startup_stm32h750xx.o [1]
  .text              ro code   0x801'1960       0x4  startup_stm32h750xx.o [1]
  .text              ro code   0x801'1964       0x4  startup_stm32h750xx.o [1]
  .text              ro code   0x801'1968       0x4  startup_stm32h750xx.o [1]
  .text              ro code   0x801'196c       0x4  startup_stm32h750xx.o [1]
  .text              ro code   0x801'1970       0x4  startup_stm32h750xx.o [1]
  .text              ro code   0x801'1974       0x4  startup_stm32h750xx.o [1]
  .text              ro code   0x801'1978       0x4  startup_stm32h750xx.o [1]
  .text              ro code   0x801'197c       0x4  startup_stm32h750xx.o [1]
  .text              ro code   0x801'1980       0x4  startup_stm32h750xx.o [1]
  .text              ro code   0x801'1984       0x4  startup_stm32h750xx.o [1]
  .text              ro code   0x801'1988       0x4  startup_stm32h750xx.o [1]
  .text              ro code   0x801'198c       0x4  startup_stm32h750xx.o [1]
  .rodata            const     0x801'1990       0x0  zero_init3.o [14]
  .rodata            const     0x801'1990       0x0  packbits_init_single.o [14]
  Initializer bytes  const     0x801'1990      0x97  <for P2-1>
                             - 0x801'1a27  0x1'178f

"P2", part 1 of 3:                            0x146
  P2-1                        0x2000'0000     0x146  <Init block>
    .data            inited   0x2000'0000      0x78  ethernetif.o [4]
    .data            inited   0x2000'0078       0xc  port.o [10]
    .data            inited   0x2000'0084       0xc  stm32h7xx_hal.o [8]
    .data            inited   0x2000'0090       0x8  system_stm32h7xx.o [6]
    .data            inited   0x2000'0098      0x1c  tcp.o [11]
    .data            inited   0x2000'00b4       0x8  udp.o [11]
    .data            inited   0x2000'00bc       0x8  rand.o [12]
    .data            inited   0x2000'00c4      0x38  xlocale_c.o [12]
    .data            inited   0x2000'00fc      0x48  xfiles.o [12]
    .data            inited   0x2000'0144       0x2  tcp.o [11]
                            - 0x2000'0146     0x146

"P2", part 2 of 3:                           0x43ec
  .bss               zero     0x2000'0148    0x3c20  heap_4.o [10]
  .bss               zero     0x2000'3d68     0x254  freertos.o [2]
  .bss               zero     0x2000'3fbc      0xf0  etharp.o [11]
  .bss               zero     0x2000'40ac      0xb0  ethernetif.o [4]
  .bss               zero     0x2000'415c      0x9c  tasks.o [10]
  .bss               zero     0x2000'41f8      0x94  usart.o [2]
  .bss               zero     0x2000'428c      0x8c  tasks.o [10]
  .bss               zero     0x2000'4318      0x84  rand.o [12]
  .bss               zero     0x2000'439c      0x50  lwip.o [3]
  .bss               zero     0x2000'43ec      0x50  xfiles.o [12]
  .bss               zero     0x2000'443c      0x4c  stm32h7xx_hal_timebase_tim.o [2]
  .bss               zero     0x2000'4488      0x38  tcp_in.o [11]
  .bss               zero     0x2000'44c0      0x18  ip.o [11]
  .bss               zero     0x2000'44d8      0x10  mem.o [11]
  .bss               zero     0x2000'44e8      0x10  tcpip.o [11]
  .bss               zero     0x2000'44f8       0xc  netif.o [11]
  .bss               zero     0x2000'4504       0x8  freertos.o [2]
  .bss               zero     0x2000'450c       0x8  ip4_frag.o [11]
  .bss               zero     0x2000'4514       0x8  timeouts.o [11]
  .bss               zero     0x2000'451c       0x4  freertos.o [2]
  .bss               zero     0x2000'4520       0x4  sys_arch.o [11]
  .bss               zero     0x2000'4524       0x4  timeouts.o [11]
  .bss               zero     0x2000'4528       0x4  xfail_s.o [12]
  .bss               zero     0x2000'452c       0x2  ip4.o [11]
  .bss               zero     0x2000'452e       0x1  etharp.o [11]
  .bss               zero     0x2000'452f       0x1  pbuf.o [11]
  .bss               zero     0x2000'4530       0x1  tcp.o [11]
                            - 0x2000'4531    0x43e9

"P2", part 3 of 3:                           0x1000
  CSTACK                      0x2000'4538    0x1000  <Block>
    CSTACK           uninit   0x2000'4538    0x1000  <Block tail>
                            - 0x2000'5538    0x1000

Absolute sections:                             0xc0
  .bss               zero     0x3004'0000      0x60  ethernetif.o [4]
  .bss               zero     0x3004'0060      0x60  ethernetif.o [4]
                            - 0x3004'00c0      0xc0

Unused ranges:

         From           To      Size
         ----           --      ----
   0x801'1a27   0x801'ffff    0xe5d9
  0x2000'0146  0x2000'0147       0x2
  0x2000'4534  0x2000'4537       0x4
  0x2000'5538  0x2001'ffff  0x1'aac8


*******************************************************************************
*** INIT TABLE
***

          Address      Size
          -------      ----
Zero (__iar_zero_init3)
    2 destination ranges, total size 0x44a9:
          0x2000'0148  0x43e9
          0x3004'0000    0xc0

Copy/packbits (__iar_packbits_init_single3)
    1 source range, total size 0x97 (46% of destination):
           0x801'1990    0x97
    1 destination range, total size 0x146:
          0x2000'0000   0x146



*******************************************************************************
*** MODULE SUMMARY
***

    Module                        ro code  ro data  rw data  rw data
                                                              (abs)
    ------                        -------  -------  -------  -------
command line/config:
    ----------------------------------------------------------------
    Total:

E:\STM32H750XB_MQTT\EWARM\STM32H750XB_MQTT\Obj\Application\EWARM: [1]
    startup_stm32h750xx.o           1'232
    ----------------------------------------------------------------
    Total:                          1'232

E:\STM32H750XB_MQTT\EWARM\STM32H750XB_MQTT\Obj\Application\User\Core: [2]
    freertos.o                        756      268      608
    gpio.o                            152
    main.o                            572
    stm32h7xx_hal_msp.o                40
    stm32h7xx_hal_timebase_tim.o      144                76
    stm32h7xx_it.o                     32
    usart.o                           236               148
    write.o                            48
    ----------------------------------------------------------------
    Total:                          1'980      268      832

E:\STM32H750XB_MQTT\EWARM\STM32H750XB_MQTT\Obj\Application\User\LWIP\App: [3]
    lwip.o                            248        8       80
    ----------------------------------------------------------------
    Total:                            248        8       80

E:\STM32H750XB_MQTT\EWARM\STM32H750XB_MQTT\Obj\Application\User\LWIP\Target: [4]
    ethernetif.o                    1'420      151      296      192
    ----------------------------------------------------------------
    Total:                          1'420      151      296      192

E:\STM32H750XB_MQTT\EWARM\STM32H750XB_MQTT\Obj\Drivers\BSP\Components: [5]
    lan8742.o                         404
    ----------------------------------------------------------------
    Total:                            404

E:\STM32H750XB_MQTT\EWARM\STM32H750XB_MQTT\Obj\Drivers\CMSIS: [6]
    system_stm32h7xx.o                212        4        8
    ----------------------------------------------------------------
    Total:                            212        4        8

E:\STM32H750XB_MQTT\EWARM\STM32H750XB_MQTT\Obj\Drivers\MQTT: [7]
    ----------------------------------------------------------------
    Total:

E:\STM32H750XB_MQTT\EWARM\STM32H750XB_MQTT\Obj\Drivers\STM32H7xx_HAL_Driver: [8]
    stm32h7xx_hal.o                   196        5       12
    stm32h7xx_hal_cortex.o            284
    stm32h7xx_hal_eth.o             3'934
    stm32h7xx_hal_gpio.o              572
    stm32h7xx_hal_pwr_ex.o             72
    stm32h7xx_hal_rcc.o             2'308
    stm32h7xx_hal_rcc_ex.o          2'992
    stm32h7xx_hal_tim.o               846
    stm32h7xx_hal_tim_ex.o              6
    stm32h7xx_hal_uart.o            1'972
    stm32h7xx_hal_uart_ex.o           244
    ----------------------------------------------------------------
    Total:                         13'426        5       12

E:\STM32H750XB_MQTT\EWARM\STM32H750XB_MQTT\Obj\Drivers\cJSON: [9]
    ----------------------------------------------------------------
    Total:

E:\STM32H750XB_MQTT\EWARM\STM32H750XB_MQTT\Obj\Middlewares\FreeRTOS: [10]
    cmsis_os.o                        704
    heap_4.o                          432            15'392
    list.o                            148
    port.o                            498        6       12
    portasm.o                         176
    queue.o                         1'960
    tasks.o                         2'172               296
    ----------------------------------------------------------------
    Total:                          6'090        6   15'700

E:\STM32H750XB_MQTT\EWARM\STM32H750XB_MQTT\Obj\Middlewares\LwIP: [11]
    def.o                              38
    etharp.o                        2'032      500      241
    ethernet.o                        272      172
    icmp.o                            476      264
    inet_chksum.o                     188
    init.o                             38
    ip.o                                                 24
    ip4.o                             952      160        2
    ip4_addr.o                         50        4
    ip4_frag.o                      2'180      244        8
    mem.o                           1'356      408       16
    memp.o                            392      222
    mqtt.o                          4'260    1'616
    netif.o                         1'016      336       12
    pbuf.o                          2'212      632        1
    sys_arch.o                        308                 4
    tcp.o                           4'768    1'190       31
    tcp_in.o                        5'256      644       56
    tcp_out.o                       5'232    1'312
    tcpip.o                           552      180       16
    timeouts.o                        500      232       12
    udp.o                             572      340        8
    ----------------------------------------------------------------
    Total:                         32'650    8'456      431

dl7M_tlf.a: [12]
    abort.o                             6
    exit.o                              4
    low_level_init.o                    4
    printf.o                           40
    putchar.o                          68
    rand.o                            156        3      140
    xfail_s.o                          64                 4
    xfiles.o                                    34      152
    xlocale_c.o                         8       29       56
    xprintffull_nomb.o              3'754
    xprout.o                           22
    ----------------------------------------------------------------
    Total:                          4'126       66      352

m7M_tlv.a: [13]
    DblCmpGe.o                         52
    DblCmpLe.o                         52
    DblDiv.o                           18
    DblMul.o                           18
    DblSub.o                           18
    DblToS32.o                         14
    DblToU32.o                         14
    S32ToDbl.o                         14
    U32ToDbl.o                         14
    fpinit_M.o                         34
    frexp.o                           112
    ldexp.o                           260
    ----------------------------------------------------------------
    Total:                            620

rt7M_tl.a: [14]
    ABImemclr.o                         6
    ABImemclr4.o                        6
    ABImemcpy_small.o                  24
    ABImemset48.o                      50
    ABImemset_small.o                  18
    I64DivMod_small.o                 262
    I64DivZer.o                         2
    cexit.o                            10
    cmain.o                            30
    cstartup_M.o                       28
    data_init.o                        40
    memchr.o                           88
    memcmp_small.o                     30
    memset.o                           20
    packbits_init_single.o             58
    strchr.o                           22
    strcmp.o                           18
    strlen_small.o                     20
    zero_init3.o                       56
    ----------------------------------------------------------------
    Total:                            788

shb_l.a: [15]
    exit.o                             20
    ----------------------------------------------------------------
    Total:                             20

    Gaps                                7        4
    Linker created                              40    4'096
--------------------------------------------------------------------
    Grand Total:                   63'223    9'008   21'807      192


*******************************************************************************
*** ENTRY LIST
***

Entry                       Address    Size  Type      Object
-----                       -------    ----  ----      ------
.iar.init_table$$Base    0x801'166c           --   Gb  - Linker created -
.iar.init_table$$Limit   0x801'1694           --   Gb  - Linker created -
?main                    0x801'16b9          Code  Gb  cmain.o [14]
ADC3_IRQHandler          0x801'1941          Code  Wk  startup_stm32h750xx.o [1]
ADC_IRQHandler           0x801'17b1          Code  Wk  startup_stm32h750xx.o [1]
BDMA_Channel0_IRQHandler
                         0x801'1949          Code  Wk  startup_stm32h750xx.o [1]
BDMA_Channel1_IRQHandler
                         0x801'194d          Code  Wk  startup_stm32h750xx.o [1]
BDMA_Channel2_IRQHandler
                         0x801'1951          Code  Wk  startup_stm32h750xx.o [1]
BDMA_Channel3_IRQHandler
                         0x801'1955          Code  Wk  startup_stm32h750xx.o [1]
BDMA_Channel4_IRQHandler
                         0x801'1959          Code  Wk  startup_stm32h750xx.o [1]
BDMA_Channel5_IRQHandler
                         0x801'195d          Code  Wk  startup_stm32h750xx.o [1]
BDMA_Channel6_IRQHandler
                         0x801'1961          Code  Wk  startup_stm32h750xx.o [1]
BDMA_Channel7_IRQHandler
                         0x801'1965          Code  Wk  startup_stm32h750xx.o [1]
BusFault_Handler         0x801'169f     0x2  Code  Gb  stm32h7xx_it.o [2]
CEC_IRQHandler           0x801'18c5          Code  Wk  startup_stm32h750xx.o [1]
COMP1_IRQHandler         0x801'1969          Code  Wk  startup_stm32h750xx.o [1]
CRS_IRQHandler           0x801'1981          Code  Wk  startup_stm32h750xx.o [1]
CRYP_IRQHandler          0x801'1889          Code  Wk  startup_stm32h750xx.o [1]
CSTACK$$Base            0x2000'4538           --   Gb  - Linker created -
CSTACK$$Limit           0x2000'5538           --   Gb  - Linker created -
D1CorePrescTable         0x801'1160    0x10  Data  Gb  system_stm32h7xx.o [6]
DCMI_IRQHandler          0x801'1885          Code  Wk  startup_stm32h750xx.o [1]
DFSDM1_FLT0_IRQHandler   0x801'1905          Code  Wk  startup_stm32h750xx.o [1]
DFSDM1_FLT1_IRQHandler   0x801'1909          Code  Wk  startup_stm32h750xx.o [1]
DFSDM1_FLT2_IRQHandler   0x801'190d          Code  Wk  startup_stm32h750xx.o [1]
DFSDM1_FLT3_IRQHandler   0x801'1911          Code  Wk  startup_stm32h750xx.o [1]
DMA1_Stream0_IRQHandler
                         0x801'1795          Code  Wk  startup_stm32h750xx.o [1]
DMA1_Stream1_IRQHandler
                         0x801'1799          Code  Wk  startup_stm32h750xx.o [1]
DMA1_Stream2_IRQHandler
                         0x801'179d          Code  Wk  startup_stm32h750xx.o [1]
DMA1_Stream3_IRQHandler
                         0x801'17a1          Code  Wk  startup_stm32h750xx.o [1]
DMA1_Stream4_IRQHandler
                         0x801'17a5          Code  Wk  startup_stm32h750xx.o [1]
DMA1_Stream5_IRQHandler
                         0x801'17a9          Code  Wk  startup_stm32h750xx.o [1]
DMA1_Stream6_IRQHandler
                         0x801'17ad          Code  Wk  startup_stm32h750xx.o [1]
DMA1_Stream7_IRQHandler
                         0x801'1821          Code  Wk  startup_stm32h750xx.o [1]
DMA2D_IRQHandler         0x801'18b5          Code  Wk  startup_stm32h750xx.o [1]
DMA2_Stream0_IRQHandler
                         0x801'1841          Code  Wk  startup_stm32h750xx.o [1]
DMA2_Stream1_IRQHandler
                         0x801'1845          Code  Wk  startup_stm32h750xx.o [1]
DMA2_Stream2_IRQHandler
                         0x801'1849          Code  Wk  startup_stm32h750xx.o [1]
DMA2_Stream3_IRQHandler
                         0x801'184d          Code  Wk  startup_stm32h750xx.o [1]
DMA2_Stream4_IRQHandler
                         0x801'1851          Code  Wk  startup_stm32h750xx.o [1]
DMA2_Stream5_IRQHandler
                         0x801'185d          Code  Wk  startup_stm32h750xx.o [1]
DMA2_Stream6_IRQHandler
                         0x801'1861          Code  Wk  startup_stm32h750xx.o [1]
DMA2_Stream7_IRQHandler
                         0x801'1865          Code  Wk  startup_stm32h750xx.o [1]
DMAMUX1_OVR_IRQHandler   0x801'18e5          Code  Wk  startup_stm32h750xx.o [1]
DMAMUX2_OVR_IRQHandler   0x801'1945          Code  Wk  startup_stm32h750xx.o [1]
DMARxDscrTab            0x3004'0000    0x60  Data  Gb  ethernetif.o [4]
DMATxDscrTab            0x3004'0060    0x60  Data  Gb  ethernetif.o [4]
DebugMon_Handler         0x801'16a3     0x2  Code  Gb  stm32h7xx_it.o [2]
ECC_IRQHandler           0x801'1985          Code  Wk  startup_stm32h750xx.o [1]
ETH_IRQHandler           0x801'16ab     0x6  Code  Gb  stm32h7xx_it.o [2]
ETH_PHY_IO_DeInit        0x800'5fd7     0x4  Code  Gb  ethernetif.o [4]
ETH_PHY_IO_GetTick       0x800'6001     0x4  Code  Gb  ethernetif.o [4]
ETH_PHY_IO_Init          0x800'5fcb     0xc  Code  Gb  ethernetif.o [4]
ETH_PHY_IO_ReadReg       0x800'5fdb    0x10  Code  Gb  ethernetif.o [4]
ETH_PHY_IO_WriteReg      0x800'5feb     0xe  Code  Gb  ethernetif.o [4]
ETH_Prepare_Tx_Descriptors
                         0x800'937d   0x38c  Code  Lc  stm32h7xx_hal_eth.o [8]
ETH_SetDMAConfig         0x800'92fd    0x78  Code  Lc  stm32h7xx_hal_eth.o [8]
ETH_SetMACConfig         0x800'918f   0x16e  Code  Lc  stm32h7xx_hal_eth.o [8]
ETH_UpdateDescriptor     0x800'8cf5    0x6e  Code  Lc  stm32h7xx_hal_eth.o [8]
ETH_WKUP_IRQHandler      0x801'1855          Code  Wk  startup_stm32h750xx.o [1]
EXTI0_IRQHandler         0x801'1781          Code  Wk  startup_stm32h750xx.o [1]
EXTI15_10_IRQHandler     0x801'1809          Code  Wk  startup_stm32h750xx.o [1]
EXTI1_IRQHandler         0x801'1785          Code  Wk  startup_stm32h750xx.o [1]
EXTI2_IRQHandler         0x801'1789          Code  Wk  startup_stm32h750xx.o [1]
EXTI3_IRQHandler         0x801'178d          Code  Wk  startup_stm32h750xx.o [1]
EXTI4_IRQHandler         0x801'1791          Code  Wk  startup_stm32h750xx.o [1]
EXTI9_5_IRQHandler       0x801'17c5          Code  Wk  startup_stm32h750xx.o [1]
Error_Handler            0x800'a2bd     0x4  Code  Gb  main.o [2]
FDCAN1_IT0_IRQHandler    0x801'17b5          Code  Wk  startup_stm32h750xx.o [1]
FDCAN1_IT1_IRQHandler    0x801'17bd          Code  Wk  startup_stm32h750xx.o [1]
FDCAN2_IT0_IRQHandler    0x801'17b9          Code  Wk  startup_stm32h750xx.o [1]
FDCAN2_IT1_IRQHandler    0x801'17c1          Code  Wk  startup_stm32h750xx.o [1]
FDCAN_CAL_IRQHandler     0x801'1859          Code  Wk  startup_stm32h750xx.o [1]
FLASH_IRQHandler         0x801'1779          Code  Wk  startup_stm32h750xx.o [1]
FMC_IRQHandler           0x801'1825          Code  Wk  startup_stm32h750xx.o [1]
FPU_IRQHandler           0x801'1891          Code  Wk  startup_stm32h750xx.o [1]
GATEWAY_ADDRESS         0x2000'43dc     0x4  Data  Gb  lwip.o [3]
HAL_Delay                0x800'bd3d    0x28  Code  Wk  stm32h7xx_hal.o [8]
HAL_ETH_EEECallback      0x800'b917     0x2  Code  Wk  stm32h7xx_hal_eth.o [8]
HAL_ETH_ErrorCallback    0x800'5c31    0x14  Code  Gb  ethernetif.o [4]
HAL_ETH_GetDMAError      0x800'9189     0x6  Code  Gb  stm32h7xx_hal_eth.o [8]
HAL_ETH_GetMACConfig     0x800'8f63   0x192  Code  Gb  stm32h7xx_hal_eth.o [8]
HAL_ETH_IRQHandler       0x800'8da7   0x108  Code  Gb  stm32h7xx_hal_eth.o [8]
HAL_ETH_Init             0x800'87fd   0x26e  Code  Gb  stm32h7xx_hal_eth.o [8]
HAL_ETH_MspInit          0x800'5ec7    0xee  Code  Gb  ethernetif.o [4]
HAL_ETH_PMTCallback      0x800'b915     0x2  Code  Wk  stm32h7xx_hal_eth.o [8]
HAL_ETH_ReadData         0x800'8c07    0xee  Code  Gb  stm32h7xx_hal_eth.o [8]
HAL_ETH_ReadPHYRegister
                         0x800'8eaf    0x5a  Code  Gb  stm32h7xx_hal_eth.o [8]
HAL_ETH_ReleaseTxPacket
                         0x800'8d63    0x44  Code  Gb  stm32h7xx_hal_eth.o [8]
HAL_ETH_RxAllocateCallback
                         0x800'60b1    0x3c  Code  Gb  ethernetif.o [4]
HAL_ETH_RxCpltCallback   0x800'5c1d     0xa  Code  Gb  ethernetif.o [4]
HAL_ETH_RxLinkCallback   0x800'60ed    0x50  Code  Gb  ethernetif.o [4]
HAL_ETH_SetMACConfig     0x800'90ff    0x18  Code  Gb  stm32h7xx_hal_eth.o [8]
HAL_ETH_SetMDIOClockRange
                         0x800'9117    0x66  Code  Gb  stm32h7xx_hal_eth.o [8]
HAL_ETH_Start_IT         0x800'8a6b    0x5e  Code  Gb  stm32h7xx_hal_eth.o [8]
HAL_ETH_Stop_IT          0x800'8b21    0x4c  Code  Gb  stm32h7xx_hal_eth.o [8]
HAL_ETH_Transmit_IT      0x800'8bad    0x5a  Code  Gb  stm32h7xx_hal_eth.o [8]
HAL_ETH_TxCpltCallback   0x800'5c27     0xa  Code  Gb  ethernetif.o [4]
HAL_ETH_TxFreeCallback   0x800'6175     0x4  Code  Gb  ethernetif.o [4]
HAL_ETH_WakeUpCallback   0x800'b919     0x2  Code  Wk  stm32h7xx_hal_eth.o [8]
HAL_ETH_WritePHYRegister
                         0x800'8f09    0x5a  Code  Gb  stm32h7xx_hal_eth.o [8]
HAL_GPIO_Init            0x800'a2e1   0x1ee  Code  Gb  stm32h7xx_hal_gpio.o [8]
HAL_GPIO_TogglePin       0x800'a4d7    0x10  Code  Gb  stm32h7xx_hal_gpio.o [8]
HAL_GPIO_WritePin        0x800'a4cf     0x8  Code  Gb  stm32h7xx_hal_gpio.o [8]
HAL_GetREVID             0x800'b4eb     0x8  Code  Gb  stm32h7xx_hal.o [8]
HAL_GetTick              0x800'a2d5     0xc  Code  Wk  stm32h7xx_hal.o [8]
HAL_IncTick              0x800'c735    0x10  Code  Wk  stm32h7xx_hal.o [8]
HAL_Init                 0x800'b4a1    0x4a  Code  Gb  stm32h7xx_hal.o [8]
HAL_InitTick             0x800'c771    0x7c  Code  Gb  stm32h7xx_hal_timebase_tim.o [2]
HAL_MPU_ConfigRegion     0x800'a5d1    0x4c  Code  Gb  stm32h7xx_hal_cortex.o [8]
HAL_MPU_Disable          0x800'a5a3    0x14  Code  Gb  stm32h7xx_hal_cortex.o [8]
HAL_MPU_Enable           0x800'a5b7    0x1a  Code  Gb  stm32h7xx_hal_cortex.o [8]
HAL_MspInit              0x800'c801    0x28  Code  Gb  stm32h7xx_hal_msp.o [2]
HAL_NVIC_EnableIRQ       0x800'a58d    0x16  Code  Gb  stm32h7xx_hal_cortex.o [8]
HAL_NVIC_SetPriority     0x800'a551    0x3a  Code  Gb  stm32h7xx_hal_cortex.o [8]
HAL_NVIC_SetPriorityGrouping
                         0x800'a537    0x1a  Code  Gb  stm32h7xx_hal_cortex.o [8]
HAL_PWREx_ConfigSupply   0x800'c1dd    0x44  Code  Gb  stm32h7xx_hal_pwr_ex.o [8]
HAL_RCCEx_GetD3PCLK1Freq
                         0x800'd9ad     0xa  Code  Gb  stm32h7xx_hal_rcc_ex.o [8]
HAL_RCCEx_GetPLL2ClockFreq
                         0x800'd9cd    0x58  Code  Gb  stm32h7xx_hal_rcc_ex.o [8]
HAL_RCCEx_GetPLL3ClockFreq
                         0x800'da25    0x58  Code  Gb  stm32h7xx_hal_rcc_ex.o [8]
HAL_RCCEx_PeriphCLKConfig
                         0x800'd1c1   0x7c0  Code  Gb  stm32h7xx_hal_rcc_ex.o [8]
HAL_RCC_ClockConfig      0x800'b521   0x1ac  Code  Gb  stm32h7xx_hal_rcc.o [8]
HAL_RCC_GetClockConfig   0x800'b887    0x4c  Code  Gb  stm32h7xx_hal_rcc.o [8]
HAL_RCC_GetHCLKFreq      0x800'b827    0x30  Code  Gb  stm32h7xx_hal_rcc.o [8]
HAL_RCC_GetPCLK1Freq     0x800'b857    0x10  Code  Gb  stm32h7xx_hal_rcc.o [8]
HAL_RCC_GetPCLK2Freq     0x800'b867     0xe  Code  Gb  stm32h7xx_hal_rcc.o [8]
HAL_RCC_GetSysClockFreq
                         0x800'b729    0xf0  Code  Gb  stm32h7xx_hal_rcc.o [8]
HAL_RCC_OscConfig        0x800'c225   0x510  Code  Wk  stm32h7xx_hal_rcc.o [8]
HAL_SYSCFG_ETHInterfaceSelect
                         0x800'b4f3     0xa  Code  Gb  stm32h7xx_hal.o [8]
HAL_TIMEx_Break2Callback
                         0x800'f281     0x2  Code  Wk  stm32h7xx_hal_tim_ex.o [8]
HAL_TIMEx_BreakCallback
                         0x800'f27f     0x2  Code  Wk  stm32h7xx_hal_tim_ex.o [8]
HAL_TIMEx_CommutCallback
                         0x800'f285     0x2  Code  Wk  stm32h7xx_hal_tim_ex.o [8]
HAL_TIM_Base_Init        0x800'ef35    0x1a  Code  Gb  stm32h7xx_hal_tim.o [8]
HAL_TIM_Base_MspInit     0x800'f279     0x2  Code  Wk  stm32h7xx_hal_tim.o [8]
HAL_TIM_Base_Start_IT    0x800'ef4f    0x7e  Code  Gb  stm32h7xx_hal_tim.o [8]
HAL_TIM_IC_CaptureCallback
                         0x800'f27b     0x2  Code  Wk  stm32h7xx_hal_tim.o [8]
HAL_TIM_IRQHandler       0x800'f045   0x15c  Code  Gb  stm32h7xx_hal_tim.o [8]
HAL_TIM_OC_DelayElapsedCallback
                         0x800'f27d     0x2  Code  Wk  stm32h7xx_hal_tim.o [8]
HAL_TIM_PWM_PulseFinishedCallback
                         0x800'f287     0x2  Code  Wk  stm32h7xx_hal_tim.o [8]
HAL_TIM_PeriodElapsedCallback
                         0x800'a28d     0xe  Code  Gb  main.o [2]
HAL_TIM_TriggerCallback
                         0x800'f283     0x2  Code  Wk  stm32h7xx_hal_tim.o [8]
HAL_UARTEx_DisableFifoMode
                         0x800'd0cd    0x3a  Code  Gb  stm32h7xx_hal_uart_ex.o [8]
HAL_UARTEx_SetRxFifoThreshold
                         0x800'd11d    0x14  Code  Gb  stm32h7xx_hal_uart_ex.o [8]
HAL_UARTEx_SetTxFifoThreshold
                         0x800'd107    0x16  Code  Gb  stm32h7xx_hal_uart_ex.o [8]
HAL_UART_Init            0x800'c919    0x34  Code  Gb  stm32h7xx_hal_uart.o [8]
HAL_UART_MspInit         0x800'be5b    0x7c  Code  Gb  usart.o [2]
HAL_UART_Transmit        0x800'c993    0x9a  Code  Gb  stm32h7xx_hal_uart.o [8]
HASH_RNG_IRQHandler      0x801'188d          Code  Wk  startup_stm32h750xx.o [1]
HRTIM1_FLT_IRQHandler    0x801'1901          Code  Wk  startup_stm32h750xx.o [1]
HRTIM1_Master_IRQHandler
                         0x801'18e9          Code  Wk  startup_stm32h750xx.o [1]
HRTIM1_TIMA_IRQHandler   0x801'18ed          Code  Wk  startup_stm32h750xx.o [1]
HRTIM1_TIMB_IRQHandler   0x801'18f1          Code  Wk  startup_stm32h750xx.o [1]
HRTIM1_TIMC_IRQHandler   0x801'18f5          Code  Wk  startup_stm32h750xx.o [1]
HRTIM1_TIMD_IRQHandler   0x801'18f9          Code  Wk  startup_stm32h750xx.o [1]
HRTIM1_TIME_IRQHandler   0x801'18fd          Code  Wk  startup_stm32h750xx.o [1]
HSEM1_IRQHandler         0x801'193d          Code  Wk  startup_stm32h750xx.o [1]
HardFault_Handler        0x801'169b     0x2  Code  Gb  stm32h7xx_it.o [2]
I2C1_ER_IRQHandler       0x801'17e9          Code  Wk  startup_stm32h750xx.o [1]
I2C1_EV_IRQHandler       0x801'17e5          Code  Wk  startup_stm32h750xx.o [1]
I2C2_ER_IRQHandler       0x801'17f1          Code  Wk  startup_stm32h750xx.o [1]
I2C2_EV_IRQHandler       0x801'17ed          Code  Wk  startup_stm32h750xx.o [1]
I2C3_ER_IRQHandler       0x801'1871          Code  Wk  startup_stm32h750xx.o [1]
I2C3_EV_IRQHandler       0x801'186d          Code  Wk  startup_stm32h750xx.o [1]
I2C4_ER_IRQHandler       0x801'18cd          Code  Wk  startup_stm32h750xx.o [1]
I2C4_EV_IRQHandler       0x801'18c9          Code  Wk  startup_stm32h750xx.o [1]
IP_ADDRESS              0x2000'43d4     0x4  Data  Gb  lwip.o [3]
JPEG_IRQHandler          0x801'1931          Code  Wk  startup_stm32h750xx.o [1]
LAN8742                 0x2000'0044    0x20  Data  Gb  ethernetif.o [4]
LAN8742_GetLinkState     0x800'9ffb    0x94  Code  Gb  lan8742.o [5]
LAN8742_IOCtx           0x2000'0064    0x14  Data  Gb  ethernetif.o [4]
LAN8742_Init             0x800'9f37    0xba  Code  Gb  lan8742.o [5]
LAN8742_RegisterBusIO    0x800'9f05    0x32  Code  Gb  lan8742.o [5]
LPTIM1_IRQHandler        0x801'18c1          Code  Wk  startup_stm32h750xx.o [1]
LPTIM2_IRQHandler        0x801'196d          Code  Wk  startup_stm32h750xx.o [1]
LPTIM3_IRQHandler        0x801'1971          Code  Wk  startup_stm32h750xx.o [1]
LPTIM4_IRQHandler        0x801'1975          Code  Wk  startup_stm32h750xx.o [1]
LPTIM5_IRQHandler        0x801'1979          Code  Wk  startup_stm32h750xx.o [1]
LPUART1_IRQHandler       0x801'197d          Code  Wk  startup_stm32h750xx.o [1]
LTDC_ER_IRQHandler       0x801'18b1          Code  Wk  startup_stm32h750xx.o [1]
LTDC_IRQHandler          0x801'18ad          Code  Wk  startup_stm32h750xx.o [1]
MDIOS_IRQHandler         0x801'192d          Code  Wk  startup_stm32h750xx.o [1]
MDIOS_WKUP_IRQHandler    0x801'1929          Code  Wk  startup_stm32h750xx.o [1]
MDMA_IRQHandler          0x801'1935          Code  Wk  startup_stm32h750xx.o [1]
MX_FREERTOS_Init         0x800'c051    0x1a  Code  Gb  freertos.o [2]
MX_FREERTOS_Init::os_thread_def_task_Default
                         0x800'c1a4    0x1c  Data  Lc  freertos.o [2]
MX_FREERTOS_Init::os_thread_def_task_LED
                         0x800'c1c0    0x1c  Data  Lc  freertos.o [2]
MX_GPIO_Init             0x800'bd65    0x88  Code  Gb  gpio.o [2]
MX_LWIP_Init             0x800'ee29    0xca  Code  Gb  lwip.o [3]
MX_LWIP_Init::os_thread_def_EthLink
                         0x800'ef04    0x1c  Data  Lc  lwip.o [3]
MX_USART1_UART_Init      0x800'bdfd    0x5e  Code  Gb  usart.o [2]
MemManage_Handler        0x801'169d     0x2  Code  Gb  stm32h7xx_it.o [2]
NETMASK_ADDRESS         0x2000'43d8     0x4  Data  Gb  lwip.o [3]
NMI_Handler              0x801'1699     0x2  Code  Gb  stm32h7xx_it.o [2]
OTG_FS_EP1_IN_IRQHandler
                         0x801'18d9          Code  Wk  startup_stm32h750xx.o [1]
OTG_FS_EP1_OUT_IRQHandler
                         0x801'18d5          Code  Wk  startup_stm32h750xx.o [1]
OTG_FS_IRQHandler        0x801'18e1          Code  Wk  startup_stm32h750xx.o [1]
OTG_FS_WKUP_IRQHandler   0x801'18dd          Code  Wk  startup_stm32h750xx.o [1]
OTG_HS_EP1_IN_IRQHandler
                         0x801'1879          Code  Wk  startup_stm32h750xx.o [1]
OTG_HS_EP1_OUT_IRQHandler
                         0x801'1875          Code  Wk  startup_stm32h750xx.o [1]
OTG_HS_IRQHandler        0x801'1881          Code  Wk  startup_stm32h750xx.o [1]
OTG_HS_WKUP_IRQHandler   0x801'187d          Code  Wk  startup_stm32h750xx.o [1]
PVD_AVD_IRQHandler       0x801'176d          Code  Wk  startup_stm32h750xx.o [1]
PendSV_Handler           0x800'c855          Code  Gb  portasm.o [10]
QUADSPI_IRQHandler       0x801'18bd          Code  Wk  startup_stm32h750xx.o [1]
RCCEx_PLL2_Config        0x800'dbad    0xac  Code  Lc  stm32h7xx_hal_rcc_ex.o [8]
RCCEx_PLL3_Config        0x800'dc59    0xac  Code  Lc  stm32h7xx_hal_rcc_ex.o [8]
RCC_IRQHandler           0x801'177d          Code  Wk  startup_stm32h750xx.o [1]
RTC_Alarm_IRQHandler     0x801'180d          Code  Wk  startup_stm32h750xx.o [1]
RTC_WKUP_IRQHandler      0x801'1775          Code  Wk  startup_stm32h750xx.o [1]
Region$$Table$$Base      0x801'166c           --   Gb  - Linker created -
Region$$Table$$Limit     0x801'1694           --   Gb  - Linker created -
Reset_Handler            0x801'1731          Code  Wk  startup_stm32h750xx.o [1]
RxAllocStatus           0x2000'0000     0x1  Data  Lc  ethernetif.o [4]
RxPktSemaphore          0x2000'003c     0x4  Data  Gb  ethernetif.o [4]
SAI1_IRQHandler          0x801'18a9          Code  Wk  startup_stm32h750xx.o [1]
SAI2_IRQHandler          0x801'18b9          Code  Wk  startup_stm32h750xx.o [1]
SAI3_IRQHandler          0x801'1915          Code  Wk  startup_stm32h750xx.o [1]
SAI4_IRQHandler          0x801'1989          Code  Wk  startup_stm32h750xx.o [1]
SDMMC1_IRQHandler        0x801'1829          Code  Wk  startup_stm32h750xx.o [1]
SDMMC2_IRQHandler        0x801'1939          Code  Wk  startup_stm32h750xx.o [1]
SPDIF_RX_IRQHandler      0x801'18d1          Code  Wk  startup_stm32h750xx.o [1]
SPI1_IRQHandler          0x801'17f5          Code  Wk  startup_stm32h750xx.o [1]
SPI2_IRQHandler          0x801'17f9          Code  Wk  startup_stm32h750xx.o [1]
SPI3_IRQHandler          0x801'1831          Code  Wk  startup_stm32h750xx.o [1]
SPI4_IRQHandler          0x801'189d          Code  Wk  startup_stm32h750xx.o [1]
SPI5_IRQHandler          0x801'18a1          Code  Wk  startup_stm32h750xx.o [1]
SPI6_IRQHandler          0x801'18a5          Code  Wk  startup_stm32h750xx.o [1]
SVC_Handler              0x800'c8ad          Code  Gb  portasm.o [10]
SWPMI1_IRQHandler        0x801'1919          Code  Wk  startup_stm32h750xx.o [1]
SysTick_Handler          0x800'ba69    0x26  Code  Gb  port.o [10]
SystemClock_Config       0x800'a1a1    0xec  Code  Gb  main.o [2]
SystemCoreClock         0x2000'0090     0x4  Data  Gb  system_stm32h7xx.o [6]
SystemD2Clock           0x2000'0094     0x4  Data  Gb  system_stm32h7xx.o [6]
SystemInit               0x801'109d    0x9a  Code  Gb  system_stm32h7xx.o [6]
TAMP_STAMP_IRQHandler    0x801'1771          Code  Wk  startup_stm32h750xx.o [1]
TIM15_IRQHandler         0x801'191d          Code  Wk  startup_stm32h750xx.o [1]
TIM16_IRQHandler         0x801'1921          Code  Wk  startup_stm32h750xx.o [1]
TIM17_IRQHandler         0x801'1925          Code  Wk  startup_stm32h750xx.o [1]
TIM1_BRK_IRQHandler      0x801'17c9          Code  Wk  startup_stm32h750xx.o [1]
TIM1_CC_IRQHandler       0x801'17d5          Code  Wk  startup_stm32h750xx.o [1]
TIM1_TRG_COM_IRQHandler
                         0x801'17d1          Code  Wk  startup_stm32h750xx.o [1]
TIM1_UP_IRQHandler       0x801'17cd          Code  Wk  startup_stm32h750xx.o [1]
TIM2_IRQHandler          0x801'17d9          Code  Wk  startup_stm32h750xx.o [1]
TIM3_IRQHandler          0x801'17dd          Code  Wk  startup_stm32h750xx.o [1]
TIM4_IRQHandler          0x801'17e1          Code  Wk  startup_stm32h750xx.o [1]
TIM5_IRQHandler          0x801'182d          Code  Wk  startup_stm32h750xx.o [1]
TIM6_DAC_IRQHandler      0x801'16a5     0x6  Code  Gb  stm32h7xx_it.o [2]
TIM7_IRQHandler          0x801'183d          Code  Wk  startup_stm32h750xx.o [1]
TIM8_BRK_TIM12_IRQHandler
                         0x801'1811          Code  Wk  startup_stm32h750xx.o [1]
TIM8_CC_IRQHandler       0x801'181d          Code  Wk  startup_stm32h750xx.o [1]
TIM8_TRG_COM_TIM14_IRQHandler
                         0x801'1819          Code  Wk  startup_stm32h750xx.o [1]
TIM8_UP_TIM13_IRQHandler
                         0x801'1815          Code  Wk  startup_stm32h750xx.o [1]
TIM_Base_SetConfig       0x800'f1a7    0xb2  Code  Gb  stm32h7xx_hal_tim.o [8]
Task_Default             0x800'c06b    0x28  Code  Gb  freertos.o [2]
Task_LED                 0x800'c093    0x14  Code  Gb  freertos.o [2]
TxConfig                0x2000'0004    0x38  Data  Gb  ethernetif.o [4]
TxPktSemaphore          0x2000'0040     0x4  Data  Gb  ethernetif.o [4]
UART4_IRQHandler         0x801'1835          Code  Wk  startup_stm32h750xx.o [1]
UART5_IRQHandler         0x801'1839          Code  Wk  startup_stm32h750xx.o [1]
UART7_IRQHandler         0x801'1895          Code  Wk  startup_stm32h750xx.o [1]
UART8_IRQHandler         0x801'1899          Code  Wk  startup_stm32h750xx.o [1]
UARTEx_SetNbDataToProcess
                         0x800'd171    0x3e  Code  Lc  stm32h7xx_hal_uart_ex.o [8]
UARTEx_SetNbDataToProcess::denominator
                         0x800'd1b8     0x8  Data  Lc  stm32h7xx_hal_uart_ex.o [8]
UARTEx_SetNbDataToProcess::numerator
                         0x800'd1b0     0x8  Data  Lc  stm32h7xx_hal_uart_ex.o [8]
UARTPrescTable           0x800'cde0    0x18  Data  Gb  stm32h7xx_hal_uart.o [8]
UART_AdvFeatureConfig    0x800'ce11    0xc8  Code  Gb  stm32h7xx_hal_uart.o [8]
UART_CheckIdleState      0x800'ced9    0x94  Code  Gb  stm32h7xx_hal_uart.o [8]
UART_EndRxTransfer       0x800'd01d    0x28  Code  Lc  stm32h7xx_hal_uart.o [8]
UART_SetConfig           0x800'ca3d   0x3a4  Code  Gb  stm32h7xx_hal_uart.o [8]
UART_WaitOnFlagUntilTimeout
                         0x800'cf87    0x8c  Code  Gb  stm32h7xx_hal_uart.o [8]
USART1_IRQHandler        0x801'17fd          Code  Wk  startup_stm32h750xx.o [1]
USART2_IRQHandler        0x801'1801          Code  Wk  startup_stm32h750xx.o [1]
USART3_IRQHandler        0x801'1805          Code  Wk  startup_stm32h750xx.o [1]
USART6_IRQHandler        0x801'1869          Code  Wk  startup_stm32h750xx.o [1]
UsageFault_Handler       0x801'16a1     0x2  Code  Gb  stm32h7xx_it.o [2]
WAKEUP_PIN_IRQHandler    0x801'198d          Code  Wk  startup_stm32h750xx.o [1]
WWDG_IRQHandler          0x801'1769          Code  Wk  startup_stm32h750xx.o [1]
_LC                      0x800'6e45     0x6  Code  Lc  xprintffull_nomb.o [12]
_LitobFullNoMb           0x800'7b0d   0x114  Code  Lc  xprintffull_nomb.o [12]
_Locale_lconv           0x2000'00c4    0x38  Data  Lc  xlocale_c.o [12]
_PrintfFullNoMb          0x800'6e4b   0xc92  Code  Gb  xprintffull_nomb.o [12]
_Prout                   0x801'1709    0x16  Code  Gb  xprout.o [12]
_PutcharsFullNoMb        0x800'7c79    0x2e  Code  Lc  xprintffull_nomb.o [12]
_Rand_idx               0x2000'4398     0x4  Data  Lc  rand.o [12]
_Rand_rv                0x2000'4318    0x80  Data  Lc  rand.o [12]
_Randinit               0x2000'00bc     0x1  Data  Gb  rand.o [12]
_Randseed               0x2000'00c0     0x4  Data  Gb  rand.o [12]
__NVIC_SetPriority       0x800'a51d    0x1a  Code  Lc  stm32h7xx_hal_cortex.o [8]
__aeabi_cdcmple          0x800'a829          Code  Gb  DblCmpLe.o [13]
__aeabi_cdrcmple         0x800'a85d          Code  Gb  DblCmpGe.o [13]
__aeabi_d2iz             0x800'a995     0xe  Code  Gb  DblToS32.o [13]
__aeabi_d2uiz            0x800'a9d5     0xe  Code  Gb  DblToU32.o [13]
__aeabi_ddiv             0x800'a9c3    0x12  Code  Gb  DblDiv.o [13]
__aeabi_dmul             0x800'a9f1    0x12  Code  Gb  DblMul.o [13]
__aeabi_dsub             0x800'a9b1    0x12  Code  Gb  DblSub.o [13]
__aeabi_i2d              0x800'a9a3     0xe  Code  Gb  S32ToDbl.o [13]
__aeabi_ldiv0            0x800'c74d          Code  Gb  I64DivZer.o [14]
__aeabi_memclr           0x800'9755          Code  Gb  ABImemclr.o [14]
__aeabi_memclr4          0x800'5bdd          Code  Gb  ABImemclr4.o [14]
__aeabi_ui2d             0x800'a9e3     0xe  Code  Gb  U32ToDbl.o [13]
__cmain                  0x801'16b9          Code  Gb  cmain.o [14]
__exit                   0x800'ef21    0x14  Code  Gb  exit.o [15]
__iar_Fail_s             0x800'a70d    0x1c  Code  Gb  xfail_s.o [12]
__iar_Memchr             0x800'a761          Code  Gb  memchr.o [14]
__iar_Memset4_word       0x800'87c9          Code  Gb  ABImemset48.o [14]
__iar_Memset8_word       0x800'87c9          Code  Gb  ABImemset48.o [14]
__iar_Stdout            0x2000'00fc    0x48  Data  Gb  xfiles.o [12]
__iar_Strchr             0x800'a6f5          Code  Gb  strchr.o [14]
__iar_data_init3         0x801'1621    0x28  Code  Gb  data_init.o [14]
__iar_frexp              0x800'a7c5          Code  Gb  frexp.o [13]
__iar_frexpl             0x800'a7c5          Code  Gb  frexp.o [13]
__iar_init_vfp           0x801'1649          Code  Gb  fpinit_M.o [13]
__iar_ldexp64            0x800'a8a5          Code  Gb  ldexp.o [13]
__iar_packbits_init_single3
                         0x800'5be3    0x3a  Code  Gb  packbits_init_single.o [14]
__iar_program_start      0x801'16ed          Code  Gb  cstartup_M.o [14]
__iar_scalbln64          0x800'a8a5          Code  Gb  ldexp.o [13]
__iar_scalbn64           0x800'a8a5          Code  Gb  ldexp.o [13]
__iar_small_Memcpy       0x800'5735          Code  Gb  ABImemcpy_small.o [14]
__iar_small_Memset       0x800'b91d          Code  Gb  ABImemset_small.o [14]
__iar_small_Memset_word
                         0x800'b91d          Code  Gb  ABImemset_small.o [14]
__iar_small_memcmp       0x800'c751          Code  Gb  memcmp_small.o [14]
__iar_small_memcpy       0x800'5731          Code  Gb  ABImemcpy_small.o [14]
__iar_small_memcpy4      0x800'5731          Code  Gb  ABImemcpy_small.o [14]
__iar_small_memcpy8      0x800'5731          Code  Gb  ABImemcpy_small.o [14]
__iar_small_memset       0x800'b91d          Code  Gb  ABImemset_small.o [14]
__iar_small_strlen       0x800'a74d          Code  Gb  strlen_small.o [14]
__iar_small_uldivmod     0x800'aa0d          Code  Gb  I64DivMod_small.o [14]
__iar_softfp___iar_frexp64
                         0x800'a7b9          Code  Gb  frexp.o [13]
__iar_softfp___iar_ldexp64
                         0x800'a891          Code  Gb  ldexp.o [13]
__iar_softfp___iar_scalbln64
                         0x800'a891          Code  Gb  ldexp.o [13]
__iar_softfp___iar_scalbn64
                         0x800'a891          Code  Gb  ldexp.o [13]
__iar_softfp_frexp       0x800'a7b9          Code  Gb  frexp.o [13]
__iar_softfp_frexpl      0x800'a7b9          Code  Gb  frexp.o [13]
__iar_softfp_ldexp       0x800'a891          Code  Gb  ldexp.o [13]
__iar_softfp_ldexpl      0x800'a891          Code  Gb  ldexp.o [13]
__iar_softfp_scalbln     0x800'a891          Code  Gb  ldexp.o [13]
__iar_softfp_scalblnl    0x800'a891          Code  Gb  ldexp.o [13]
__iar_softfp_scalbn      0x800'a891          Code  Gb  ldexp.o [13]
__iar_softfp_scalbnl     0x800'a891          Code  Gb  ldexp.o [13]
__iar_zero_init3         0x801'15b5    0x38  Code  Gb  zero_init3.o [14]
__low_level_init         0x801'16d7     0x4  Code  Gb  low_level_init.o [12]
__vector_table           0x800'0000          Data  Gb  startup_stm32h750xx.o [1]
__write                  0x801'1585    0x30  Code  Gb  write.o [2]
_call_main               0x801'16c5          Code  Gb  cmain.o [14]
_exit                    0x801'16e1          Code  Gb  cexit.o [14]
abort                    0x800'c745     0x6  Code  Gb  abort.o [12]
ackno                   0x2000'44b4     0x4  Data  Lc  tcp_in.o [11]
arp_table               0x2000'3fbc    0xf0  Data  Lc  etharp.o [11]
current_timeout_due_time
                        0x2000'4518     0x4  Data  Lc  timeouts.o [11]
do_memp_free_pool        0x800'4ecd    0x2e  Code  Lc  memp.o [11]
do_memp_malloc_pool      0x800'4e39    0x46  Code  Lc  memp.o [11]
etharp_cached_entry     0x2000'452e     0x1  Data  Lc  etharp.o [11]
etharp_cleanup_netif     0x800'8279    0x28  Code  Gb  etharp.o [11]
etharp_find_entry        0x800'805b   0x166  Code  Lc  etharp.o [11]
etharp_free_entry        0x800'7fd9    0x20  Code  Lc  etharp.o [11]
etharp_input             0x800'82a1    0xa2  Code  Gb  etharp.o [11]
etharp_output            0x800'83bd   0x148  Code  Gb  etharp.o [11]
etharp_output_to_arp_index
                         0x800'8343    0x72  Code  Lc  etharp.o [11]
etharp_query             0x800'8505   0x130  Code  Gb  etharp.o [11]
etharp_raw               0x800'863d    0xc8  Code  Lc  etharp.o [11]
etharp_request           0x800'872d     0x4  Code  Gb  etharp.o [11]
etharp_request_dst       0x800'870b    0x22  Code  Lc  etharp.o [11]
etharp_tmr               0x800'7ff9    0x62  Code  Gb  etharp.o [11]
etharp_update_arp_entry
                         0x800'81c1    0xb8  Code  Lc  etharp.o [11]
ethbroadcast             0x800'b498     0x8  Data  Gb  ethernet.o [11]
ethernet_input           0x800'b391    0x9c  Code  Gb  ethernet.o [11]
ethernet_link_status_updated
                         0x800'ef01     0x2  Code  Lc  lwip.o [3]
ethernet_link_thread     0x800'6005    0xaa  Code  Gb  ethernetif.o [4]
ethernet_output          0x800'b42d    0x68  Code  Gb  ethernet.o [11]
ethernetif_init          0x800'5d09   0x194  Code  Gb  ethernetif.o [4]
ethernetif_input         0x800'5cc5    0x44  Code  Lc  ethernetif.o [4]
ethzero                  0x801'174c     0x8  Data  Gb  ethernet.o [11]
example_do_connect       0x800'bee9    0x4c  Code  Gb  freertos.o [2]
example_publish          0x800'c001    0x30  Code  Gb  freertos.o [2]
exit                     0x801'16db     0x4  Code  Gb  exit.o [12]
flags                   0x2000'4488     0x1  Data  Lc  tcp_in.o [11]
gnetif                  0x2000'439c    0x38  Data  Gb  lwip.o [3]
gw                      0x2000'43e8     0x4  Data  Gb  lwip.o [3]
heth                    0x2000'40ac    0xb0  Data  Gb  ethernetif.o [4]
htim6                   0x2000'443c    0x4c  Data  Gb  stm32h7xx_hal_timebase_tim.o [2]
huart1                  0x2000'41f8    0x94  Data  Gb  usart.o [2]
icmp_dest_unreach        0x800'62e3     0x6  Code  Gb  icmp.o [11]
icmp_input               0x800'61a9   0x13a  Code  Gb  icmp.o [11]
icmp_send_response       0x800'62ed    0x8e  Code  Lc  icmp.o [11]
icmp_time_exceeded       0x800'62e9     0x4  Code  Gb  icmp.o [11]
inet_chksum              0x800'a69b     0xc  Code  Gb  inet_chksum.o [11]
inet_chksum_pbuf         0x800'a6a7    0x4e  Code  Gb  inet_chksum.o [11]
inpub_id                0x2000'451c     0x4  Data  Lc  freertos.o [2]
inseg                   0x2000'448c    0x10  Data  Lc  tcp_in.o [11]
ip4_addr_isbroadcast_u32
                         0x800'1721    0x32  Code  Gb  ip4_addr.o [11]
ip4_frag                 0x800'6905   0x1be  Code  Gb  ip4_frag.o [11]
ip4_input                0x800'49ad   0x206  Code  Gb  ip4.o [11]
ip4_input_accept         0x800'4985    0x28  Code  Lc  ip4.o [11]
ip4_output_if            0x800'4bb3    0x28  Code  Gb  ip4.o [11]
ip4_output_if_src        0x800'4bdd    0xd6  Code  Gb  ip4.o [11]
ip4_reass                0x800'6539   0x378  Code  Gb  ip4_frag.o [11]
ip4_route                0x800'4921    0x64  Code  Gb  ip4.o [11]
ip_addr_any              0x801'1764     0x4  Data  Gb  ip4_addr.o [11]
ip_data                 0x2000'44c0    0x18  Data  Gb  ip.o [11]
ip_frag_free_pbuf_custom_ref
                         0x800'68b9    0x22  Code  Lc  ip4_frag.o [11]
ip_id                   0x2000'452c     0x2  Data  Lc  ip4.o [11]
ip_reass_dequeue_datagram
                         0x800'64fb    0x3c  Code  Lc  ip4_frag.o [11]
[...]
                         0x800'4e24     0x8  Data  Gb  sys_arch.o [11]
pbuf_add_header          0x800'1ac7     0x4  Code  Gb  pbuf.o [11]
pbuf_add_header_impl     0x800'1a67    0x60  Code  Lc  pbuf.o [11]
pbuf_alloc               0x800'17c5   0x180  Code  Gb  pbuf.o [11]
pbuf_alloc_reference     0x800'1945    0x48  Code  Gb  pbuf.o [11]
pbuf_alloced_custom      0x800'198d    0x38  Code  Gb  pbuf.o [11]
pbuf_cat                 0x800'1c2f    0x72  Code  Gb  pbuf.o [11]
pbuf_clen                0x800'1beb    0x12  Code  Gb  pbuf.o [11]
pbuf_clone               0x800'1e35    0x32  Code  Gb  pbuf.o [11]
pbuf_copy                0x800'1ca1    0xf6  Code  Gb  pbuf.o [11]
pbuf_copy_partial        0x800'1d9d    0x82  Code  Gb  pbuf.o [11]
pbuf_free                0x800'1b2d    0xb8  Code  Gb  pbuf.o [11]
pbuf_free_custom         0x800'5e9d    0x1e  Code  Gb  ethernetif.o [4]
pbuf_free_ooseq_callback
                         0x800'1779    0x2e  Code  Lc  pbuf.o [11]
pbuf_free_ooseq_pending
                        0x2000'452f     0x1  Data  Gb  pbuf.o [11]
pbuf_get_at              0x800'1e79    0x12  Code  Gb  pbuf.o [11]
pbuf_header_force        0x800'1b29     0x4  Code  Gb  pbuf.o [11]
pbuf_header_impl         0x800'1b1b     0xe  Code  Lc  pbuf.o [11]
pbuf_init_alloced_pbuf   0x800'17a7    0x1e  Code  Lc  pbuf.o [11]
pbuf_realloc             0x800'19c5    0xa2  Code  Gb  pbuf.o [11]
pbuf_ref                 0x800'1bfd    0x32  Code  Gb  pbuf.o [11]
pbuf_remove_header       0x800'1acb    0x50  Code  Gb  pbuf.o [11]
pbuf_skip_const          0x800'1e1f    0x16  Code  Lc  pbuf.o [11]
pbuf_try_get_at          0x800'1e8b    0x20  Code  Gb  pbuf.o [11]
printf                   0x800'4cd9    0x28  Code  Gb  printf.o [12]
prvAddCurrentTaskToDelayedList
                         0x800'b315    0x5e  Code  Lc  tasks.o [10]
prvAddNewTaskToReadyList
                         0x800'ac4f    0xb0  Code  Lc  tasks.o [10]
prvCopyDataFromQueue     0x800'9e5d    0x26  Code  Lc  queue.o [10]
prvCopyDataToQueue       0x800'9df5    0x68  Code  Lc  queue.o [10]
prvDeleteTCB             0x800'b0d9    0x2a  Code  Lc  tasks.o [10]
prvIdleTask              0x800'b08d    0x4c  Code  Lc  tasks.o [10]
prvInitialiseMutex       0x800'9881    0x12  Code  Lc  queue.o [10]
prvInitialiseNewQueue    0x800'9869    0x18  Code  Lc  queue.o [10]
prvInitialiseNewTask     0x800'abd3    0x7c  Code  Lc  tasks.o [10]
prvInsertBlockIntoFreeList
                         0x800'bcf3    0x46  Code  Lc  heap_4.o [10]
prvIsQueueEmpty          0x800'9eeb    0x16  Code  Lc  queue.o [10]
prvResetNextTaskUnblockTime
                         0x800'b103    0x1e  Code  Lc  tasks.o [10]
prvTaskExitError         0x800'b959    0x1c  Code  Lc  port.o [10]
prvUnlockQueue           0x800'9e83    0x68  Code  Lc  queue.o [10]
pub_ack_rec_rel_response
                         0x800'e27b    0x4a  Code  Lc  mqtt.o [11]
putchar                  0x801'1541    0x44  Code  Gb  putchar.o [12]
pvPortMalloc             0x800'bb8d   0x104  Code  Gb  heap_4.o [10]
pvTaskIncrementMutexHeldCount
                         0x800'b2e3    0x14  Code  Gb  tasks.o [10]
pxCurrentTCB            0x2000'4184     0x4  Data  Gb  tasks.o [10]
pxDelayedTaskList       0x2000'4188     0x4  Data  Lc  tasks.o [10]
pxEnd                   0x2000'0150     0x4  Data  Lc  heap_4.o [10]
pxOverflowDelayedTaskList
                        0x2000'418c     0x4  Data  Lc  tasks.o [10]
pxPortInitialiseStack    0x800'b931    0x26  Code  Gb  port.o [10]
pxReadyTasksLists       0x2000'428c    0x8c  Data  Lc  tasks.o [10]
ram                     0x2000'44d8     0x4  Data  Lc  mem.o [11]
ram_end                 0x2000'44dc     0x4  Data  Lc  mem.o [11]
rand                     0x800'5749    0x8a  Code  Gb  rand.o [12]
reassdatagrams          0x2000'4510     0x4  Data  Lc  ip4_frag.o [11]
recv_acked              0x2000'44a2     0x2  Data  Lc  tcp_in.o [11]
recv_data               0x2000'44b8     0x4  Data  Lc  tcp_in.o [11]
recv_flags              0x2000'4489     0x1  Data  Lc  tcp_in.o [11]
scalbln                  0x800'a8a5          Code  Gb  ldexp.o [13]
scalblnl                 0x800'a8a5          Code  Gb  ldexp.o [13]
scalbn                   0x800'a8a5          Code  Gb  ldexp.o [13]
scalbnl                  0x800'a8a5          Code  Gb  ldexp.o [13]
scale                    0x800'7c21    0x46  Code  Lc  xprintffull_nomb.o [12]
sec_hand                0x2000'4528     0x4  Data  Lc  xfail_s.o [12]
seqno                   0x2000'44b0     0x4  Data  Lc  tcp_in.o [11]
strchr                   0x800'a6f5          Code  Gb  strchr.o [14]
strcmp                   0x800'ee15          Code  Gb  strcmp.o [14]
sys_arch_mbox_fetch      0x800'4d41    0x42  Code  Gb  sys_arch.o [11]
sys_arch_protect         0x800'4df5    0x12  Code  Gb  sys_arch.o [11]
sys_arch_unprotect       0x800'4e07     0x2  Code  Gb  sys_arch.o [11]
sys_check_timeouts       0x800'4893    0x36  Code  Gb  timeouts.o [11]
sys_init                 0x800'4d91    0x10  Code  Gb  sys_arch.o [11]
sys_mbox_new             0x800'4d01    0x2e  Code  Gb  sys_arch.o [11]
sys_mbox_trypost         0x800'4d2f    0x12  Code  Gb  sys_arch.o [11]
sys_mbox_valid           0x800'4d83     0x2  Code  Gb  sys_arch.o [11]
sys_mutex_lock           0x800'4db9     0xa  Code  Gb  sys_arch.o [11]
sys_mutex_new            0x800'4da1    0x18  Code  Gb  sys_arch.o [11]
sys_mutex_new::os_mutex_def_MUTEX
                         0x800'4e2c     0x8  Data  Lc  sys_arch.o [11]
sys_mutex_unlock         0x800'4dc3     0x2  Code  Gb  sys_arch.o [11]
sys_now                  0x800'5ec3     0x4  Code  Gb  ethernetif.o [4]
sys_thread_new           0x800'4dc5    0x30  Code  Gb  sys_arch.o [11]
sys_timeout              0x800'482b    0x30  Code  Gb  timeouts.o [11]
sys_timeout_abs          0x800'4783    0x5c  Code  Lc  timeouts.o [11]
sys_timeouts_init        0x800'4809    0x22  Code  Gb  timeouts.o [11]
sys_timeouts_sleeptime   0x800'48c9    0x22  Code  Gb  timeouts.o [11]
sys_untimeout            0x800'485b    0x38  Code  Gb  timeouts.o [11]
task_DefaultHandle      0x2000'4504     0x4  Data  Gb  freertos.o [2]
task_LEDHandle          0x2000'4508     0x4  Data  Gb  freertos.o [2]
tcp_abandon              0x800'234d    0xd8  Code  Gb  tcp.o [11]
tcp_abort                0x800'2441     0x4  Code  Gb  tcp.o [11]
tcp_active_pcbs         0x2000'00a8     0x4  Data  Gb  tcp.o [11]
tcp_active_pcbs_changed
                        0x2000'0098     0x1  Data  Gb  tcp.o [11]
tcp_alloc                0x800'2d3f   0x112  Code  Gb  tcp.o [11]
tcp_arg                  0x800'2e5f     0x6  Code  Gb  tcp.o [11]
tcp_backoff              0x800'32a4    0x10  Data  Lc  tcp.o [11]
tcp_bind                 0x800'2445    0xa8  Code  Gb  tcp.o [11]
tcp_bound_pcbs          0x2000'00a0     0x4  Data  Gb  tcp.o [11]
tcp_close                0x800'2301    0x32  Code  Gb  tcp.o [11]
tcp_close_shutdown       0x800'2091   0x178  Code  Lc  tcp.o [11]
tcp_close_shutdown_fin   0x800'2209    0x72  Code  Lc  tcp.o [11]
tcp_connect              0x800'2665   0x106  Code  Gb  tcp.o [11]
tcp_create_segment       0x800'32d1    0xc8  Code  Lc  tcp_out.o [11]
tcp_eff_send_mss_netif   0x800'3053    0x38  Code  Gb  tcp.o [11]
tcp_enqueue_flags        0x800'3bef   0x11c  Code  Gb  tcp_out.o [11]
tcp_err                  0x800'2eb1    0x26  Code  Gb  tcp.o [11]
tcp_fasttmr              0x800'2b4b    0x62  Code  Gb  tcp.o [11]
tcp_free                 0x800'2035    0x1e  Code  Gb  tcp.o [11]
tcp_free_acked_segments
                         0x800'0d69    0x9c  Code  Lc  tcp_in.o [11]
tcp_free_ooseq           0x800'3119    0x12  Code  Gb  tcp.o [11]
tcp_get_next_optbyte     0x800'1567    0x24  Code  Lc  tcp_in.o [11]
tcp_init                 0x800'201d    0x16  Code  Gb  tcp.o [11]
tcp_input                0x800'0299   0x940  Code  Gb  tcp_in.o [11]
tcp_input_delayed_close
                         0x800'0c9f    0x46  Code  Lc  tcp_in.o [11]
tcp_input_pcb           0x2000'44bc     0x4  Data  Gb  tcp_in.o [11]
tcp_keepalive            0x800'4451    0x50  Code  Gb  tcp_out.o [11]
tcp_kill_state           0x800'2ce9    0x56  Code  Lc  tcp.o [11]
tcp_listen_pcbs         0x2000'00a4     0x4  Data  Gb  tcp.o [11]
tcp_netif_ip_addr_changed
                         0x800'30c1    0x40  Code  Gb  tcp.o [11]
tcp_netif_ip_addr_changed_pcblist
                         0x800'308b    0x34  Code  Lc  tcp.o [11]
tcp_new_ip_type          0x800'2e59     0x2  Code  Gb  tcp.o [11]
tcp_new_port             0x800'2609    0x4c  Code  Lc  tcp.o [11]
tcp_next_iss             0x800'3031    0x22  Code  Gb  tcp.o [11]
tcp_next_iss::iss       0x2000'00b0     0x4  Data  Lc  tcp.o [11]
tcp_oos_insert_segment   0x800'0ced    0x7c  Code  Lc  tcp_in.o [11]
tcp_optidx              0x2000'44a0     0x2  Data  Lc  tcp_in.o [11]
tcp_output               0x800'3d1b   0x2e6  Code  Gb  tcp_out.o [11]
tcp_output_alloc_header
                         0x800'4271    0x4a  Code  Lc  tcp_out.o [11]
tcp_output_alloc_header_common
                         0x800'41e7    0x8a  Code  Lc  tcp_out.o [11]
tcp_output_control_segment
                         0x800'4307    0x5a  Code  Lc  tcp_out.o [11]
tcp_output_fill_options
                         0x800'42bb    0x46  Code  Lc  tcp_out.o [11]
tcp_output_segment_busy
                         0x800'400f    0x2a  Code  Lc  tcp_out.o [11]
tcp_parseopt             0x800'158d    0x76  Code  Lc  tcp_in.o [11]
tcp_pbuf_prealloc        0x800'33d1    0xa2  Code  Lc  tcp_out.o [11]
tcp_pcb_lists            0x800'2654    0x10  Data  Gb  tcp.o [11]
tcp_pcb_purge            0x800'2f1b    0x5a  Code  Gb  tcp.o [11]
tcp_pcb_remove           0x800'2f7d    0xae  Code  Gb  tcp.o [11]
tcp_persist_backoff      0x800'32b4     0x8  Data  Lc  tcp.o [11]
tcp_poll                 0x800'2edd    0x3e  Code  Gb  tcp.o [11]
tcp_port                0x2000'0144     0x2  Data  Lc  tcp.o [11]
tcp_process_refused_data
                         0x800'2bbd    0x86  Code  Gb  tcp.o [11]
tcp_receive              0x800'0e2d   0x716  Code  Lc  tcp_in.o [11]
tcp_recv                 0x800'2e65    0x26  Code  Gb  tcp.o [11]
tcp_recv_null            0x800'2ca7    0x38  Code  Gb  tcp.o [11]
tcp_recved               0x800'2585    0x6c  Code  Gb  tcp.o [11]
tcp_rexmit               0x800'410d    0x6c  Code  Gb  tcp_out.o [11]
tcp_rexmit_fast          0x800'4181    0x66  Code  Gb  tcp_out.o [11]
tcp_rexmit_rto           0x800'40e1    0x2c  Code  Gb  tcp_out.o [11]
tcp_rexmit_rto_commit    0x800'40b1    0x30  Code  Gb  tcp_out.o [11]
tcp_rexmit_rto_prepare   0x800'4039    0x70  Code  Gb  tcp_out.o [11]
tcp_route                0x800'32bd    0x12  Code  Lc  tcp_out.o [11]
tcp_rst                  0x800'4361    0x86  Code  Gb  tcp_out.o [11]
tcp_seg_copy             0x800'2c6d    0x3a  Code  Gb  tcp.o [11]
tcp_seg_free             0x800'2c55    0x18  Code  Gb  tcp.o [11]
tcp_segs_free            0x800'2c43    0x12  Code  Gb  tcp.o [11]
tcp_send_empty_ack       0x800'43e9    0x66  Code  Gb  tcp_out.o [11]
tcp_send_fin             0x800'3ba1    0x4e  Code  Gb  tcp_out.o [11]
tcp_sent                 0x800'2e8b    0x26  Code  Gb  tcp.o [11]
tcp_slowtmr              0x800'2791   0x3ac  Code  Gb  tcp.o [11]
tcp_split_unsent_seg     0x800'3a3b   0x166  Code  Gb  tcp_out.o [11]
tcp_ticks               0x2000'009c     0x4  Data  Gb  tcp.o [11]
tcp_timer               0x2000'4530     0x1  Data  Lc  tcp.o [11]
tcp_timer_ctr           0x2000'0099     0x1  Data  Lc  tcp.o [11]
tcp_timer_needed         0x800'4755    0x2e  Code  Gb  timeouts.o [11]
tcp_tmr                  0x800'2071    0x1e  Code  Gb  tcp.o [11]
tcp_trigger_input_pcb_close
                         0x800'1603     0xc  Code  Gb  tcp_in.o [11]
tcp_tw_pcbs             0x2000'00ac     0x4  Data  Gb  tcp.o [11]
tcp_update_rcv_ann_wnd   0x800'2505    0x62  Code  Gb  tcp.o [11]
tcp_write                0x800'34a9   0x4f2  Code  Gb  tcp_out.o [11]
tcp_zero_window_probe    0x800'44a1    0xbe  Code  Gb  tcp_out.o [11]
tcphdr                  0x2000'44a8     0x4  Data  Lc  tcp_in.o [11]
tcphdr_opt1len          0x2000'449e     0x2  Data  Lc  tcp_in.o [11]
tcphdr_opt2             0x2000'44ac     0x4  Data  Lc  tcp_in.o [11]
tcphdr_optlen           0x2000'449c     0x2  Data  Lc  tcp_in.o [11]
tcpip_init               0x800'5131    0x60  Code  Gb  tcpip.o [11]
tcpip_init_done         0x2000'44e8     0x4  Data  Lc  tcpip.o [11]
tcpip_init_done_arg     0x2000'44ec     0x4  Data  Lc  tcpip.o [11]
tcpip_inpkt              0x800'507d    0x50  Code  Gb  tcpip.o [11]
tcpip_input              0x800'50cd    0x10  Code  Gb  tcpip.o [11]
tcpip_mbox              0x2000'44f0     0x4  Data  Lc  tcpip.o [11]
tcpip_tcp_timer          0x800'472d    0x28  Code  Lc  timeouts.o [11]
tcpip_tcp_timer_active  0x2000'4524     0x4  Data  Lc  timeouts.o [11]
tcpip_thread             0x800'4fbd    0xae  Code  Lc  tcpip.o [11]
tcpip_try_callback       0x800'50dd    0x48  Code  Gb  tcpip.o [11]
tcplen                  0x2000'44a4     0x2  Data  Lc  tcp_in.o [11]
ucHeap                  0x2000'0168  0x3c00  Data  Lc  heap_4.o [10]
ucMaxSysCallPriority    0x2000'0078     0x1  Data  Lc  port.o [10]
udp_init                 0x800'6c09    0x16  Code  Gb  udp.o [11]
udp_input                0x800'6c1f   0x196  Code  Gb  udp.o [11]
udp_netif_ip_addr_changed
                         0x800'6db5    0x30  Code  Gb  udp.o [11]
udp_pcbs                0x2000'00b8     0x4  Data  Gb  udp.o [11]
udp_port                0x2000'00b4     0x2  Data  Lc  udp.o [11]
ulMaxPRIGROUPValue      0x2000'0080     0x4  Data  Lc  port.o [10]
uwTick                  0x2000'0088     0x4  Data  Gb  stm32h7xx_hal.o [8]
uwTickFreq              0x2000'0084     0x1  Data  Gb  stm32h7xx_hal.o [8]
uwTickPrio              0x2000'008c     0x4  Data  Gb  stm32h7xx_hal.o [8]
uxCriticalNesting       0x2000'007c     0x4  Data  Lc  port.o [10]
uxCurrentNumberOfTasks  0x2000'41a8     0x4  Data  Lc  tasks.o [10]
uxDeletedTasksWaitingCleanUp
                        0x2000'4190     0x4  Data  Lc  tasks.o [10]
uxListRemove             0x800'bb63    0x28  Code  Gb  list.o [10]
uxSchedulerSuspended    0x2000'41cc     0x4  Data  Lc  tasks.o [10]
uxTaskNumber            0x2000'41c4     0x4  Data  Lc  tasks.o [10]
uxTopReadyPriority      0x2000'41b0     0x4  Data  Lc  tasks.o [10]
vApplicationGetIdleTaskMemory
                         0x800'c03f    0x10  Code  Gb  freertos.o [2]
vListInitialise          0x800'baf7    0x1a  Code  Gb  list.o [10]
vListInitialiseItem      0x800'bb11     0x6  Code  Gb  list.o [10]
vListInsert              0x800'bb31    0x32  Code  Gb  list.o [10]
vListInsertEnd           0x800'bb17    0x1a  Code  Gb  list.o [10]
vPortEnableVFP           0x800'c8e9          Code  Gb  portasm.o [10]
vPortEnterCritical       0x800'ba15    0x32  Code  Gb  port.o [10]
vPortExitCritical        0x800'ba47    0x22  Code  Gb  port.o [10]
vPortFree                0x800'bc9f    0x54  Code  Gb  heap_4.o [10]
vPortSetupTimerInterrupt
                         0x800'c829    0x2c  Code  Wk  port.o [10]
vPortStartFirstTask      0x800'c8c9          Code  Gb  portasm.o [10]
vPortValidateInterruptPriority
                         0x800'ba91    0x34  Code  Gb  port.o [10]
vTaskDelay               0x800'ad09    0x2e  Code  Gb  tasks.o [10]
vTaskInternalSetTimeOutState
                         0x800'b015     0xe  Code  Gb  tasks.o [10]
vTaskMissedYield         0x800'b081     0xa  Code  Gb  tasks.o [10]
vTaskPlaceOnEventList    0x800'af95    0x24  Code  Gb  tasks.o [10]
vTaskPriorityDisinheritAfterTimeout
                         0x800'b25d    0x80  Code  Gb  tasks.o [10]
vTaskStartScheduler      0x800'ad67    0x50  Code  Gb  tasks.o [10]
vTaskSuspendAll          0x800'adb7     0xc  Code  Gb  tasks.o [10]
vTaskSwitchContext       0x800'af43    0x52  Code  Gb  tasks.o [10]
xBlockAllocatedBit      0x2000'0164     0x4  Data  Lc  heap_4.o [10]
xDelayedTaskList1       0x2000'41d0    0x14  Data  Lc  tasks.o [10]
xDelayedTaskList2       0x2000'41e4    0x14  Data  Lc  tasks.o [10]
xFreeBytesRemaining     0x2000'0154     0x4  Data  Lc  heap_4.o [10]
xIdleStack              0x2000'3dbc   0x200  Data  Lc  freertos.o [2]
xIdleTaskTCBBuffer      0x2000'3d68    0x54  Data  Lc  freertos.o [2]
xMinimumEverFreeBytesRemaining
                        0x2000'0158     0x4  Data  Lc  heap_4.o [10]
xNextTaskUnblockTime    0x2000'41c8     0x4  Data  Lc  tasks.o [10]
xNumOfOverflows         0x2000'41c0     0x4  Data  Lc  tasks.o [10]
xNumberOfSuccessfulAllocations
                        0x2000'015c     0x4  Data  Lc  heap_4.o [10]
xNumberOfSuccessfulFrees
                        0x2000'0160     0x4  Data  Lc  heap_4.o [10]
xPendedTicks            0x2000'41b8     0x4  Data  Lc  tasks.o [10]
xPendingReadyList       0x2000'415c    0x14  Data  Lc  tasks.o [10]
xPortStartScheduler      0x800'b975    0xa0  Code  Gb  port.o [10]
xQueueCreateMutex        0x800'9893    0x16  Code  Gb  queue.o [10]
xQueueCreateMutexStatic
                         0x800'98a9    0x1a  Code  Gb  queue.o [10]
xQueueGenericCreate      0x800'9831    0x38  Code  Gb  queue.o [10]
xQueueGenericCreateStatic
                         0x800'97cf    0x62  Code  Gb  queue.o [10]
xQueueGenericReset       0x800'975d    0x72  Code  Gb  queue.o [10]
xQueueGenericSend        0x800'98c3   0x120  Code  Gb  queue.o [10]
xQueueGenericSendFromISR
                         0x800'99eb    0x8c  Code  Gb  queue.o [10]
xQueueGiveFromISR        0x800'9a77    0x70  Code  Gb  queue.o [10]
xQueueReceive            0x800'9afb    0xfe  Code  Gb  queue.o [10]
xQueueReceiveFromISR     0x800'9d63    0x82  Code  Gb  queue.o [10]
xQueueSemaphoreTake      0x800'9c03   0x128  Code  Gb  queue.o [10]
xSchedulerRunning       0x2000'41b4     0x4  Data  Lc  tasks.o [10]
xStart                  0x2000'0148     0x8  Data  Lc  heap_4.o [10]
xSuspendedTaskList      0x2000'4194    0x14  Data  Lc  tasks.o [10]
xTaskCheckForTimeOut     0x800'b023    0x5e  Code  Gb  tasks.o [10]
xTaskCreate              0x800'ab77    0x5c  Code  Gb  tasks.o [10]
xTaskCreateStatic        0x800'ab15    0x62  Code  Gb  tasks.o [10]
xTaskGetSchedulerState   0x800'b121    0x18  Code  Gb  tasks.o [10]
xTaskGetTickCount        0x800'ae6d     0x8  Code  Gb  tasks.o [10]
xTaskGetTickCountFromISR
                         0x800'ae75     0xe  Code  Gb  tasks.o [10]
xTaskIncrementTick       0x800'ae83    0xc0  Code  Gb  tasks.o [10]
xTaskPriorityDisinherit
                         0x800'b1bd    0x90  Code  Gb  tasks.o [10]
xTaskPriorityInherit     0x800'b139    0x84  Code  Gb  tasks.o [10]
xTaskRemoveFromEventList
                         0x800'afb9    0x52  Code  Gb  tasks.o [10]
xTaskResumeAll           0x800'adc3    0xa2  Code  Gb  tasks.o [10]
xTasksWaitingTermination
                        0x2000'4170    0x14  Data  Lc  tasks.o [10]
xTickCount              0x2000'41ac     0x4  Data  Lc  tasks.o [10]
xYieldPending           0x2000'41bc     0x4  Data  Lc  tasks.o [10]


[1] = E:\STM32H750XB_MQTT\EWARM\STM32H750XB_MQTT\Obj\Application\EWARM
[2] = E:\STM32H750XB_MQTT\EWARM\STM32H750XB_MQTT\Obj\Application\User\Core
[3] = E:\STM32H750XB_MQTT\EWARM\STM32H750XB_MQTT\Obj\Application\User\LWIP\App
[4] = E:\STM32H750XB_MQTT\EWARM\STM32H750XB_MQTT\Obj\Application\User\LWIP\Target
[5] = E:\STM32H750XB_MQTT\EWARM\STM32H750XB_MQTT\Obj\Drivers\BSP\Components
[6] = E:\STM32H750XB_MQTT\EWARM\STM32H750XB_MQTT\Obj\Drivers\CMSIS
[7] = E:\STM32H750XB_MQTT\EWARM\STM32H750XB_MQTT\Obj\Drivers\MQTT
[8] = E:\STM32H750XB_MQTT\EWARM\STM32H750XB_MQTT\Obj\Drivers\STM32H7xx_HAL_Driver
[9] = E:\STM32H750XB_MQTT\EWARM\STM32H750XB_MQTT\Obj\Drivers\cJSON
[10] = E:\STM32H750XB_MQTT\EWARM\STM32H750XB_MQTT\Obj\Middlewares\FreeRTOS
[11] = E:\STM32H750XB_MQTT\EWARM\STM32H750XB_MQTT\Obj\Middlewares\LwIP
[12] = dl7M_tlf.a
[13] = m7M_tlv.a
[14] = rt7M_tl.a
[15] = shb_l.a

  63'223 bytes of readonly  code memory
   9'008 bytes of readonly  data memory
  21'807 bytes of readwrite data memory (+ 192 absolute)

Errors: none
Warnings: none
