###############################################################################
#
# IAR ELF Linker V9.30.1.335/W64 for ARM                  07/Nov/2023  16:52:28
# Copyright 2007-2022 IAR Systems AB.
#
#    Output file  =
#        E:\STM32H750XB_MQTT\EWARM\STM32H750XB_MQTT\Exe\STM32H750XB_MQTT.out
#    Map file     =
#        E:\STM32H750XB_MQTT\EWARM\STM32H750XB_MQTT\List\STM32H750XB_MQTT.map
#    Command line =
#        -f
#        E:\STM32H750XB_MQTT\EWARM\STM32H750XB_MQTT\Exe\STM32H750XB_MQTT.out.rsp
#        (E:\STM32H750XB_MQTT\EWARM\STM32H750XB_MQTT\Obj\Middlewares\LwIP\altcp.o
#        E:\STM32H750XB_MQTT\EWARM\STM32H750XB_MQTT\Obj\Middlewares\LwIP\altcp_alloc.o
#        E:\STM32H750XB_MQTT\EWARM\STM32H750XB_MQTT\Obj\Middlewares\LwIP\altcp_tcp.o
#        E:\STM32H750XB_MQTT\EWARM\STM32H750XB_MQTT\Obj\Middlewares\LwIP\api_lib.o
#        E:\STM32H750XB_MQTT\EWARM\STM32H750XB_MQTT\Obj\Middlewares\LwIP\api_msg.o
#        E:\STM32H750XB_MQTT\EWARM\STM32H750XB_MQTT\Obj\Middlewares\LwIP\auth.o
#        E:\STM32H750XB_MQTT\EWARM\STM32H750XB_MQTT\Obj\Middlewares\LwIP\autoip.o
#        E:\STM32H750XB_MQTT\EWARM\STM32H750XB_MQTT\Obj\Middlewares\LwIP\bridgeif.o
#        E:\STM32H750XB_MQTT\EWARM\STM32H750XB_MQTT\Obj\Middlewares\LwIP\bridgeif_fdb.o
#        E:\STM32H750XB_MQTT\EWARM\STM32H750XB_MQTT\Obj\Middlewares\LwIP\ccp.o
#        E:\STM32H750XB_MQTT\EWARM\STM32H750XB_MQTT\Obj\Middlewares\LwIP\chap-md5.o
#        E:\STM32H750XB_MQTT\EWARM\STM32H750XB_MQTT\Obj\Middlewares\LwIP\chap-new.o
#        E:\STM32H750XB_MQTT\EWARM\STM32H750XB_MQTT\Obj\Middlewares\LwIP\chap_ms.o
#        E:\STM32H750XB_MQTT\EWARM\STM32H750XB_MQTT\Obj\Drivers\cJSON\cJSON.o
#        E:\STM32H750XB_MQTT\EWARM\STM32H750XB_MQTT\Obj\Middlewares\FreeRTOS\cmsis_os.o
#        E:\STM32H750XB_MQTT\EWARM\STM32H750XB_MQTT\Obj\Middlewares\FreeRTOS\croutine.o
#        E:\STM32H750XB_MQTT\EWARM\STM32H750XB_MQTT\Obj\Middlewares\LwIP\def.o
#        E:\STM32H750XB_MQTT\EWARM\STM32H750XB_MQTT\Obj\Middlewares\LwIP\demand.o
#        E:\STM32H750XB_MQTT\EWARM\STM32H750XB_MQTT\Obj\Middlewares\LwIP\dhcp.o
#        E:\STM32H750XB_MQTT\EWARM\STM32H750XB_MQTT\Obj\Middlewares\LwIP\dhcp6.o
#        E:\STM32H750XB_MQTT\EWARM\STM32H750XB_MQTT\Obj\Middlewares\LwIP\dns.o
#        E:\STM32H750XB_MQTT\EWARM\STM32H750XB_MQTT\Obj\Middlewares\LwIP\eap.o
#        E:\STM32H750XB_MQTT\EWARM\STM32H750XB_MQTT\Obj\Middlewares\LwIP\ecp.o
#        E:\STM32H750XB_MQTT\EWARM\STM32H750XB_MQTT\Obj\Middlewares\LwIP\err.o
#        E:\STM32H750XB_MQTT\EWARM\STM32H750XB_MQTT\Obj\Middlewares\LwIP\etharp.o
#        E:\STM32H750XB_MQTT\EWARM\STM32H750XB_MQTT\Obj\Middlewares\LwIP\ethernet.o
#        E:\STM32H750XB_MQTT\EWARM\STM32H750XB_MQTT\Obj\Application\User\LWIP\Target\ethernetif.o
#        E:\STM32H750XB_MQTT\EWARM\STM32H750XB_MQTT\Obj\Middlewares\LwIP\ethip6.o
#        E:\STM32H750XB_MQTT\EWARM\STM32H750XB_MQTT\Obj\Middlewares\LwIP\eui64.o
#        E:\STM32H750XB_MQTT\EWARM\STM32H750XB_MQTT\Obj\Middlewares\FreeRTOS\event_groups.o
#        E:\STM32H750XB_MQTT\EWARM\STM32H750XB_MQTT\Obj\Application\User\Core\freertos.o
#        E:\STM32H750XB_MQTT\EWARM\STM32H750XB_MQTT\Obj\Middlewares\LwIP\fsm.o
#        E:\STM32H750XB_MQTT\EWARM\STM32H750XB_MQTT\Obj\Application\User\Core\gpio.o
#        E:\STM32H750XB_MQTT\EWARM\STM32H750XB_MQTT\Obj\Middlewares\FreeRTOS\heap_4.o
#        E:\STM32H750XB_MQTT\EWARM\STM32H750XB_MQTT\Obj\Middlewares\LwIP\icmp.o
#        E:\STM32H750XB_MQTT\EWARM\STM32H750XB_MQTT\Obj\Middlewares\LwIP\icmp6.o
#        E:\STM32H750XB_MQTT\EWARM\STM32H750XB_MQTT\Obj\Middlewares\LwIP\if_api.o
#        E:\STM32H750XB_MQTT\EWARM\STM32H750XB_MQTT\Obj\Middlewares\LwIP\igmp.o
#        E:\STM32H750XB_MQTT\EWARM\STM32H750XB_MQTT\Obj\Middlewares\LwIP\inet6.o
#        E:\STM32H750XB_MQTT\EWARM\STM32H750XB_MQTT\Obj\Middlewares\LwIP\inet_chksum.o
#        E:\STM32H750XB_MQTT\EWARM\STM32H750XB_MQTT\Obj\Middlewares\LwIP\init.o
#        E:\STM32H750XB_MQTT\EWARM\STM32H750XB_MQTT\Obj\Middlewares\LwIP\ip.o
#        E:\STM32H750XB_MQTT\EWARM\STM32H750XB_MQTT\Obj\Middlewares\LwIP\ip4.o
#        E:\STM32H750XB_MQTT\EWARM\STM32H750XB_MQTT\Obj\Middlewares\LwIP\ip4_addr.o
#        E:\STM32H750XB_MQTT\EWARM\STM32H750XB_MQTT\Obj\Middlewares\LwIP\ip4_frag.o
#        E:\STM32H750XB_MQTT\EWARM\STM32H750XB_MQTT\Obj\Middlewares\LwIP\ip6.o
#        E:\STM32H750XB_MQTT\EWARM\STM32H750XB_MQTT\Obj\Middlewares\LwIP\ip6_addr.o
#        E:\STM32H750XB_MQTT\EWARM\STM32H750XB_MQTT\Obj\Middlewares\LwIP\ip6_frag.o
#        E:\STM32H750XB_MQTT\EWARM\STM32H750XB_MQTT\Obj\Middlewares\LwIP\ipcp.o
#        E:\STM32H750XB_MQTT\EWARM\STM32H750XB_MQTT\Obj\Middlewares\LwIP\ipv6cp.o
#        E:\STM32H750XB_MQTT\EWARM\STM32H750XB_MQTT\Obj\Drivers\BSP\Components\lan8742.o
#        E:\STM32H750XB_MQTT\EWARM\STM32H750XB_MQTT\Obj\Middlewares\LwIP\lcp.o
#        E:\STM32H750XB_MQTT\EWARM\STM32H750XB_MQTT\Obj\Middlewares\FreeRTOS\list.o
#        E:\STM32H750XB_MQTT\EWARM\STM32H750XB_MQTT\Obj\Middlewares\LwIP\lowpan6.o
#        E:\STM32H750XB_MQTT\EWARM\STM32H750XB_MQTT\Obj\Middlewares\LwIP\lowpan6_ble.o
#        E:\STM32H750XB_MQTT\EWARM\STM32H750XB_MQTT\Obj\Middlewares\LwIP\lowpan6_common.o
#        E:\STM32H750XB_MQTT\EWARM\STM32H750XB_MQTT\Obj\Application\User\LWIP\App\lwip.o
#        E:\STM32H750XB_MQTT\EWARM\STM32H750XB_MQTT\Obj\Middlewares\LwIP\magic.o
#        E:\STM32H750XB_MQTT\EWARM\STM32H750XB_MQTT\Obj\Application\User\Core\main.o
#        E:\STM32H750XB_MQTT\EWARM\STM32H750XB_MQTT\Obj\Middlewares\LwIP\mem.o
#        E:\STM32H750XB_MQTT\EWARM\STM32H750XB_MQTT\Obj\Middlewares\LwIP\memp.o
#        E:\STM32H750XB_MQTT\EWARM\STM32H750XB_MQTT\Obj\Middlewares\LwIP\mld6.o
#        E:\STM32H750XB_MQTT\EWARM\STM32H750XB_MQTT\Obj\Middlewares\LwIP\mppe.o
#        E:\STM32H750XB_MQTT\EWARM\STM32H750XB_MQTT\Obj\Middlewares\LwIP\mqtt.o
#        E:\STM32H750XB_MQTT\EWARM\STM32H750XB_MQTT\Obj\Drivers\MQTT\mqttclient.o
#        E:\STM32H750XB_MQTT\EWARM\STM32H750XB_MQTT\Obj\Middlewares\LwIP\multilink.o
#        E:\STM32H750XB_MQTT\EWARM\STM32H750XB_MQTT\Obj\Middlewares\LwIP\nd6.o
#        E:\STM32H750XB_MQTT\EWARM\STM32H750XB_MQTT\Obj\Middlewares\LwIP\netbuf.o
#        E:\STM32H750XB_MQTT\EWARM\STM32H750XB_MQTT\Obj\Middlewares\LwIP\netdb.o
#        E:\STM32H750XB_MQTT\EWARM\STM32H750XB_MQTT\Obj\Middlewares\LwIP\netif.o
#        E:\STM32H750XB_MQTT\EWARM\STM32H750XB_MQTT\Obj\Middlewares\LwIP\netifapi.o
#        E:\STM32H750XB_MQTT\EWARM\STM32H750XB_MQTT\Obj\Middlewares\LwIP\pbuf.o
#        E:\STM32H750XB_MQTT\EWARM\STM32H750XB_MQTT\Obj\Middlewares\FreeRTOS\port.o
#        E:\STM32H750XB_MQTT\EWARM\STM32H750XB_MQTT\Obj\Middlewares\FreeRTOS\portasm.o
#        E:\STM32H750XB_MQTT\EWARM\STM32H750XB_MQTT\Obj\Middlewares\LwIP\ppp.o
#        E:\STM32H750XB_MQTT\EWARM\STM32H750XB_MQTT\Obj\Middlewares\LwIP\pppapi.o
#        E:\STM32H750XB_MQTT\EWARM\STM32H750XB_MQTT\Obj\Middlewares\LwIP\pppcrypt.o
#        E:\STM32H750XB_MQTT\EWARM\STM32H750XB_MQTT\Obj\Middlewares\LwIP\pppoe.o
#        E:\STM32H750XB_MQTT\EWARM\STM32H750XB_MQTT\Obj\Middlewares\LwIP\pppol2tp.o
#        E:\STM32H750XB_MQTT\EWARM\STM32H750XB_MQTT\Obj\Middlewares\LwIP\pppos.o
#        E:\STM32H750XB_MQTT\EWARM\STM32H750XB_MQTT\Obj\Middlewares\FreeRTOS\queue.o
#        E:\STM32H750XB_MQTT\EWARM\STM32H750XB_MQTT\Obj\Middlewares\LwIP\raw.o
#        E:\STM32H750XB_MQTT\EWARM\STM32H750XB_MQTT\Obj\Middlewares\LwIP\slipif.o
#        E:\STM32H750XB_MQTT\EWARM\STM32H750XB_MQTT\Obj\Middlewares\LwIP\sockets.o
#        E:\STM32H750XB_MQTT\EWARM\STM32H750XB_MQTT\Obj\Application\EWARM\startup_stm32h750xx.o
#        E:\STM32H750XB_MQTT\EWARM\STM32H750XB_MQTT\Obj\Middlewares\LwIP\stats.o
#        E:\STM32H750XB_MQTT\EWARM\STM32H750XB_MQTT\Obj\Drivers\STM32H7xx_HAL_Driver\stm32h7xx_hal.o
#        E:\STM32H750XB_MQTT\EWARM\STM32H750XB_MQTT\Obj\Drivers\STM32H7xx_HAL_Driver\stm32h7xx_hal_cortex.o
#        E:\STM32H750XB_MQTT\EWARM\STM32H750XB_MQTT\Obj\Drivers\STM32H7xx_HAL_Driver\stm32h7xx_hal_dma.o
#        E:\STM32H750XB_MQTT\EWARM\STM32H750XB_MQTT\Obj\Drivers\STM32H7xx_HAL_Driver\stm32h7xx_hal_dma_ex.o
#        E:\STM32H750XB_MQTT\EWARM\STM32H750XB_MQTT\Obj\Drivers\STM32H7xx_HAL_Driver\stm32h7xx_hal_eth.o
#        E:\STM32H750XB_MQTT\EWARM\STM32H750XB_MQTT\Obj\Drivers\STM32H7xx_HAL_Driver\stm32h7xx_hal_eth_ex.o
#        E:\STM32H750XB_MQTT\EWARM\STM32H750XB_MQTT\Obj\Drivers\STM32H7xx_HAL_Driver\stm32h7xx_hal_exti.o
#        E:\STM32H750XB_MQTT\EWARM\STM32H750XB_MQTT\Obj\Drivers\STM32H7xx_HAL_Driver\stm32h7xx_hal_flash.o
#        E:\STM32H750XB_MQTT\EWARM\STM32H750XB_MQTT\Obj\Drivers\STM32H7xx_HAL_Driver\stm32h7xx_hal_flash_ex.o
#        E:\STM32H750XB_MQTT\EWARM\STM32H750XB_MQTT\Obj\Drivers\STM32H7xx_HAL_Driver\stm32h7xx_hal_gpio.o
#        E:\STM32H750XB_MQTT\EWARM\STM32H750XB_MQTT\Obj\Drivers\STM32H7xx_HAL_Driver\stm32h7xx_hal_hsem.o
#        E:\STM32H750XB_MQTT\EWARM\STM32H750XB_MQTT\Obj\Drivers\STM32H7xx_HAL_Driver\stm32h7xx_hal_i2c.o
#        E:\STM32H750XB_MQTT\EWARM\STM32H750XB_MQTT\Obj\Drivers\STM32H7xx_HAL_Driver\stm32h7xx_hal_i2c_ex.o
#        E:\STM32H750XB_MQTT\EWARM\STM32H750XB_MQTT\Obj\Drivers\STM32H7xx_HAL_Driver\stm32h7xx_hal_mdma.o
#        E:\STM32H750XB_MQTT\EWARM\STM32H750XB_MQTT\Obj\Application\User\Core\stm32h7xx_hal_msp.o
#        E:\STM32H750XB_MQTT\EWARM\STM32H750XB_MQTT\Obj\Drivers\STM32H7xx_HAL_Driver\stm32h7xx_hal_pwr.o
#        E:\STM32H750XB_MQTT\EWARM\STM32H750XB_MQTT\Obj\Drivers\STM32H7xx_HAL_Driver\stm32h7xx_hal_pwr_ex.o
#        E:\STM32H750XB_MQTT\EWARM\STM32H750XB_MQTT\Obj\Drivers\STM32H7xx_HAL_Driver\stm32h7xx_hal_rcc.o
#        E:\STM32H750XB_MQTT\EWARM\STM32H750XB_MQTT\Obj\Drivers\STM32H7xx_HAL_Driver\stm32h7xx_hal_rcc_ex.o
#        E:\STM32H750XB_MQTT\EWARM\STM32H750XB_MQTT\Obj\Drivers\STM32H7xx_HAL_Driver\stm32h7xx_hal_tim.o
#        E:\STM32H750XB_MQTT\EWARM\STM32H750XB_MQTT\Obj\Drivers\STM32H7xx_HAL_Driver\stm32h7xx_hal_tim_ex.o
#        E:\STM32H750XB_MQTT\EWARM\STM32H750XB_MQTT\Obj\Application\User\Core\stm32h7xx_hal_timebase_tim.o
#        E:\STM32H750XB_MQTT\EWARM\STM32H750XB_MQTT\Obj\Drivers\STM32H7xx_HAL_Driver\stm32h7xx_hal_uart.o
#        E:\STM32H750XB_MQTT\EWARM\STM32H750XB_MQTT\Obj\Drivers\STM32H7xx_HAL_Driver\stm32h7xx_hal_uart_ex.o
#        E:\STM32H750XB_MQTT\EWARM\STM32H750XB_MQTT\Obj\Application\User\Core\stm32h7xx_it.o
#        E:\STM32H750XB_MQTT\EWARM\STM32H750XB_MQTT\Obj\Middlewares\FreeRTOS\stream_buffer.o
#        E:\STM32H750XB_MQTT\EWARM\STM32H750XB_MQTT\Obj\Middlewares\LwIP\sys.o
#        E:\STM32H750XB_MQTT\EWARM\STM32H750XB_MQTT\Obj\Middlewares\LwIP\sys_arch.o
#        E:\STM32H750XB_MQTT\EWARM\STM32H750XB_MQTT\Obj\Drivers\CMSIS\system_stm32h7xx.o
#        E:\STM32H750XB_MQTT\EWARM\STM32H750XB_MQTT\Obj\Middlewares\FreeRTOS\tasks.o
#        E:\STM32H750XB_MQTT\EWARM\STM32H750XB_MQTT\Obj\Middlewares\LwIP\tcp.o
#        E:\STM32H750XB_MQTT\EWARM\STM32H750XB_MQTT\Obj\Middlewares\LwIP\tcp_in.o
#        E:\STM32H750XB_MQTT\EWARM\STM32H750XB_MQTT\Obj\Middlewares\LwIP\tcp_out.o
#        E:\STM32H750XB_MQTT\EWARM\STM32H750XB_MQTT\Obj\Middlewares\LwIP\tcpip.o
#        E:\STM32H750XB_MQTT\EWARM\STM32H750XB_MQTT\Obj\Middlewares\LwIP\timeouts.o
#        E:\STM32H750XB_MQTT\EWARM\STM32H750XB_MQTT\Obj\Middlewares\FreeRTOS\timers.o
#        E:\STM32H750XB_MQTT\EWARM\STM32H750XB_MQTT\Obj\Middlewares\LwIP\udp.o
#        E:\STM32H750XB_MQTT\EWARM\STM32H750XB_MQTT\Obj\Middlewares\LwIP\upap.o
#        E:\STM32H750XB_MQTT\EWARM\STM32H750XB_MQTT\Obj\Application\User\Core\usart.o
#        E:\STM32H750XB_MQTT\EWARM\STM32H750XB_MQTT\Obj\Middlewares\LwIP\utils.o
#        E:\STM32H750XB_MQTT\EWARM\STM32H750XB_MQTT\Obj\Middlewares\LwIP\vj.o
#        E:\STM32H750XB_MQTT\EWARM\STM32H750XB_MQTT\Obj\Application\User\Core\write.o
#        E:\STM32H750XB_MQTT\EWARM\STM32H750XB_MQTT\Obj\Middlewares\LwIP\zepif.o
#        --no_out_extension -o
#        E:\STM32H750XB_MQTT\EWARM\STM32H750XB_MQTT\Exe\STM32H750XB_MQTT.out
#        --redirect _Printf=_PrintfFullNoMb --redirect _Scanf=_ScanfFullNoMb
#        --map
#        E:\STM32H750XB_MQTT\EWARM\STM32H750XB_MQTT\List\STM32H750XB_MQTT.map
#        --config E:\STM32H750XB_MQTT\EWARM/stm32h750xx_flash.icf --semihosting
#        --entry __iar_program_start --vfe --text_out locale --cpu=Cortex-M7
#        --fpu=VFPv5_d16)
#
###############################################################################

*******************************************************************************
*** RUNTIME MODEL ATTRIBUTES
***

CppFlavor       = *
__CPP_Runtime   = 1
__Heap_Handler  = Basic
__SystemLibrary = DLib
__dlib_version  = 6


*******************************************************************************
*** HEAP SELECTION
***

The basic heap was selected because --advanced_heap
was not specified and the application did not appear to
be primarily optimized for speed.


*******************************************************************************
*** PLACEMENT SUMMARY
***

"A0":  place at address 0x800'0000 { ro section .intvec };
"P1":  place in [from 0x800'0000 to 0x801'ffff] { ro };
define block CSTACK with size = 4K, alignment = 8 { };
define block HEAP with size = 4K, alignment = 8 { };
"P2":  place in [from 0x2000'0000 to 0x2001'ffff] {
          rw, block CSTACK, block HEAP };
initialize by copy { rw };

  Section            Kind         Address      Size  Object
  -------            ----         -------      ----  ------
"A0":                                         0x298
  .intvec            ro code   0x800'0000     0x298  startup_stm32h750xx.o [1]
                             - 0x800'0298     0x298

"P1":                                      0x1'18ef
  .text              ro code   0x800'0298    0x1488  tcp_in.o [11]
  .text              ro code   0x800'1720      0x32  ip4_addr.o [11]
  .text              ro code   0x800'1752      0x26  def.o [11]
  .text              ro code   0x800'1778     0x8a4  pbuf.o [11]
  .text              ro code   0x800'201c    0x12a0  tcp.o [11]
  .text              ro code   0x800'32bc    0x1470  tcp_out.o [11]
  .text              ro code   0x800'472c     0x1f4  timeouts.o [11]
  .text              ro code   0x800'4920     0x3b8  ip4.o [11]
  .text              ro code   0x800'4cd8      0x28  printf.o [12]
  .text              ro code   0x800'4d00     0x134  sys_arch.o [11]
  .text              ro code   0x800'4e34     0x188  memp.o [11]
  .text              ro code   0x800'4fbc     0x228  tcpip.o [11]
  .text              ro code   0x800'51e4     0x56c  mem.o [11]
  .text              ro code   0x800'5750      0x18  ABImemcpy_small.o [14]
  .text              ro code   0x800'5768      0x9c  rand.o [12]
  .text              ro code   0x800'5804     0x3f8  netif.o [11]
  .text              ro code   0x800'5bfc       0x6  ABImemclr4.o [14]
  .text              ro code   0x800'5c02      0x7e  lz77_init_single.o [14]
  .text              ro code   0x800'5c80     0x58c  ethernetif.o [4]
  .text              ro code   0x800'620c     0x1dc  icmp.o [11]
  .text              ro code   0x800'63e8     0x884  ip4_frag.o [11]
  .text              ro code   0x800'6c6c     0x23c  udp.o [11]
  .text              ro code   0x800'6ea8     0xeaa  xprintffull_nomb.o [12]
  .rodata            const     0x800'7d52       0x2  memp.o [11]
  .text              ro code   0x800'7d54     0x2c0  cmsis_os.o [10]
  .text              ro code   0x800'8014      0x26  init.o [11]
  .rodata            const     0x800'803a       0x2  memp.o [11]
  .text              ro code   0x800'803c       0x6  ABImemclr.o [14]
  .rodata            const     0x800'8042       0x2  memp.o [11]
  .text              ro code   0x800'8044     0x7f0  etharp.o [11]
  .text              ro code   0x800'8834      0x32  ABImemset48.o [14]
  .rodata            const     0x800'8866       0x2  memp.o [11]
  .text              ro code   0x800'8868     0xf58  stm32h7xx_hal_eth.o [8]
  .text              ro code   0x800'97c0     0x7a8  queue.o [10]
  .text              ro code   0x800'9f68     0x194  lan8742.o [5]
  .text              ro code   0x800'a0fc     0x23c  main.o [2]
  .text              ro code   0x800'a338       0xc  stm32h7xx_hal.o [8]
  .text              ro code   0x800'a344     0x23c  stm32h7xx_hal_gpio.o [8]
  .text              ro code   0x800'a580     0x11c  stm32h7xx_hal_cortex.o [8]
  .text              ro code   0x800'a69c      0xbc  inet_chksum.o [11]
  .text              ro code   0x800'a758      0x16  strchr.o [14]
  .rodata            const     0x800'a76e       0x2  memp.o [11]
  .text              ro code   0x800'a770      0x40  xfail_s.o [12]
  .text              ro code   0x800'a7b0      0x14  strlen_small.o [14]
  .text              ro code   0x800'a7c4      0x58  memchr.o [14]
  .text              ro code   0x800'a81c      0x70  frexp.o [13]
  .text              ro code   0x800'a88c      0x34  DblCmpLe.o [13]
  .text              ro code   0x800'a8c0      0x34  DblCmpGe.o [13]
  .text              ro code   0x800'a8f4     0x104  ldexp.o [13]
  .text              ro code   0x800'a9f8       0xe  DblToS32.o [13]
  .text              ro code   0x800'aa06       0xe  S32ToDbl.o [13]
  .text              ro code   0x800'aa14      0x12  DblSub.o [13]
  .text              ro code   0x800'aa26      0x12  DblDiv.o [13]
  .text              ro code   0x800'aa38       0xe  DblToU32.o [13]
  .text              ro code   0x800'aa46       0xe  U32ToDbl.o [13]
  .text              ro code   0x800'aa54      0x12  DblMul.o [13]
  .rodata            const     0x800'aa66       0x2  memp.o [11]
  .text              ro code   0x800'aa68      0x3c  xlocale_c.o [12]
  .text              ro code   0x800'aaa4     0x106  I64DivMod_small.o [14]
  .rodata            const     0x800'abaa       0x2  memp.o [11]
  .text              ro code   0x800'abac     0x87c  tasks.o [10]
  .text              ro code   0x800'b428      0x12  ABImemset_small.o [14]
  .rodata            const     0x800'b43a       0x2  memp.o [11]
  .text              ro code   0x800'b43c     0x110  ethernet.o [11]
  .text              ro code   0x800'b54c      0x80  stm32h7xx_hal.o [8]
  .text              ro code   0x800'b5cc     0x3f4  stm32h7xx_hal_rcc.o [8]
  .text              ro code   0x800'b9c0       0x2  stm32h7xx_hal_eth.o [8]
  .text              ro code   0x800'b9c2       0x2  stm32h7xx_hal_eth.o [8]
  .text              ro code   0x800'b9c4       0x2  stm32h7xx_hal_eth.o [8]
  .rodata            const     0x800'b9c6       0x2  memp.o [11]
  .text              ro code   0x800'b9c8     0x1c6  port.o [10]
  .text              ro code   0x800'bb8e      0x94  list.o [10]
  .rodata            const     0x800'bc22       0x2  memp.o [11]
  .text              ro code   0x800'bc24     0x1b0  heap_4.o [10]
  .text              ro code   0x800'bdd4      0x28  stm32h7xx_hal.o [8]
  .text              ro code   0x800'bdfc      0x98  gpio.o [2]
  .text              ro code   0x800'be94      0xec  usart.o [2]
  .text              ro code   0x800'bf80     0x1a0  freertos.o [2]
  .text              ro code   0x800'c120      0x48  stm32h7xx_hal_pwr_ex.o [8]
  .text              ro code   0x800'c168     0x510  stm32h7xx_hal_rcc.o [8]
  .text              ro code   0x800'c678      0x10  stm32h7xx_hal.o [8]
  .text              ro code   0x800'c688       0x6  abort.o [12]
  .rodata            const     0x800'c68e       0x2  memp.o [11]
  .text              ro code   0x800'c690       0x2  I64DivZer.o [14]
  .rodata            const     0x800'c692       0x2  memp.o [11]
  .text              ro code   0x800'c694      0x1e  memcmp_small.o [14]
  .rodata            const     0x800'c6b2       0x2  memp.o [11]
  .text              ro code   0x800'c6b4      0x90  stm32h7xx_hal_timebase_tim.o [2]
  .text              ro code   0x800'c744      0x28  stm32h7xx_hal_msp.o [2]
  .text              ro code   0x800'c76c      0x2c  port.o [10]
  CODE               ro code   0x800'c798      0xb0  portasm.o [10]
  .text              ro code   0x800'c848      0x14  memset.o [14]
  .text              ro code   0x800'c85c     0x7b4  stm32h7xx_hal_uart.o [8]
  .text              ro code   0x800'd010      0xf4  stm32h7xx_hal_uart_ex.o [8]
  .text              ro code   0x800'd104     0xbb0  stm32h7xx_hal_rcc_ex.o [8]
  .text              ro code   0x800'dcb4    0x10b0  mqtt.o [11]
  .text              ro code   0x800'ed64      0xca  mqttclient.o [7]
  .rodata            const     0x800'ee2e       0x2  xlocale_c.o [12]
  .text              ro code   0x800'ee30      0xf8  lwip.o [3]
  .text              ro code   0x800'ef28      0x14  exit.o [15]
  .text              ro code   0x800'ef3c     0x344  stm32h7xx_hal_tim.o [8]
  .text              ro code   0x800'f280     0x14e  iar_Stoulx.o [12]
  .rodata            const     0x800'f3ce       0x2  xlocale_c.o [12]
  .text              ro code   0x800'f3d0      0x4c  strtok.o [12]
  .text              ro code   0x800'f41c       0x2  stm32h7xx_hal_tim.o [8]
  .text              ro code   0x800'f41e       0x2  stm32h7xx_hal_tim.o [8]
  .text              ro code   0x800'f420       0x2  stm32h7xx_hal_tim.o [8]
  .text              ro code   0x800'f422       0x2  stm32h7xx_hal_tim_ex.o [8]
  .text              ro code   0x800'f424       0x2  stm32h7xx_hal_tim_ex.o [8]
  .text              ro code   0x800'f426       0x2  stm32h7xx_hal_tim.o [8]
  .text              ro code   0x800'f428       0x2  stm32h7xx_hal_tim_ex.o [8]
  .text              ro code   0x800'f42a       0x2  stm32h7xx_hal_tim.o [8]
  .text              ro code   0x800'f42c      0x14  isspace.o [12]
  .text              ro code   0x800'f440      0x14  tolower.o [12]
  .text              ro code   0x800'f454      0x22  strspn.o [12]
  .text              ro code   0x800'f476      0x22  strcspn.o [12]
  .rodata            const     0x800'f498     0x650  mqtt.o [11]
  .rodata            const     0x800'fae8     0x520  tcp_out.o [11]
  .rodata            const     0x801'0008     0x498  tcp.o [11]
  .rodata            const     0x801'04a0     0x284  tcp_in.o [11]
  .rodata            const     0x801'0724     0x278  pbuf.o [11]
  .rodata            const     0x801'099c     0x1f4  etharp.o [11]
  .rodata            const     0x801'0b90     0x198  mem.o [11]
  .rodata            const     0x801'0d28     0x150  netif.o [11]
  .rodata            const     0x801'0e78     0x150  udp.o [11]
  .rodata            const     0x801'0fc8     0x108  icmp.o [11]
  .rodata            const     0x801'10d0      0xf4  ip4_frag.o [11]
  .rodata            const     0x801'11c4      0xe8  timeouts.o [11]
  .text              ro code   0x801'12ac      0xd4  system_stm32h7xx.o [6]
  .rodata            const     0x801'1380      0xc4  memp.o [11]
  .rodata            const     0x801'1444      0xb4  tcpip.o [11]
  .rodata            const     0x801'14f8      0xa4  ethernet.o [11]
  .rodata            const     0x801'159c      0xa0  ip4.o [11]
  .rodata            const     0x801'163c      0x58  ethernetif.o [4]
  .rodata            const     0x801'1694      0x50  iar_Stoulx.o [12]
  .text              ro code   0x801'16e4      0x44  putchar.o [12]
  .text              ro code   0x801'1728      0x30  write.o [2]
  .text              ro code   0x801'1758      0x38  zero_init3.o [14]
  .text              ro code   0x801'1790      0x28  data_init.o [14]
  .text              ro code   0x801'17b8      0x22  fpinit_M.o [13]
  .iar.init_table    const     0x801'17dc      0x28  - Linker created -
  .rodata            const     0x801'1804       0x1  xlocale_c.o [12]
  .text              ro code   0x801'1808      0x20  stm32h7xx_it.o [2]
  .text              ro code   0x801'1828      0x1e  cmain.o [14]
  .text              ro code   0x801'1846       0x4  low_level_init.o [12]
  .text              ro code   0x801'184a       0x4  exit.o [12]
  .text              ro code   0x801'1850       0xa  cexit.o [14]
  .text              ro code   0x801'185c      0x1c  cstartup_M.o [14]
  .text              ro code   0x801'1878      0x16  xprout.o [12]
  .rodata            const     0x801'1890      0x10  freertos.o [2]
  .text              ro code   0x801'18a0      0x10  startup_stm32h750xx.o [1]
  .rodata            const     0x801'18b0       0xc  freertos.o [2]
  .rodata            const     0x801'18bc       0x8  ethernet.o [11]
  .rodata            const     0x801'18c4       0x8  ethernetif.o [4]
  .rodata            const     0x801'18cc       0x8  lwip.o [3]
  .rodata            const     0x801'18d4       0x4  ip4_addr.o [11]
  .text              ro code   0x801'18d8       0x4  startup_stm32h750xx.o [1]
  .text              ro code   0x801'18dc       0x4  startup_stm32h750xx.o [1]
  .text              ro code   0x801'18e0       0x4  startup_stm32h750xx.o [1]
  .text              ro code   0x801'18e4       0x4  startup_stm32h750xx.o [1]
  .text              ro code   0x801'18e8       0x4  startup_stm32h750xx.o [1]
  .text              ro code   0x801'18ec       0x4  startup_stm32h750xx.o [1]
  .text              ro code   0x801'18f0       0x4  startup_stm32h750xx.o [1]
  .text              ro code   0x801'18f4       0x4  startup_stm32h750xx.o [1]
  .text              ro code   0x801'18f8       0x4  startup_stm32h750xx.o [1]
  .text              ro code   0x801'18fc       0x4  startup_stm32h750xx.o [1]
  .text              ro code   0x801'1900       0x4  startup_stm32h750xx.o [1]
  .text              ro code   0x801'1904       0x4  startup_stm32h750xx.o [1]
  .text              ro code   0x801'1908       0x4  startup_stm32h750xx.o [1]
  .text              ro code   0x801'190c       0x4  startup_stm32h750xx.o [1]
  .text              ro code   0x801'1910       0x4  startup_stm32h750xx.o [1]
  .text              ro code   0x801'1914       0x4  startup_stm32h750xx.o [1]
  .text              ro code   0x801'1918       0x4  startup_stm32h750xx.o [1]
  .text              ro code   0x801'191c       0x4  startup_stm32h750xx.o [1]
  .text              ro code   0x801'1920       0x4  startup_stm32h750xx.o [1]
  .text              ro code   0x801'1924       0x4  startup_stm32h750xx.o [1]
  .text              ro code   0x801'1928       0x4  startup_stm32h750xx.o [1]
  .text              ro code   0x801'192c       0x4  startup_stm32h750xx.o [1]
  .text              ro code   0x801'1930       0x4  startup_stm32h750xx.o [1]
  .text              ro code   0x801'1934       0x4  startup_stm32h750xx.o [1]
  .text              ro code   0x801'1938       0x4  startup_stm32h750xx.o [1]
  .text              ro code   0x801'193c       0x4  startup_stm32h750xx.o [1]
  .text              ro code   0x801'1940       0x4  startup_stm32h750xx.o [1]
  .text              ro code   0x801'1944       0x4  startup_stm32h750xx.o [1]
  .text              ro code   0x801'1948       0x4  startup_stm32h750xx.o [1]
  .text              ro code   0x801'194c       0x4  startup_stm32h750xx.o [1]
  .text              ro code   0x801'1950       0x4  startup_stm32h750xx.o [1]
  .text              ro code   0x801'1954       0x4  startup_stm32h750xx.o [1]
  .text              ro code   0x801'1958       0x4  startup_stm32h750xx.o [1]
  .text              ro code   0x801'195c       0x4  startup_stm32h750xx.o [1]
  .text              ro code   0x801'1960       0x4  startup_stm32h750xx.o [1]
  .text              ro code   0x801'1964       0x4  startup_stm32h750xx.o [1]
  .text              ro code   0x801'1968       0x4  startup_stm32h750xx.o [1]
  .text              ro code   0x801'196c       0x4  startup_stm32h750xx.o [1]
  .text              ro code   0x801'1970       0x4  startup_stm32h750xx.o [1]
  .text              ro code   0x801'1974       0x4  startup_stm32h750xx.o [1]
  .text              ro code   0x801'1978       0x4  startup_stm32h750xx.o [1]
  .text              ro code   0x801'197c       0x4  startup_stm32h750xx.o [1]
  .text              ro code   0x801'1980       0x4  startup_stm32h750xx.o [1]
  .text              ro code   0x801'1984       0x4  startup_stm32h750xx.o [1]
  .text              ro code   0x801'1988       0x4  startup_stm32h750xx.o [1]
  .text              ro code   0x801'198c       0x4  startup_stm32h750xx.o [1]
  .text              ro code   0x801'1990       0x4  startup_stm32h750xx.o [1]
  .text              ro code   0x801'1994       0x4  startup_stm32h750xx.o [1]
  .text              ro code   0x801'1998       0x4  startup_stm32h750xx.o [1]
  .text              ro code   0x801'199c       0x4  startup_stm32h750xx.o [1]
  .text              ro code   0x801'19a0       0x4  startup_stm32h750xx.o [1]
  .text              ro code   0x801'19a4       0x4  startup_stm32h750xx.o [1]
  .text              ro code   0x801'19a8       0x4  startup_stm32h750xx.o [1]
  .text              ro code   0x801'19ac       0x4  startup_stm32h750xx.o [1]
  .text              ro code   0x801'19b0       0x4  startup_stm32h750xx.o [1]
  .text              ro code   0x801'19b4       0x4  startup_stm32h750xx.o [1]
  .text              ro code   0x801'19b8       0x4  startup_stm32h750xx.o [1]
  .text              ro code   0x801'19bc       0x4  startup_stm32h750xx.o [1]
  .text              ro code   0x801'19c0       0x4  startup_stm32h750xx.o [1]
  .text              ro code   0x801'19c4       0x4  startup_stm32h750xx.o [1]
  .text              ro code   0x801'19c8       0x4  startup_stm32h750xx.o [1]
  .text              ro code   0x801'19cc       0x4  startup_stm32h750xx.o [1]
  .text              ro code   0x801'19d0       0x4  startup_stm32h750xx.o [1]
  .text              ro code   0x801'19d4       0x4  startup_stm32h750xx.o [1]
  .text              ro code   0x801'19d8       0x4  startup_stm32h750xx.o [1]
  .text              ro code   0x801'19dc       0x4  startup_stm32h750xx.o [1]
  .text              ro code   0x801'19e0       0x4  startup_stm32h750xx.o [1]
  .text              ro code   0x801'19e4       0x4  startup_stm32h750xx.o [1]
  .text              ro code   0x801'19e8       0x4  startup_stm32h750xx.o [1]
  .text              ro code   0x801'19ec       0x4  startup_stm32h750xx.o [1]
  .text              ro code   0x801'19f0       0x4  startup_stm32h750xx.o [1]
  .text              ro code   0x801'19f4       0x4  startup_stm32h750xx.o [1]
  .text              ro code   0x801'19f8       0x4  startup_stm32h750xx.o [1]
  .text              ro code   0x801'19fc       0x4  startup_stm32h750xx.o [1]
  .text              ro code   0x801'1a00       0x4  startup_stm32h750xx.o [1]
  .text              ro code   0x801'1a04       0x4  startup_stm32h750xx.o [1]
  .text              ro code   0x801'1a08       0x4  startup_stm32h750xx.o [1]
  .text              ro code   0x801'1a0c       0x4  startup_stm32h750xx.o [1]
  .text              ro code   0x801'1a10       0x4  startup_stm32h750xx.o [1]
  .text              ro code   0x801'1a14       0x4  startup_stm32h750xx.o [1]
  .text              ro code   0x801'1a18       0x4  startup_stm32h750xx.o [1]
  .text              ro code   0x801'1a1c       0x4  startup_stm32h750xx.o [1]
  .text              ro code   0x801'1a20       0x4  startup_stm32h750xx.o [1]
  .text              ro code   0x801'1a24       0x4  startup_stm32h750xx.o [1]
  .text              ro code   0x801'1a28       0x4  startup_stm32h750xx.o [1]
  .text              ro code   0x801'1a2c       0x4  startup_stm32h750xx.o [1]
  .text              ro code   0x801'1a30       0x4  startup_stm32h750xx.o [1]
  .text              ro code   0x801'1a34       0x4  startup_stm32h750xx.o [1]
  .text              ro code   0x801'1a38       0x4  startup_stm32h750xx.o [1]
  .text              ro code   0x801'1a3c       0x4  startup_stm32h750xx.o [1]
  .text              ro code   0x801'1a40       0x4  startup_stm32h750xx.o [1]
  .text              ro code   0x801'1a44       0x4  startup_stm32h750xx.o [1]
  .text              ro code   0x801'1a48       0x4  startup_stm32h750xx.o [1]
  .text              ro code   0x801'1a4c       0x4  startup_stm32h750xx.o [1]
  .text              ro code   0x801'1a50       0x4  startup_stm32h750xx.o [1]
  .text              ro code   0x801'1a54       0x4  startup_stm32h750xx.o [1]
  .text              ro code   0x801'1a58       0x4  startup_stm32h750xx.o [1]
  .text              ro code   0x801'1a5c       0x4  startup_stm32h750xx.o [1]
  .text              ro code   0x801'1a60       0x4  startup_stm32h750xx.o [1]
  .text              ro code   0x801'1a64       0x4  startup_stm32h750xx.o [1]
  .text              ro code   0x801'1a68       0x4  startup_stm32h750xx.o [1]
  .text              ro code   0x801'1a6c       0x4  startup_stm32h750xx.o [1]
  .text              ro code   0x801'1a70       0x4  startup_stm32h750xx.o [1]
  .text              ro code   0x801'1a74       0x4  startup_stm32h750xx.o [1]
  .text              ro code   0x801'1a78       0x4  startup_stm32h750xx.o [1]
  .text              ro code   0x801'1a7c       0x4  startup_stm32h750xx.o [1]
  .text              ro code   0x801'1a80       0x4  startup_stm32h750xx.o [1]
  .text              ro code   0x801'1a84       0x4  startup_stm32h750xx.o [1]
  .text              ro code   0x801'1a88       0x4  startup_stm32h750xx.o [1]
  .text              ro code   0x801'1a8c       0x4  startup_stm32h750xx.o [1]
  .text              ro code   0x801'1a90       0x4  startup_stm32h750xx.o [1]
  .text              ro code   0x801'1a94       0x4  startup_stm32h750xx.o [1]
  .text              ro code   0x801'1a98       0x4  startup_stm32h750xx.o [1]
  .text              ro code   0x801'1a9c       0x4  startup_stm32h750xx.o [1]
  .text              ro code   0x801'1aa0       0x4  startup_stm32h750xx.o [1]
  .text              ro code   0x801'1aa4       0x4  startup_stm32h750xx.o [1]
  .text              ro code   0x801'1aa8       0x4  startup_stm32h750xx.o [1]
  .text              ro code   0x801'1aac       0x4  startup_stm32h750xx.o [1]
  .text              ro code   0x801'1ab0       0x4  startup_stm32h750xx.o [1]
  .text              ro code   0x801'1ab4       0x4  startup_stm32h750xx.o [1]
  .text              ro code   0x801'1ab8       0x4  startup_stm32h750xx.o [1]
  .text              ro code   0x801'1abc       0x4  startup_stm32h750xx.o [1]
  .text              ro code   0x801'1ac0       0x4  startup_stm32h750xx.o [1]
  .text              ro code   0x801'1ac4       0x4  startup_stm32h750xx.o [1]
  .text              ro code   0x801'1ac8       0x4  startup_stm32h750xx.o [1]
  .text              ro code   0x801'1acc       0x4  startup_stm32h750xx.o [1]
  .text              ro code   0x801'1ad0       0x4  startup_stm32h750xx.o [1]
  .text              ro code   0x801'1ad4       0x4  startup_stm32h750xx.o [1]
  .text              ro code   0x801'1ad8       0x4  startup_stm32h750xx.o [1]
  .text              ro code   0x801'1adc       0x4  startup_stm32h750xx.o [1]
  .text              ro code   0x801'1ae0       0x4  startup_stm32h750xx.o [1]
  .text              ro code   0x801'1ae4       0x4  startup_stm32h750xx.o [1]
  .text              ro code   0x801'1ae8       0x4  startup_stm32h750xx.o [1]
  .text              ro code   0x801'1aec       0x4  startup_stm32h750xx.o [1]
  .text              ro code   0x801'1af0       0x4  startup_stm32h750xx.o [1]
  .text              ro code   0x801'1af4       0x4  startup_stm32h750xx.o [1]
  .text              ro code   0x801'1af8       0x4  startup_stm32h750xx.o [1]
  .text              ro code   0x801'1afc       0x4  startup_stm32h750xx.o [1]
  .rodata            const     0x801'1b00       0x0  zero_init3.o [14]
  .rodata            const     0x801'1b00       0x0  lz77_init_single.o [14]
  Initializer bytes  const     0x801'1b00      0x87  <for P2-1>
                             - 0x801'1b87  0x1'18ef

"P2", part 1 of 3:                            0x18e
  P2-1                        0x2000'0000     0x18e  <Init block>
    .data            inited   0x2000'0000      0x78  ethernetif.o [4]
    .data            inited   0x2000'0078       0xc  port.o [10]
    .data            inited   0x2000'0084       0xc  stm32h7xx_hal.o [8]
    .data            inited   0x2000'0090       0x8  system_stm32h7xx.o [6]
    .data            inited   0x2000'0098      0x1c  tcp.o [11]
    .data            inited   0x2000'00b4       0x8  udp.o [11]
    .data            inited   0x2000'00bc       0x8  rand.o [12]
    .data            inited   0x2000'00c4      0x38  xlocale_c.o [12]
    .data            inited   0x2000'00fc      0x48  xlocale_c.o [12]
    .data            inited   0x2000'0144      0x48  xfiles.o [12]
    .data            inited   0x2000'018c       0x2  tcp.o [11]
                            - 0x2000'018e     0x18e

"P2", part 2 of 3:                           0x43ec
  .bss               zero     0x2000'0190    0x3c20  heap_4.o [10]
  .bss               zero     0x2000'3db0     0x254  freertos.o [2]
  .bss               zero     0x2000'4004      0xf0  etharp.o [11]
  .bss               zero     0x2000'40f4      0xb0  ethernetif.o [4]
  .bss               zero     0x2000'41a4      0x9c  tasks.o [10]
  .bss               zero     0x2000'4240      0x94  usart.o [2]
  .bss               zero     0x2000'42d4      0x8c  tasks.o [10]
  .bss               zero     0x2000'4360      0x84  rand.o [12]
  .bss               zero     0x2000'43e4      0x50  lwip.o [3]
  .bss               zero     0x2000'4434      0x50  xfiles.o [12]
  .bss               zero     0x2000'4484      0x4c  stm32h7xx_hal_timebase_tim.o [2]
  .bss               zero     0x2000'44d0      0x38  tcp_in.o [11]
  .bss               zero     0x2000'4508      0x18  ip.o [11]
  .bss               zero     0x2000'4520      0x10  mem.o [11]
  .bss               zero     0x2000'4530      0x10  tcpip.o [11]
  .bss               zero     0x2000'4540       0xc  netif.o [11]
  .bss               zero     0x2000'454c       0x8  freertos.o [2]
  .bss               zero     0x2000'4554       0x8  ip4_frag.o [11]
  .bss               zero     0x2000'455c       0x8  timeouts.o [11]
  .bss               zero     0x2000'4564       0x4  sys_arch.o [11]
  .bss               zero     0x2000'4568       0x4  timeouts.o [11]
  .bss               zero     0x2000'456c       0x4  strtok.o [12]
  .bss               zero     0x2000'4570       0x4  xfail_s.o [12]
  .bss               zero     0x2000'4574       0x2  ip4.o [11]
  .bss               zero     0x2000'4576       0x1  etharp.o [11]
  .bss               zero     0x2000'4577       0x1  pbuf.o [11]
  .bss               zero     0x2000'4578       0x1  tcp.o [11]
                            - 0x2000'4579    0x43e9

"P2", part 3 of 3:                           0x1000
  CSTACK                      0x2000'4580    0x1000  <Block>
    CSTACK           uninit   0x2000'4580    0x1000  <Block tail>
                            - 0x2000'5580    0x1000

Absolute sections:                             0xc0
  .bss               zero     0x3004'0000      0x60  ethernetif.o [4]
  .bss               zero     0x3004'0060      0x60  ethernetif.o [4]
                            - 0x3004'00c0      0xc0

Unused ranges:

         From           To      Size
         ----           --      ----
   0x801'1b87   0x801'ffff    0xe479
  0x2000'018e  0x2000'018f       0x2
  0x2000'457c  0x2000'457f       0x4
  0x2000'5580  0x2001'ffff  0x1'aa80


*******************************************************************************
*** INIT TABLE
***

          Address      Size
          -------      ----
Zero (__iar_zero_init3)
    2 destination ranges, total size 0x44a9:
          0x2000'0190  0x43e9
          0x3004'0000    0xc0

Copy/lz77 (__iar_lz77_init_single3)
    1 source range, total size 0x87 (33% of destination):
           0x801'1b00    0x87
    1 destination range, total size 0x18e:
          0x2000'0000   0x18e



*******************************************************************************
*** MODULE SUMMARY
***

    Module                        ro code  ro data  rw data  rw data
                                                              (abs)
    ------                        -------  -------  -------  -------
command line/config:
    ----------------------------------------------------------------
    Total:

E:\STM32H750XB_MQTT\EWARM\STM32H750XB_MQTT\Obj\Application\EWARM: [1]
    startup_stm32h750xx.o           1'232
    ----------------------------------------------------------------
    Total:                          1'232

E:\STM32H750XB_MQTT\EWARM\STM32H750XB_MQTT\Obj\Application\User\Core: [2]
    freertos.o                        416       28      604
    gpio.o                            152
    main.o                            572
    stm32h7xx_hal_msp.o                40
    stm32h7xx_hal_timebase_tim.o      144                76
    stm32h7xx_it.o                     32
    usart.o                           236               148
    write.o                            48
    ----------------------------------------------------------------
    Total:                          1'640       28      828

E:\STM32H750XB_MQTT\EWARM\STM32H750XB_MQTT\Obj\Application\User\LWIP\App: [3]
    lwip.o                            248        8       80
    ----------------------------------------------------------------
    Total:                            248        8       80

E:\STM32H750XB_MQTT\EWARM\STM32H750XB_MQTT\Obj\Application\User\LWIP\Target: [4]
    ethernetif.o                    1'420      136      296      192
    ----------------------------------------------------------------
    Total:                          1'420      136      296      192

E:\STM32H750XB_MQTT\EWARM\STM32H750XB_MQTT\Obj\Drivers\BSP\Components: [5]
    lan8742.o                         404
    ----------------------------------------------------------------
    Total:                            404

E:\STM32H750XB_MQTT\EWARM\STM32H750XB_MQTT\Obj\Drivers\CMSIS: [6]
    system_stm32h7xx.o                212        3        8
    ----------------------------------------------------------------
    Total:                            212        3        8

E:\STM32H750XB_MQTT\EWARM\STM32H750XB_MQTT\Obj\Drivers\MQTT: [7]
    mqttclient.o                      202
    ----------------------------------------------------------------
    Total:                            202

E:\STM32H750XB_MQTT\EWARM\STM32H750XB_MQTT\Obj\Drivers\STM32H7xx_HAL_Driver: [8]
    stm32h7xx_hal.o                   196        4       12
    stm32h7xx_hal_cortex.o            284
    stm32h7xx_hal_eth.o             3'934
    stm32h7xx_hal_gpio.o              572
    stm32h7xx_hal_pwr_ex.o             72
    stm32h7xx_hal_rcc.o             2'308
    stm32h7xx_hal_rcc_ex.o          2'992
    stm32h7xx_hal_tim.o               846
    stm32h7xx_hal_tim_ex.o              6
    stm32h7xx_hal_uart.o            1'972
    stm32h7xx_hal_uart_ex.o           244
    ----------------------------------------------------------------
    Total:                         13'426        4       12

E:\STM32H750XB_MQTT\EWARM\STM32H750XB_MQTT\Obj\Drivers\cJSON: [9]
    ----------------------------------------------------------------
    Total:

E:\STM32H750XB_MQTT\EWARM\STM32H750XB_MQTT\Obj\Middlewares\FreeRTOS: [10]
    cmsis_os.o                        704
    heap_4.o                          432            15'392
    list.o                            148
    port.o                            498        4       12
    portasm.o                         176
    queue.o                         1'960
    tasks.o                         2'172               296
    ----------------------------------------------------------------
    Total:                          6'090        4   15'700

E:\STM32H750XB_MQTT\EWARM\STM32H750XB_MQTT\Obj\Middlewares\LwIP: [11]
    def.o                              38
    etharp.o                        2'032      500      241
    ethernet.o                        272      172
    icmp.o                            476      264
    inet_chksum.o                     188
    init.o                             38
    ip.o                                                 24
    ip4.o                             952      160        2
    ip4_addr.o                         50        4
    ip4_frag.o                      2'180      244        8
    mem.o                           1'388      408       16
    memp.o                            392      222
    mqtt.o                          4'272    1'616
    netif.o                         1'016      336       12
    pbuf.o                          2'212      632        1
    sys_arch.o                        308                 4
    tcp.o                           4'768    1'187       31
    tcp_in.o                        5'256      644       56
    tcp_out.o                       5'232    1'312
    tcpip.o                           552      180       16
    timeouts.o                        500      232       12
    udp.o                             572      338        8
    ----------------------------------------------------------------
    Total:                         32'694    8'451      431

dl7M_tlf.a: [12]
    abort.o                             6
    exit.o                              4
    iar_Stoulx.o                      334       80
    isspace.o                          20
    low_level_init.o                    4
    printf.o                           40
    putchar.o                          68
    rand.o                            156        3      140
    strcspn.o                          34
    strspn.o                           34
    strtok.o                           76                 4
    tolower.o                          20
    xfail_s.o                          64                 4
    xfiles.o                                    25      152
    xlocale_c.o                        60       48      128
    xprintffull_nomb.o              3'754
    xprout.o                           22
    ----------------------------------------------------------------
    Total:                          4'696      156      428

m7M_tlv.a: [13]
    DblCmpGe.o                         52
    DblCmpLe.o                         52
    DblDiv.o                           18
    DblMul.o                           18
    DblSub.o                           18
    DblToS32.o                         14
    DblToU32.o                         14
    S32ToDbl.o                         14
    U32ToDbl.o                         14
    fpinit_M.o                         34
    frexp.o                           112
    ldexp.o                           260
    ----------------------------------------------------------------
    Total:                            620

rt7M_tl.a: [14]
    ABImemclr.o                         6
    ABImemclr4.o                        6
    ABImemcpy_small.o                  24
    ABImemset48.o                      50
    ABImemset_small.o                  18
    I64DivMod_small.o                 262
    I64DivZer.o                         2
    cexit.o                            10
    cmain.o                            30
    cstartup_M.o                       28
    data_init.o                        40
    lz77_init_single.o                126
    memchr.o                           88
    memcmp_small.o                     30
    memset.o                           20
    strchr.o                           22
    strlen_small.o                     20
    zero_init3.o                       56
    ----------------------------------------------------------------
    Total:                            838

shb_l.a: [15]
    exit.o                             20
    ----------------------------------------------------------------
    Total:                             20

    Gaps                                7        4
    Linker created                              40    4'096
--------------------------------------------------------------------
    Grand Total:                   63'749    8'834   21'879      192


*******************************************************************************
*** ENTRY LIST
***

Entry                       Address    Size  Type      Object
-----                       -------    ----  ----      ------
.iar.init_table$$Base    0x801'17dc           --   Gb  - Linker created -
.iar.init_table$$Limit   0x801'1804           --   Gb  - Linker created -
?main                    0x801'1829          Code  Gb  cmain.o [14]
ADC3_IRQHandler          0x801'1ab1          Code  Wk  startup_stm32h750xx.o [1]
ADC_IRQHandler           0x801'1921          Code  Wk  startup_stm32h750xx.o [1]
BDMA_Channel0_IRQHandler
                         0x801'1ab9          Code  Wk  startup_stm32h750xx.o [1]
BDMA_Channel1_IRQHandler
                         0x801'1abd          Code  Wk  startup_stm32h750xx.o [1]
BDMA_Channel2_IRQHandler
                         0x801'1ac1          Code  Wk  startup_stm32h750xx.o [1]
BDMA_Channel3_IRQHandler
                         0x801'1ac5          Code  Wk  startup_stm32h750xx.o [1]
BDMA_Channel4_IRQHandler
                         0x801'1ac9          Code  Wk  startup_stm32h750xx.o [1]
BDMA_Channel5_IRQHandler
                         0x801'1acd          Code  Wk  startup_stm32h750xx.o [1]
BDMA_Channel6_IRQHandler
                         0x801'1ad1          Code  Wk  startup_stm32h750xx.o [1]
BDMA_Channel7_IRQHandler
                         0x801'1ad5          Code  Wk  startup_stm32h750xx.o [1]
BusFault_Handler         0x801'180f     0x2  Code  Gb  stm32h7xx_it.o [2]
CEC_IRQHandler           0x801'1a35          Code  Wk  startup_stm32h750xx.o [1]
COMP1_IRQHandler         0x801'1ad9          Code  Wk  startup_stm32h750xx.o [1]
CRS_IRQHandler           0x801'1af1          Code  Wk  startup_stm32h750xx.o [1]
CRYP_IRQHandler          0x801'19f9          Code  Wk  startup_stm32h750xx.o [1]
CSTACK$$Base            0x2000'4580           --   Gb  - Linker created -
CSTACK$$Limit           0x2000'5580           --   Gb  - Linker created -
D1CorePrescTable         0x801'1370    0x10  Data  Gb  system_stm32h7xx.o [6]
DCMI_IRQHandler          0x801'19f5          Code  Wk  startup_stm32h750xx.o [1]
DFSDM1_FLT0_IRQHandler   0x801'1a75          Code  Wk  startup_stm32h750xx.o [1]
DFSDM1_FLT1_IRQHandler   0x801'1a79          Code  Wk  startup_stm32h750xx.o [1]
DFSDM1_FLT2_IRQHandler   0x801'1a7d          Code  Wk  startup_stm32h750xx.o [1]
DFSDM1_FLT3_IRQHandler   0x801'1a81          Code  Wk  startup_stm32h750xx.o [1]
DMA1_Stream0_IRQHandler
                         0x801'1905          Code  Wk  startup_stm32h750xx.o [1]
DMA1_Stream1_IRQHandler
                         0x801'1909          Code  Wk  startup_stm32h750xx.o [1]
DMA1_Stream2_IRQHandler
                         0x801'190d          Code  Wk  startup_stm32h750xx.o [1]
DMA1_Stream3_IRQHandler
                         0x801'1911          Code  Wk  startup_stm32h750xx.o [1]
DMA1_Stream4_IRQHandler
                         0x801'1915          Code  Wk  startup_stm32h750xx.o [1]
DMA1_Stream5_IRQHandler
                         0x801'1919          Code  Wk  startup_stm32h750xx.o [1]
DMA1_Stream6_IRQHandler
                         0x801'191d          Code  Wk  startup_stm32h750xx.o [1]
DMA1_Stream7_IRQHandler
                         0x801'1991          Code  Wk  startup_stm32h750xx.o [1]
DMA2D_IRQHandler         0x801'1a25          Code  Wk  startup_stm32h750xx.o [1]
DMA2_Stream0_IRQHandler
                         0x801'19b1          Code  Wk  startup_stm32h750xx.o [1]
DMA2_Stream1_IRQHandler
                         0x801'19b5          Code  Wk  startup_stm32h750xx.o [1]
DMA2_Stream2_IRQHandler
                         0x801'19b9          Code  Wk  startup_stm32h750xx.o [1]
DMA2_Stream3_IRQHandler
                         0x801'19bd          Code  Wk  startup_stm32h750xx.o [1]
DMA2_Stream4_IRQHandler
                         0x801'19c1          Code  Wk  startup_stm32h750xx.o [1]
DMA2_Stream5_IRQHandler
                         0x801'19cd          Code  Wk  startup_stm32h750xx.o [1]
DMA2_Stream6_IRQHandler
                         0x801'19d1          Code  Wk  startup_stm32h750xx.o [1]
DMA2_Stream7_IRQHandler
                         0x801'19d5          Code  Wk  startup_stm32h750xx.o [1]
DMAMUX1_OVR_IRQHandler   0x801'1a55          Code  Wk  startup_stm32h750xx.o [1]
DMAMUX2_OVR_IRQHandler   0x801'1ab5          Code  Wk  startup_stm32h750xx.o [1]
DMARxDscrTab            0x3004'0000    0x60  Data  Gb  ethernetif.o [4]
DMATxDscrTab            0x3004'0060    0x60  Data  Gb  ethernetif.o [4]
DebugMon_Handler         0x801'1813     0x2  Code  Gb  stm32h7xx_it.o [2]
ECC_IRQHandler           0x801'1af5          Code  Wk  startup_stm32h750xx.o [1]
ETH_IRQHandler           0x801'181b     0x6  Code  Gb  stm32h7xx_it.o [2]
ETH_PHY_IO_DeInit        0x800'603b     0x4  Code  Gb  ethernetif.o [4]
ETH_PHY_IO_GetTick       0x800'6065     0x4  Code  Gb  ethernetif.o [4]
ETH_PHY_IO_Init          0x800'602f     0xc  Code  Gb  ethernetif.o [4]
ETH_PHY_IO_ReadReg       0x800'603f    0x10  Code  Gb  ethernetif.o [4]
ETH_PHY_IO_WriteReg      0x800'604f     0xe  Code  Gb  ethernetif.o [4]
ETH_Prepare_Tx_Descriptors
                         0x800'93e9   0x38c  Code  Lc  stm32h7xx_hal_eth.o [8]
ETH_SetDMAConfig         0x800'9369    0x78  Code  Lc  stm32h7xx_hal_eth.o [8]
ETH_SetMACConfig         0x800'91fb   0x16e  Code  Lc  stm32h7xx_hal_eth.o [8]
ETH_UpdateDescriptor     0x800'8d61    0x6e  Code  Lc  stm32h7xx_hal_eth.o [8]
ETH_WKUP_IRQHandler      0x801'19c5          Code  Wk  startup_stm32h750xx.o [1]
EXTI0_IRQHandler         0x801'18f1          Code  Wk  startup_stm32h750xx.o [1]
EXTI15_10_IRQHandler     0x801'1979          Code  Wk  startup_stm32h750xx.o [1]
EXTI1_IRQHandler         0x801'18f5          Code  Wk  startup_stm32h750xx.o [1]
EXTI2_IRQHandler         0x801'18f9          Code  Wk  startup_stm32h750xx.o [1]
EXTI3_IRQHandler         0x801'18fd          Code  Wk  startup_stm32h750xx.o [1]
EXTI4_IRQHandler         0x801'1901          Code  Wk  startup_stm32h750xx.o [1]
EXTI9_5_IRQHandler       0x801'1935          Code  Wk  startup_stm32h750xx.o [1]
Error_Handler            0x800'a321     0x4  Code  Gb  main.o [2]
FDCAN1_IT0_IRQHandler    0x801'1925          Code  Wk  startup_stm32h750xx.o [1]
FDCAN1_IT1_IRQHandler    0x801'192d          Code  Wk  startup_stm32h750xx.o [1]
FDCAN2_IT0_IRQHandler    0x801'1929          Code  Wk  startup_stm32h750xx.o [1]
FDCAN2_IT1_IRQHandler    0x801'1931          Code  Wk  startup_stm32h750xx.o [1]
FDCAN_CAL_IRQHandler     0x801'19c9          Code  Wk  startup_stm32h750xx.o [1]
FLASH_IRQHandler         0x801'18e9          Code  Wk  startup_stm32h750xx.o [1]
FMC_IRQHandler           0x801'1995          Code  Wk  startup_stm32h750xx.o [1]
FPU_IRQHandler           0x801'1a01          Code  Wk  startup_stm32h750xx.o [1]
GATEWAY_ADDRESS         0x2000'4424     0x4  Data  Gb  lwip.o [3]
HAL_Delay                0x800'bdd5    0x28  Code  Wk  stm32h7xx_hal.o [8]
HAL_ETH_EEECallback      0x800'b9c3     0x2  Code  Wk  stm32h7xx_hal_eth.o [8]
HAL_ETH_ErrorCallback    0x800'5c95    0x14  Code  Gb  ethernetif.o [4]
HAL_ETH_GetDMAError      0x800'91f5     0x6  Code  Gb  stm32h7xx_hal_eth.o [8]
HAL_ETH_GetMACConfig     0x800'8fcf   0x192  Code  Gb  stm32h7xx_hal_eth.o [8]
HAL_ETH_IRQHandler       0x800'8e13   0x108  Code  Gb  stm32h7xx_hal_eth.o [8]
HAL_ETH_Init             0x800'8869   0x26e  Code  Gb  stm32h7xx_hal_eth.o [8]
HAL_ETH_MspInit          0x800'5f2b    0xee  Code  Gb  ethernetif.o [4]
HAL_ETH_PMTCallback      0x800'b9c1     0x2  Code  Wk  stm32h7xx_hal_eth.o [8]
HAL_ETH_ReadData         0x800'8c73    0xee  Code  Gb  stm32h7xx_hal_eth.o [8]
HAL_ETH_ReadPHYRegister
                         0x800'8f1b    0x5a  Code  Gb  stm32h7xx_hal_eth.o [8]
HAL_ETH_ReleaseTxPacket
                         0x800'8dcf    0x44  Code  Gb  stm32h7xx_hal_eth.o [8]
HAL_ETH_RxAllocateCallback
                         0x800'6115    0x3c  Code  Gb  ethernetif.o [4]
HAL_ETH_RxCpltCallback   0x800'5c81     0xa  Code  Gb  ethernetif.o [4]
HAL_ETH_RxLinkCallback   0x800'6151    0x50  Code  Gb  ethernetif.o [4]
HAL_ETH_SetMACConfig     0x800'916b    0x18  Code  Gb  stm32h7xx_hal_eth.o [8]
HAL_ETH_SetMDIOClockRange
                         0x800'9183    0x66  Code  Gb  stm32h7xx_hal_eth.o [8]
HAL_ETH_Start_IT         0x800'8ad7    0x5e  Code  Gb  stm32h7xx_hal_eth.o [8]
HAL_ETH_Stop_IT          0x800'8b8d    0x4c  Code  Gb  stm32h7xx_hal_eth.o [8]
HAL_ETH_Transmit_IT      0x800'8c19    0x5a  Code  Gb  stm32h7xx_hal_eth.o [8]
HAL_ETH_TxCpltCallback   0x800'5c8b     0xa  Code  Gb  ethernetif.o [4]
HAL_ETH_TxFreeCallback   0x800'61d9     0x4  Code  Gb  ethernetif.o [4]
HAL_ETH_WakeUpCallback   0x800'b9c5     0x2  Code  Wk  stm32h7xx_hal_eth.o [8]
HAL_ETH_WritePHYRegister
                         0x800'8f75    0x5a  Code  Gb  stm32h7xx_hal_eth.o [8]
HAL_GPIO_Init            0x800'a345   0x1ee  Code  Gb  stm32h7xx_hal_gpio.o [8]
HAL_GPIO_TogglePin       0x800'a53b    0x10  Code  Gb  stm32h7xx_hal_gpio.o [8]
HAL_GPIO_WritePin        0x800'a533     0x8  Code  Gb  stm32h7xx_hal_gpio.o [8]
HAL_GetREVID             0x800'b597     0x8  Code  Gb  stm32h7xx_hal.o [8]
HAL_GetTick              0x800'a339     0xc  Code  Wk  stm32h7xx_hal.o [8]
HAL_IncTick              0x800'c679    0x10  Code  Wk  stm32h7xx_hal.o [8]
HAL_Init                 0x800'b54d    0x4a  Code  Gb  stm32h7xx_hal.o [8]
HAL_InitTick             0x800'c6b5    0x7c  Code  Gb  stm32h7xx_hal_timebase_tim.o [2]
HAL_MPU_ConfigRegion     0x800'a635    0x4c  Code  Gb  stm32h7xx_hal_cortex.o [8]
HAL_MPU_Disable          0x800'a607    0x14  Code  Gb  stm32h7xx_hal_cortex.o [8]
HAL_MPU_Enable           0x800'a61b    0x1a  Code  Gb  stm32h7xx_hal_cortex.o [8]
HAL_MspInit              0x800'c745    0x28  Code  Gb  stm32h7xx_hal_msp.o [2]
HAL_NVIC_EnableIRQ       0x800'a5f1    0x16  Code  Gb  stm32h7xx_hal_cortex.o [8]
HAL_NVIC_SetPriority     0x800'a5b5    0x3a  Code  Gb  stm32h7xx_hal_cortex.o [8]
HAL_NVIC_SetPriorityGrouping
                         0x800'a59b    0x1a  Code  Gb  stm32h7xx_hal_cortex.o [8]
HAL_PWREx_ConfigSupply   0x800'c121    0x44  Code  Gb  stm32h7xx_hal_pwr_ex.o [8]
HAL_RCCEx_GetD3PCLK1Freq
                         0x800'd8f1     0xa  Code  Gb  stm32h7xx_hal_rcc_ex.o [8]
HAL_RCCEx_GetPLL2ClockFreq
                         0x800'd911    0x58  Code  Gb  stm32h7xx_hal_rcc_ex.o [8]
HAL_RCCEx_GetPLL3ClockFreq
                         0x800'd969    0x58  Code  Gb  stm32h7xx_hal_rcc_ex.o [8]
HAL_RCCEx_PeriphCLKConfig
                         0x800'd105   0x7c0  Code  Gb  stm32h7xx_hal_rcc_ex.o [8]
HAL_RCC_ClockConfig      0x800'b5cd   0x1ac  Code  Gb  stm32h7xx_hal_rcc.o [8]
HAL_RCC_GetClockConfig   0x800'b933    0x4c  Code  Gb  stm32h7xx_hal_rcc.o [8]
HAL_RCC_GetHCLKFreq      0x800'b8d3    0x30  Code  Gb  stm32h7xx_hal_rcc.o [8]
HAL_RCC_GetPCLK1Freq     0x800'b903    0x10  Code  Gb  stm32h7xx_hal_rcc.o [8]
HAL_RCC_GetPCLK2Freq     0x800'b913     0xe  Code  Gb  stm32h7xx_hal_rcc.o [8]
HAL_RCC_GetSysClockFreq
                         0x800'b7d5    0xf0  Code  Gb  stm32h7xx_hal_rcc.o [8]
HAL_RCC_OscConfig        0x800'c169   0x510  Code  Wk  stm32h7xx_hal_rcc.o [8]
HAL_SYSCFG_ETHInterfaceSelect
                         0x800'b59f     0xa  Code  Gb  stm32h7xx_hal.o [8]
HAL_TIMEx_Break2Callback
                         0x800'f425     0x2  Code  Wk  stm32h7xx_hal_tim_ex.o [8]
HAL_TIMEx_BreakCallback
                         0x800'f423     0x2  Code  Wk  stm32h7xx_hal_tim_ex.o [8]
HAL_TIMEx_CommutCallback
                         0x800'f429     0x2  Code  Wk  stm32h7xx_hal_tim_ex.o [8]
HAL_TIM_Base_Init        0x800'ef3d    0x1a  Code  Gb  stm32h7xx_hal_tim.o [8]
HAL_TIM_Base_MspInit     0x800'f41d     0x2  Code  Wk  stm32h7xx_hal_tim.o [8]
HAL_TIM_Base_Start_IT    0x800'ef57    0x7e  Code  Gb  stm32h7xx_hal_tim.o [8]
HAL_TIM_IC_CaptureCallback
                         0x800'f41f     0x2  Code  Wk  stm32h7xx_hal_tim.o [8]
HAL_TIM_IRQHandler       0x800'f04d   0x15c  Code  Gb  stm32h7xx_hal_tim.o [8]
HAL_TIM_OC_DelayElapsedCallback
                         0x800'f421     0x2  Code  Wk  stm32h7xx_hal_tim.o [8]
HAL_TIM_PWM_PulseFinishedCallback
                         0x800'f42b     0x2  Code  Wk  stm32h7xx_hal_tim.o [8]
HAL_TIM_PeriodElapsedCallback
                         0x800'a2f1     0xe  Code  Gb  main.o [2]
HAL_TIM_TriggerCallback
                         0x800'f427     0x2  Code  Wk  stm32h7xx_hal_tim.o [8]
HAL_UARTEx_DisableFifoMode
                         0x800'd011    0x3a  Code  Gb  stm32h7xx_hal_uart_ex.o [8]
HAL_UARTEx_SetRxFifoThreshold
                         0x800'd061    0x14  Code  Gb  stm32h7xx_hal_uart_ex.o [8]
HAL_UARTEx_SetTxFifoThreshold
                         0x800'd04b    0x16  Code  Gb  stm32h7xx_hal_uart_ex.o [8]
HAL_UART_Init            0x800'c85d    0x34  Code  Gb  stm32h7xx_hal_uart.o [8]
HAL_UART_MspInit         0x800'bef3    0x7c  Code  Gb  usart.o [2]
HAL_UART_Transmit        0x800'c8d7    0x9a  Code  Gb  stm32h7xx_hal_uart.o [8]
HASH_RNG_IRQHandler      0x801'19fd          Code  Wk  startup_stm32h750xx.o [1]
HRTIM1_FLT_IRQHandler    0x801'1a71          Code  Wk  startup_stm32h750xx.o [1]
HRTIM1_Master_IRQHandler
                         0x801'1a59          Code  Wk  startup_stm32h750xx.o [1]
HRTIM1_TIMA_IRQHandler   0x801'1a5d          Code  Wk  startup_stm32h750xx.o [1]
HRTIM1_TIMB_IRQHandler   0x801'1a61          Code  Wk  startup_stm32h750xx.o [1]
HRTIM1_TIMC_IRQHandler   0x801'1a65          Code  Wk  startup_stm32h750xx.o [1]
HRTIM1_TIMD_IRQHandler   0x801'1a69          Code  Wk  startup_stm32h750xx.o [1]
HRTIM1_TIME_IRQHandler   0x801'1a6d          Code  Wk  startup_stm32h750xx.o [1]
HSEM1_IRQHandler         0x801'1aad          Code  Wk  startup_stm32h750xx.o [1]
HardFault_Handler        0x801'180b     0x2  Code  Gb  stm32h7xx_it.o [2]
I2C1_ER_IRQHandler       0x801'1959          Code  Wk  startup_stm32h750xx.o [1]
I2C1_EV_IRQHandler       0x801'1955          Code  Wk  startup_stm32h750xx.o [1]
I2C2_ER_IRQHandler       0x801'1961          Code  Wk  startup_stm32h750xx.o [1]
I2C2_EV_IRQHandler       0x801'195d          Code  Wk  startup_stm32h750xx.o [1]
I2C3_ER_IRQHandler       0x801'19e1          Code  Wk  startup_stm32h750xx.o [1]
I2C3_EV_IRQHandler       0x801'19dd          Code  Wk  startup_stm32h750xx.o [1]
I2C4_ER_IRQHandler       0x801'1a3d          Code  Wk  startup_stm32h750xx.o [1]
I2C4_EV_IRQHandler       0x801'1a39          Code  Wk  startup_stm32h750xx.o [1]
IP_ADDRESS              0x2000'441c     0x4  Data  Gb  lwip.o [3]
JPEG_IRQHandler          0x801'1aa1          Code  Wk  startup_stm32h750xx.o [1]
LAN8742                 0x2000'0044    0x20  Data  Gb  ethernetif.o [4]
LAN8742_GetLinkState     0x800'a05f    0x94  Code  Gb  lan8742.o [5]
LAN8742_IOCtx           0x2000'0064    0x14  Data  Gb  ethernetif.o [4]
LAN8742_Init             0x800'9f9b    0xba  Code  Gb  lan8742.o [5]
LAN8742_RegisterBusIO    0x800'9f69    0x32  Code  Gb  lan8742.o [5]
LPTIM1_IRQHandler        0x801'1a31          Code  Wk  startup_stm32h750xx.o [1]
LPTIM2_IRQHandler        0x801'1add          Code  Wk  startup_stm32h750xx.o [1]
LPTIM3_IRQHandler        0x801'1ae1          Code  Wk  startup_stm32h750xx.o [1]
LPTIM4_IRQHandler        0x801'1ae5          Code  Wk  startup_stm32h750xx.o [1]
LPTIM5_IRQHandler        0x801'1ae9          Code  Wk  startup_stm32h750xx.o [1]
LPUART1_IRQHandler       0x801'1aed          Code  Wk  startup_stm32h750xx.o [1]
LTDC_ER_IRQHandler       0x801'1a21          Code  Wk  startup_stm32h750xx.o [1]
LTDC_IRQHandler          0x801'1a1d          Code  Wk  startup_stm32h750xx.o [1]
MDIOS_IRQHandler         0x801'1a9d          Code  Wk  startup_stm32h750xx.o [1]
MDIOS_WKUP_IRQHandler    0x801'1a99          Code  Wk  startup_stm32h750xx.o [1]
MDMA_IRQHandler          0x801'1aa5          Code  Wk  startup_stm32h750xx.o [1]
MQTT_Connect             0x800'ed8d    0x62  Code  Gb  mqttclient.o [7]
MQTT_Connect_Request_Callback
                         0x800'bf81    0x34  Code  Gb  freertos.o [2]
MQTT_Data_Callback       0x800'bfbd     0x6  Code  Gb  freertos.o [2]
MQTT_Publish             0x800'edef    0x32  Code  Gb  mqttclient.o [7]
MQTT_Subscribe           0x800'ee21     0xe  Code  Gb  mqttclient.o [7]
MQTT_Topic_Callback      0x800'bfb5     0x6  Code  Gb  freertos.o [2]
MX_FREERTOS_Init         0x800'bfd5    0x1a  Code  Gb  freertos.o [2]
MX_FREERTOS_Init::os_thread_def_task_Default
                         0x800'c0e8    0x1c  Data  Lc  freertos.o [2]
MX_FREERTOS_Init::os_thread_def_task_LED
                         0x800'c104    0x1c  Data  Lc  freertos.o [2]
MX_GPIO_Init             0x800'bdfd    0x88  Code  Gb  gpio.o [2]
MX_LWIP_Init             0x800'ee31    0xca  Code  Gb  lwip.o [3]
MX_LWIP_Init::os_thread_def_EthLink
                         0x800'ef0c    0x1c  Data  Lc  lwip.o [3]
MX_USART1_UART_Init      0x800'be95    0x5e  Code  Gb  usart.o [2]
MemManage_Handler        0x801'180d     0x2  Code  Gb  stm32h7xx_it.o [2]
NETMASK_ADDRESS         0x2000'4420     0x4  Data  Gb  lwip.o [3]
NMI_Handler              0x801'1809     0x2  Code  Gb  stm32h7xx_it.o [2]
OTG_FS_EP1_IN_IRQHandler
                         0x801'1a49          Code  Wk  startup_stm32h750xx.o [1]
OTG_FS_EP1_OUT_IRQHandler
                         0x801'1a45          Code  Wk  startup_stm32h750xx.o [1]
OTG_FS_IRQHandler        0x801'1a51          Code  Wk  startup_stm32h750xx.o [1]
OTG_FS_WKUP_IRQHandler   0x801'1a4d          Code  Wk  startup_stm32h750xx.o [1]
OTG_HS_EP1_IN_IRQHandler
                         0x801'19e9          Code  Wk  startup_stm32h750xx.o [1]
OTG_HS_EP1_OUT_IRQHandler
                         0x801'19e5          Code  Wk  startup_stm32h750xx.o [1]
OTG_HS_IRQHandler        0x801'19f1          Code  Wk  startup_stm32h750xx.o [1]
OTG_HS_WKUP_IRQHandler   0x801'19ed          Code  Wk  startup_stm32h750xx.o [1]
PVD_AVD_IRQHandler       0x801'18dd          Code  Wk  startup_stm32h750xx.o [1]
PendSV_Handler           0x800'c799          Code  Gb  portasm.o [10]
QUADSPI_IRQHandler       0x801'1a2d          Code  Wk  startup_stm32h750xx.o [1]
RCCEx_PLL2_Config        0x800'daf1    0xac  Code  Lc  stm32h7xx_hal_rcc_ex.o [8]
RCCEx_PLL3_Config        0x800'db9d    0xac  Code  Lc  stm32h7xx_hal_rcc_ex.o [8]
RCC_IRQHandler           0x801'18ed          Code  Wk  startup_stm32h750xx.o [1]
RTC_Alarm_IRQHandler     0x801'197d          Code  Wk  startup_stm32h750xx.o [1]
RTC_WKUP_IRQHandler      0x801'18e5          Code  Wk  startup_stm32h750xx.o [1]
Region$$Table$$Base      0x801'17dc           --   Gb  - Linker created -
Region$$Table$$Limit     0x801'1804           --   Gb  - Linker created -
Reset_Handler            0x801'18a1          Code  Wk  startup_stm32h750xx.o [1]
RxAllocStatus           0x2000'0000     0x1  Data  Lc  ethernetif.o [4]
RxPktSemaphore          0x2000'003c     0x4  Data  Gb  ethernetif.o [4]
SAI1_IRQHandler          0x801'1a19          Code  Wk  startup_stm32h750xx.o [1]
SAI2_IRQHandler          0x801'1a29          Code  Wk  startup_stm32h750xx.o [1]
SAI3_IRQHandler          0x801'1a85          Code  Wk  startup_stm32h750xx.o [1]
SAI4_IRQHandler          0x801'1af9          Code  Wk  startup_stm32h750xx.o [1]
SDMMC1_IRQHandler        0x801'1999          Code  Wk  startup_stm32h750xx.o [1]
SDMMC2_IRQHandler        0x801'1aa9          Code  Wk  startup_stm32h750xx.o [1]
SPDIF_RX_IRQHandler      0x801'1a41          Code  Wk  startup_stm32h750xx.o [1]
SPI1_IRQHandler          0x801'1965          Code  Wk  startup_stm32h750xx.o [1]
SPI2_IRQHandler          0x801'1969          Code  Wk  startup_stm32h750xx.o [1]
SPI3_IRQHandler          0x801'19a1          Code  Wk  startup_stm32h750xx.o [1]
SPI4_IRQHandler          0x801'1a0d          Code  Wk  startup_stm32h750xx.o [1]
SPI5_IRQHandler          0x801'1a11          Code  Wk  startup_stm32h750xx.o [1]
SPI6_IRQHandler          0x801'1a15          Code  Wk  startup_stm32h750xx.o [1]
SVC_Handler              0x800'c7f1          Code  Gb  portasm.o [10]
SWPMI1_IRQHandler        0x801'1a89          Code  Wk  startup_stm32h750xx.o [1]
SysTick_Handler          0x800'bb01    0x26  Code  Gb  port.o [10]
SystemClock_Config       0x800'a205    0xec  Code  Gb  main.o [2]
SystemCoreClock         0x2000'0090     0x4  Data  Gb  system_stm32h7xx.o [6]
SystemD2Clock           0x2000'0094     0x4  Data  Gb  system_stm32h7xx.o [6]
SystemInit               0x801'12ad    0x9a  Code  Gb  system_stm32h7xx.o [6]
TAMP_STAMP_IRQHandler    0x801'18e1          Code  Wk  startup_stm32h750xx.o [1]
TIM15_IRQHandler         0x801'1a8d          Code  Wk  startup_stm32h750xx.o [1]
TIM16_IRQHandler         0x801'1a91          Code  Wk  startup_stm32h750xx.o [1]
TIM17_IRQHandler         0x801'1a95          Code  Wk  startup_stm32h750xx.o [1]
TIM1_BRK_IRQHandler      0x801'1939          Code  Wk  startup_stm32h750xx.o [1]
TIM1_CC_IRQHandler       0x801'1945          Code  Wk  startup_stm32h750xx.o [1]
TIM1_TRG_COM_IRQHandler
                         0x801'1941          Code  Wk  startup_stm32h750xx.o [1]
TIM1_UP_IRQHandler       0x801'193d          Code  Wk  startup_stm32h750xx.o [1]
TIM2_IRQHandler          0x801'1949          Code  Wk  startup_stm32h750xx.o [1]
TIM3_IRQHandler          0x801'194d          Code  Wk  startup_stm32h750xx.o [1]
TIM4_IRQHandler          0x801'1951          Code  Wk  startup_stm32h750xx.o [1]
TIM5_IRQHandler          0x801'199d          Code  Wk  startup_stm32h750xx.o [1]
TIM6_DAC_IRQHandler      0x801'1815     0x6  Code  Gb  stm32h7xx_it.o [2]
TIM7_IRQHandler          0x801'19ad          Code  Wk  startup_stm32h750xx.o [1]
TIM8_BRK_TIM12_IRQHandler
                         0x801'1981          Code  Wk  startup_stm32h750xx.o [1]
TIM8_CC_IRQHandler       0x801'198d          Code  Wk  startup_stm32h750xx.o [1]
TIM8_TRG_COM_TIM14_IRQHandler
                         0x801'1989          Code  Wk  startup_stm32h750xx.o [1]
TIM8_UP_TIM13_IRQHandler
                         0x801'1985          Code  Wk  startup_stm32h750xx.o [1]
TIM_Base_SetConfig       0x800'f1af    0xb2  Code  Gb  stm32h7xx_hal_tim.o [8]
Task_Default             0x800'bff1    0x56  Code  Gb  freertos.o [2]
Task_LED                 0x800'c047    0x14  Code  Gb  freertos.o [2]
TxConfig                0x2000'0004    0x38  Data  Gb  ethernetif.o [4]
TxPktSemaphore          0x2000'0040     0x4  Data  Gb  ethernetif.o [4]
UART4_IRQHandler         0x801'19a5          Code  Wk  startup_stm32h750xx.o [1]
UART5_IRQHandler         0x801'19a9          Code  Wk  startup_stm32h750xx.o [1]
UART7_IRQHandler         0x801'1a05          Code  Wk  startup_stm32h750xx.o [1]
UART8_IRQHandler         0x801'1a09          Code  Wk  startup_stm32h750xx.o [1]
UARTEx_SetNbDataToProcess
                         0x800'd0b5    0x3e  Code  Lc  stm32h7xx_hal_uart_ex.o [8]
UARTEx_SetNbDataToProcess::denominator
                         0x800'd0fc     0x8  Data  Lc  stm32h7xx_hal_uart_ex.o [8]
UARTEx_SetNbDataToProcess::numerator
                         0x800'd0f4     0x8  Data  Lc  stm32h7xx_hal_uart_ex.o [8]
UARTPrescTable           0x800'cd24    0x18  Data  Gb  stm32h7xx_hal_uart.o [8]
UART_AdvFeatureConfig    0x800'cd55    0xc8  Code  Gb  stm32h7xx_hal_uart.o [8]
UART_CheckIdleState      0x800'ce1d    0x94  Code  Gb  stm32h7xx_hal_uart.o [8]
UART_EndRxTransfer       0x800'cf61    0x28  Code  Lc  stm32h7xx_hal_uart.o [8]
UART_SetConfig           0x800'c981   0x3a4  Code  Gb  stm32h7xx_hal_uart.o [8]
UART_WaitOnFlagUntilTimeout
                         0x800'cecb    0x8c  Code  Gb  stm32h7xx_hal_uart.o [8]
USART1_IRQHandler        0x801'196d          Code  Wk  startup_stm32h750xx.o [1]
USART2_IRQHandler        0x801'1971          Code  Wk  startup_stm32h750xx.o [1]
USART3_IRQHandler        0x801'1975          Code  Wk  startup_stm32h750xx.o [1]
USART6_IRQHandler        0x801'19d9          Code  Wk  startup_stm32h750xx.o [1]
UsageFault_Handler       0x801'1811     0x2  Code  Gb  stm32h7xx_it.o [2]
WAKEUP_PIN_IRQHandler    0x801'1afd          Code  Wk  startup_stm32h750xx.o [1]
WWDG_IRQHandler          0x801'18d9          Code  Wk  startup_stm32h750xx.o [1]
_LC                      0x800'6ea9     0x6  Code  Lc  xprintffull_nomb.o [12]
_LitobFullNoMb           0x800'7b71   0x114  Code  Lc  xprintffull_nomb.o [12]
_LocaleC_isspace         0x800'aa75    0x14  Code  Gb  xlocale_c.o [12]
_LocaleC_isupper         0x800'aa69     0x2  Code  Gb  xlocale_c.o [12]
_LocaleC_tolower         0x800'aa89     0xc  Code  Gb  xlocale_c.o [12]
_Locale_lconv           0x2000'00c4    0x38  Data  Lc  xlocale_c.o [12]
_PrintfFullNoMb          0x800'6eaf   0xc92  Code  Gb  xprintffull_nomb.o [12]
_Prout                   0x801'1879    0x16  Code  Gb  xprout.o [12]
_PutcharsFullNoMb        0x800'7cdd    0x2e  Code  Lc  xprintffull_nomb.o [12]
_Rand_idx               0x2000'43e0     0x4  Data  Lc  rand.o [12]
_Rand_rv                0x2000'4360    0x80  Data  Lc  rand.o [12]
_Randinit               0x2000'00bc     0x1  Data  Gb  rand.o [12]
_Randseed               0x2000'00c0     0x4  Data  Gb  rand.o [12]
_Strtok_ssave           0x2000'456c     0x4  Data  Lc  strtok.o [12]
__NVIC_SetPriority       0x800'a581    0x1a  Code  Lc  stm32h7xx_hal_cortex.o [8]
__aeabi_cdcmple          0x800'a88d          Code  Gb  DblCmpLe.o [13]
__aeabi_cdrcmple         0x800'a8c1          Code  Gb  DblCmpGe.o [13]
__aeabi_d2iz             0x800'a9f9     0xe  Code  Gb  DblToS32.o [13]
__aeabi_d2uiz            0x800'aa39     0xe  Code  Gb  DblToU32.o [13]
__aeabi_ddiv             0x800'aa27    0x12  Code  Gb  DblDiv.o [13]
__aeabi_dmul             0x800'aa55    0x12  Code  Gb  DblMul.o [13]
__aeabi_dsub             0x800'aa15    0x12  Code  Gb  DblSub.o [13]
__aeabi_i2d              0x800'aa07     0xe  Code  Gb  S32ToDbl.o [13]
__aeabi_ldiv0            0x800'c691          Code  Gb  I64DivZer.o [14]
__aeabi_memclr           0x800'803d          Code  Gb  ABImemclr.o [14]
__aeabi_memclr4          0x800'5bfd          Code  Gb  ABImemclr4.o [14]
__aeabi_ui2d             0x800'aa47     0xe  Code  Gb  U32ToDbl.o [13]
__cmain                  0x801'1829          Code  Gb  cmain.o [14]
__exit                   0x800'ef29    0x14  Code  Gb  exit.o [15]
__iar_Fail_s             0x800'a771    0x1c  Code  Gb  xfail_s.o [12]
__iar_Memchr             0x800'a7c5          Code  Gb  memchr.o [14]
__iar_Memset4_word       0x800'8835          Code  Gb  ABImemset48.o [14]
__iar_Memset8_word       0x800'8835          Code  Gb  ABImemset48.o [14]
__iar_Stdout            0x2000'0144    0x48  Data  Gb  xfiles.o [12]
__iar_Stoul              0x800'f3c1     0x2  Code  Gb  iar_Stoulx.o [12]
__iar_Stoulx             0x800'f281   0x13a  Code  Gb  iar_Stoulx.o [12]
__iar_Strchr             0x800'a759          Code  Gb  strchr.o [14]
__iar_data_init3         0x801'1791    0x28  Code  Gb  data_init.o [14]
__iar_frexp              0x800'a829          Code  Gb  frexp.o [13]
__iar_frexpl             0x800'a829          Code  Gb  frexp.o [13]
__iar_globLocale        0x2000'00fc    0x48  Data  Lc  xlocale_c.o [12]
__iar_global_Locale      0x800'aa95     0x4  Code  Gb  xlocale_c.o [12]
__iar_init_vfp           0x801'17b9          Code  Gb  fpinit_M.o [13]
__iar_ldexp64            0x800'a909          Code  Gb  ldexp.o [13]
__iar_lz77_init_single3
                         0x800'5c03    0x7e  Code  Gb  lz77_init_single.o [14]
__iar_program_start      0x801'185d          Code  Gb  cstartup_M.o [14]
__iar_scalbln64          0x800'a909          Code  Gb  ldexp.o [13]
__iar_scalbn64           0x800'a909          Code  Gb  ldexp.o [13]
__iar_small_Memcpy       0x800'5755          Code  Gb  ABImemcpy_small.o [14]
__iar_small_Memset       0x800'b429          Code  Gb  ABImemset_small.o [14]
__iar_small_Memset_word
                         0x800'b429          Code  Gb  ABImemset_small.o [14]
__iar_small_memcmp       0x800'c695          Code  Gb  memcmp_small.o [14]
__iar_small_memcpy       0x800'5751          Code  Gb  ABImemcpy_small.o [14]
__iar_small_memcpy4      0x800'5751          Code  Gb  ABImemcpy_small.o [14]
__iar_small_memcpy8      0x800'5751          Code  Gb  ABImemcpy_small.o [14]
__iar_small_memset       0x800'b429          Code  Gb  ABImemset_small.o [14]
__iar_small_strlen       0x800'a7b1          Code  Gb  strlen_small.o [14]
__iar_small_uldivmod     0x800'aaa5          Code  Gb  I64DivMod_small.o [14]
__iar_softfp___iar_frexp64
                         0x800'a81d          Code  Gb  frexp.o [13]
__iar_softfp___iar_ldexp64
                         0x800'a8f5          Code  Gb  ldexp.o [13]
__iar_softfp___iar_scalbln64
                         0x800'a8f5          Code  Gb  ldexp.o [13]
__iar_softfp___iar_scalbn64
                         0x800'a8f5          Code  Gb  ldexp.o [13]
__iar_softfp_frexp       0x800'a81d          Code  Gb  frexp.o [13]
__iar_softfp_frexpl      0x800'a81d          Code  Gb  frexp.o [13]
__iar_softfp_ldexp       0x800'a8f5          Code  Gb  ldexp.o [13]
__iar_softfp_ldexpl      0x800'a8f5          Code  Gb  ldexp.o [13]
__iar_softfp_scalbln     0x800'a8f5          Code  Gb  ldexp.o [13]
__iar_softfp_scalblnl    0x800'a8f5          Code  Gb  ldexp.o [13]
__iar_softfp_scalbn      0x800'a8f5          Code  Gb  ldexp.o [13]
__iar_softfp_scalbnl     0x800'a8f5          Code  Gb  ldexp.o [13]
__iar_zero_init3         0x801'1759    0x38  Code  Gb  zero_init3.o [14]
__low_level_init         0x801'1847     0x4  Code  Gb  low_level_init.o [12]
__vector_table           0x800'0000          Data  Gb  startup_stm32h750xx.o [1]
__write                  0x801'1729    0x30  Code  Gb  write.o [2]
_call_main               0x801'1835          Code  Gb  cmain.o [14]
_exit                    0x801'1851          Code  Gb  cexit.o [14]
abort                    0x800'c689     0x6  Code  Gb  abort.o [12]
ackno                   0x2000'44fc     0x4  Data  Lc  tcp_in.o [11]
arp_table               0x2000'4004    0xf0  Data  Lc  etharp.o [11]
atoi                     0x800'f3c3     0x2  Code  Gb  iar_Stoulx.o [12]
current_timeout_due_time
                        0x2000'4560     0x4  Data  Lc  timeouts.o [11]
digits                   0x801'16bc    0x28  Data  Lc  iar_Stoulx.o [12]
do_memp_free_pool        0x800'4ecd    0x2e  Code  Lc  memp.o [11]
do_memp_malloc_pool      0x800'4e39    0x46  Code  Lc  memp.o [11]
etharp_cached_entry     0x2000'4576     0x1  Data  Lc  etharp.o [11]
etharp_cleanup_netif     0x800'82e5    0x28  Code  Gb  etharp.o [11]
etharp_find_entry        0x800'80c7   0x166  Code  Lc  etharp.o [11]
etharp_free_entry        0x800'8045    0x20  Code  Lc  etharp.o [11]
etharp_input             0x800'830d    0xa2  Code  Gb  etharp.o [11]
etharp_output            0x800'8429   0x148  Code  Gb  etharp.o [11]
etharp_output_to_arp_index
                         0x800'83af    0x72  Code  Lc  etharp.o [11]
etharp_query             0x800'8571   0x130  Code  Gb  etharp.o [11]
etharp_raw               0x800'86a9    0xc8  Code  Lc  etharp.o [11]
etharp_request           0x800'8799     0x4  Code  Gb  etharp.o [11]
etharp_request_dst       0x800'8777    0x22  Code  Lc  etharp.o [11]
etharp_tmr               0x800'8065    0x62  Code  Gb  etharp.o [11]
etharp_update_arp_entry
                         0x800'822d    0xb8  Code  Lc  etharp.o [11]
ethbroadcast             0x800'b544     0x8  Data  Gb  ethernet.o [11]
ethernet_input           0x800'b43d    0x9c  Code  Gb  ethernet.o [11]
ethernet_link_status_updated
                         0x800'ef09     0x2  Code  Lc  lwip.o [3]
ethernet_link_thread     0x800'6069    0xaa  Code  Gb  ethernetif.o [4]
ethernet_output          0x800'b4d9    0x68  Code  Gb  ethernet.o [11]
ethernetif_init          0x800'5d6d   0x194  Code  Gb  ethernetif.o [4]
ethernetif_input         0x800'5d29    0x44  Code  Lc  ethernetif.o [4]
ethzero                  0x801'18bc     0x8  Data  Gb  ethernet.o [11]
exit                     0x801'184b     0x4  Code  Gb  exit.o [12]
flags                   0x2000'44d0     0x1  Data  Lc  tcp_in.o [11]
gnetif                  0x2000'43e4    0x38  Data  Gb  lwip.o [3]
gw                      0x2000'4430     0x4  Data  Gb  lwip.o [3]
[...]
pbuf_alloc_reference     0x800'1945    0x48  Code  Gb  pbuf.o [11]
pbuf_alloced_custom      0x800'198d    0x38  Code  Gb  pbuf.o [11]
pbuf_cat                 0x800'1c2f    0x72  Code  Gb  pbuf.o [11]
pbuf_clen                0x800'1beb    0x12  Code  Gb  pbuf.o [11]
pbuf_clone               0x800'1e35    0x32  Code  Gb  pbuf.o [11]
pbuf_copy                0x800'1ca1    0xf6  Code  Gb  pbuf.o [11]
pbuf_copy_partial        0x800'1d9d    0x82  Code  Gb  pbuf.o [11]
pbuf_free                0x800'1b2d    0xb8  Code  Gb  pbuf.o [11]
pbuf_free_custom         0x800'5f01    0x1e  Code  Gb  ethernetif.o [4]
pbuf_free_ooseq_callback
                         0x800'1779    0x2e  Code  Lc  pbuf.o [11]
pbuf_free_ooseq_pending
                        0x2000'4577     0x1  Data  Gb  pbuf.o [11]
pbuf_get_at              0x800'1e79    0x12  Code  Gb  pbuf.o [11]
pbuf_header_force        0x800'1b29     0x4  Code  Gb  pbuf.o [11]
pbuf_header_impl         0x800'1b1b     0xe  Code  Lc  pbuf.o [11]
pbuf_init_alloced_pbuf   0x800'17a7    0x1e  Code  Lc  pbuf.o [11]
pbuf_realloc             0x800'19c5    0xa2  Code  Gb  pbuf.o [11]
pbuf_ref                 0x800'1bfd    0x32  Code  Gb  pbuf.o [11]
pbuf_remove_header       0x800'1acb    0x50  Code  Gb  pbuf.o [11]
pbuf_skip_const          0x800'1e1f    0x16  Code  Lc  pbuf.o [11]
pbuf_try_get_at          0x800'1e8b    0x20  Code  Gb  pbuf.o [11]
printf                   0x800'4cd9    0x28  Code  Gb  printf.o [12]
prvAddCurrentTaskToDelayedList
                         0x800'b3ad    0x5e  Code  Lc  tasks.o [10]
prvAddNewTaskToReadyList
                         0x800'ace7    0xb0  Code  Lc  tasks.o [10]
prvCopyDataFromQueue     0x800'9ec1    0x26  Code  Lc  queue.o [10]
prvCopyDataToQueue       0x800'9e59    0x68  Code  Lc  queue.o [10]
prvDeleteTCB             0x800'b171    0x2a  Code  Lc  tasks.o [10]
prvIdleTask              0x800'b125    0x4c  Code  Lc  tasks.o [10]
prvInitialiseMutex       0x800'98e5    0x12  Code  Lc  queue.o [10]
prvInitialiseNewQueue    0x800'98cd    0x18  Code  Lc  queue.o [10]
prvInitialiseNewTask     0x800'ac6b    0x7c  Code  Lc  tasks.o [10]
prvInsertBlockIntoFreeList
                         0x800'bd8b    0x46  Code  Lc  heap_4.o [10]
prvIsQueueEmpty          0x800'9f4f    0x16  Code  Lc  queue.o [10]
prvResetNextTaskUnblockTime
                         0x800'b19b    0x1e  Code  Lc  tasks.o [10]
prvTaskExitError         0x800'b9f1    0x1c  Code  Lc  port.o [10]
prvUnlockQueue           0x800'9ee7    0x68  Code  Lc  queue.o [10]
pub_ack_rec_rel_response
                         0x800'e1bf    0x4a  Code  Lc  mqtt.o [11]
putchar                  0x801'16e5    0x44  Code  Gb  putchar.o [12]
pvPortMalloc             0x800'bc25   0x104  Code  Gb  heap_4.o [10]
pvTaskIncrementMutexHeldCount
                         0x800'b37b    0x14  Code  Gb  tasks.o [10]
pxCurrentTCB            0x2000'41cc     0x4  Data  Gb  tasks.o [10]
pxDelayedTaskList       0x2000'41d0     0x4  Data  Lc  tasks.o [10]
pxEnd                   0x2000'0198     0x4  Data  Lc  heap_4.o [10]
pxOverflowDelayedTaskList
                        0x2000'41d4     0x4  Data  Lc  tasks.o [10]
pxPortInitialiseStack    0x800'b9c9    0x26  Code  Gb  port.o [10]
pxReadyTasksLists       0x2000'42d4    0x8c  Data  Lc  tasks.o [10]
ram                     0x2000'4520     0x4  Data  Lc  mem.o [11]
ram_end                 0x2000'4524     0x4  Data  Lc  mem.o [11]
rand                     0x800'5769    0x8a  Code  Gb  rand.o [12]
reassdatagrams          0x2000'4558     0x4  Data  Lc  ip4_frag.o [11]
recv_acked              0x2000'44ea     0x2  Data  Lc  tcp_in.o [11]
recv_data               0x2000'4500     0x4  Data  Lc  tcp_in.o [11]
recv_flags              0x2000'44d1     0x1  Data  Lc  tcp_in.o [11]
scalbln                  0x800'a909          Code  Gb  ldexp.o [13]
scalblnl                 0x800'a909          Code  Gb  ldexp.o [13]
scalbn                   0x800'a909          Code  Gb  ldexp.o [13]
scalbnl                  0x800'a909          Code  Gb  ldexp.o [13]
scale                    0x800'7c85    0x46  Code  Lc  xprintffull_nomb.o [12]
sec_hand                0x2000'4570     0x4  Data  Lc  xfail_s.o [12]
seqno                   0x2000'44f8     0x4  Data  Lc  tcp_in.o [11]
str_to_ip                0x800'ed65    0x22  Code  Gb  mqttclient.o [7]
strchr                   0x800'a759          Code  Gb  strchr.o [14]
strcspn                  0x800'f477    0x22  Code  Gb  strcspn.o [12]
strspn                   0x800'f455    0x22  Code  Gb  strspn.o [12]
strtok                   0x800'f3d1    0x4c  Code  Gb  strtok.o [12]
sys_arch_mbox_fetch      0x800'4d41    0x42  Code  Gb  sys_arch.o [11]
sys_arch_protect         0x800'4df5    0x12  Code  Gb  sys_arch.o [11]
sys_arch_unprotect       0x800'4e07     0x2  Code  Gb  sys_arch.o [11]
sys_check_timeouts       0x800'4893    0x36  Code  Gb  timeouts.o [11]
sys_init                 0x800'4d91    0x10  Code  Gb  sys_arch.o [11]
sys_mbox_new             0x800'4d01    0x2e  Code  Gb  sys_arch.o [11]
sys_mbox_trypost         0x800'4d2f    0x12  Code  Gb  sys_arch.o [11]
sys_mbox_valid           0x800'4d83     0x2  Code  Gb  sys_arch.o [11]
sys_mutex_lock           0x800'4db9     0xa  Code  Gb  sys_arch.o [11]
sys_mutex_new            0x800'4da1    0x18  Code  Gb  sys_arch.o [11]
sys_mutex_new::os_mutex_def_MUTEX
                         0x800'4e2c     0x8  Data  Lc  sys_arch.o [11]
sys_mutex_unlock         0x800'4dc3     0x2  Code  Gb  sys_arch.o [11]
sys_now                  0x800'5f27     0x4  Code  Gb  ethernetif.o [4]
sys_thread_new           0x800'4dc5    0x30  Code  Gb  sys_arch.o [11]
sys_timeout              0x800'482b    0x30  Code  Gb  timeouts.o [11]
sys_timeout_abs          0x800'4783    0x5c  Code  Lc  timeouts.o [11]
sys_timeouts_init        0x800'4809    0x22  Code  Gb  timeouts.o [11]
sys_timeouts_sleeptime   0x800'48c9    0x22  Code  Gb  timeouts.o [11]
sys_untimeout            0x800'485b    0x38  Code  Gb  timeouts.o [11]
task_DefaultHandle      0x2000'454c     0x4  Data  Gb  freertos.o [2]
task_LEDHandle          0x2000'4550     0x4  Data  Gb  freertos.o [2]
tcp_abandon              0x800'234d    0xd8  Code  Gb  tcp.o [11]
tcp_abort                0x800'2441     0x4  Code  Gb  tcp.o [11]
tcp_active_pcbs         0x2000'00a8     0x4  Data  Gb  tcp.o [11]
tcp_active_pcbs_changed
                        0x2000'0098     0x1  Data  Gb  tcp.o [11]
tcp_alloc                0x800'2d3f   0x112  Code  Gb  tcp.o [11]
tcp_arg                  0x800'2e5f     0x6  Code  Gb  tcp.o [11]
tcp_backoff              0x800'32a4    0x10  Data  Lc  tcp.o [11]
tcp_bind                 0x800'2445    0xa8  Code  Gb  tcp.o [11]
tcp_bound_pcbs          0x2000'00a0     0x4  Data  Gb  tcp.o [11]
tcp_close                0x800'2301    0x32  Code  Gb  tcp.o [11]
tcp_close_shutdown       0x800'2091   0x178  Code  Lc  tcp.o [11]
tcp_close_shutdown_fin   0x800'2209    0x72  Code  Lc  tcp.o [11]
tcp_connect              0x800'2665   0x106  Code  Gb  tcp.o [11]
tcp_create_segment       0x800'32d1    0xc8  Code  Lc  tcp_out.o [11]
tcp_eff_send_mss_netif   0x800'3053    0x38  Code  Gb  tcp.o [11]
tcp_enqueue_flags        0x800'3bef   0x11c  Code  Gb  tcp_out.o [11]
tcp_err                  0x800'2eb1    0x26  Code  Gb  tcp.o [11]
tcp_fasttmr              0x800'2b4b    0x62  Code  Gb  tcp.o [11]
tcp_free                 0x800'2035    0x1e  Code  Gb  tcp.o [11]
tcp_free_acked_segments
                         0x800'0d69    0x9c  Code  Lc  tcp_in.o [11]
tcp_free_ooseq           0x800'3119    0x12  Code  Gb  tcp.o [11]
tcp_get_next_optbyte     0x800'1567    0x24  Code  Lc  tcp_in.o [11]
tcp_init                 0x800'201d    0x16  Code  Gb  tcp.o [11]
tcp_input                0x800'0299   0x940  Code  Gb  tcp_in.o [11]
tcp_input_delayed_close
                         0x800'0c9f    0x46  Code  Lc  tcp_in.o [11]
tcp_input_pcb           0x2000'4504     0x4  Data  Gb  tcp_in.o [11]
tcp_keepalive            0x800'4451    0x50  Code  Gb  tcp_out.o [11]
tcp_kill_state           0x800'2ce9    0x56  Code  Lc  tcp.o [11]
tcp_listen_pcbs         0x2000'00a4     0x4  Data  Gb  tcp.o [11]
tcp_netif_ip_addr_changed
                         0x800'30c1    0x40  Code  Gb  tcp.o [11]
tcp_netif_ip_addr_changed_pcblist
                         0x800'308b    0x34  Code  Lc  tcp.o [11]
tcp_new_ip_type          0x800'2e59     0x2  Code  Gb  tcp.o [11]
tcp_new_port             0x800'2609    0x4c  Code  Lc  tcp.o [11]
tcp_next_iss             0x800'3031    0x22  Code  Gb  tcp.o [11]
tcp_next_iss::iss       0x2000'00b0     0x4  Data  Lc  tcp.o [11]
tcp_oos_insert_segment   0x800'0ced    0x7c  Code  Lc  tcp_in.o [11]
tcp_optidx              0x2000'44e8     0x2  Data  Lc  tcp_in.o [11]
tcp_output               0x800'3d1b   0x2e6  Code  Gb  tcp_out.o [11]
tcp_output_alloc_header
                         0x800'4271    0x4a  Code  Lc  tcp_out.o [11]
tcp_output_alloc_header_common
                         0x800'41e7    0x8a  Code  Lc  tcp_out.o [11]
tcp_output_control_segment
                         0x800'4307    0x5a  Code  Lc  tcp_out.o [11]
tcp_output_fill_options
                         0x800'42bb    0x46  Code  Lc  tcp_out.o [11]
tcp_output_segment_busy
                         0x800'400f    0x2a  Code  Lc  tcp_out.o [11]
tcp_parseopt             0x800'158d    0x76  Code  Lc  tcp_in.o [11]
tcp_pbuf_prealloc        0x800'33d1    0xa2  Code  Lc  tcp_out.o [11]
tcp_pcb_lists            0x800'2654    0x10  Data  Gb  tcp.o [11]
tcp_pcb_purge            0x800'2f1b    0x5a  Code  Gb  tcp.o [11]
tcp_pcb_remove           0x800'2f7d    0xae  Code  Gb  tcp.o [11]
tcp_persist_backoff      0x800'32b4     0x8  Data  Lc  tcp.o [11]
tcp_poll                 0x800'2edd    0x3e  Code  Gb  tcp.o [11]
tcp_port                0x2000'018c     0x2  Data  Lc  tcp.o [11]
tcp_process_refused_data
                         0x800'2bbd    0x86  Code  Gb  tcp.o [11]
tcp_receive              0x800'0e2d   0x716  Code  Lc  tcp_in.o [11]
tcp_recv                 0x800'2e65    0x26  Code  Gb  tcp.o [11]
tcp_recv_null            0x800'2ca7    0x38  Code  Gb  tcp.o [11]
tcp_recved               0x800'2585    0x6c  Code  Gb  tcp.o [11]
tcp_rexmit               0x800'410d    0x6c  Code  Gb  tcp_out.o [11]
tcp_rexmit_fast          0x800'4181    0x66  Code  Gb  tcp_out.o [11]
tcp_rexmit_rto           0x800'40e1    0x2c  Code  Gb  tcp_out.o [11]
tcp_rexmit_rto_commit    0x800'40b1    0x30  Code  Gb  tcp_out.o [11]
tcp_rexmit_rto_prepare   0x800'4039    0x70  Code  Gb  tcp_out.o [11]
tcp_route                0x800'32bd    0x12  Code  Lc  tcp_out.o [11]
tcp_rst                  0x800'4361    0x86  Code  Gb  tcp_out.o [11]
tcp_seg_copy             0x800'2c6d    0x3a  Code  Gb  tcp.o [11]
tcp_seg_free             0x800'2c55    0x18  Code  Gb  tcp.o [11]
tcp_segs_free            0x800'2c43    0x12  Code  Gb  tcp.o [11]
tcp_send_empty_ack       0x800'43e9    0x66  Code  Gb  tcp_out.o [11]
tcp_send_fin             0x800'3ba1    0x4e  Code  Gb  tcp_out.o [11]
tcp_sent                 0x800'2e8b    0x26  Code  Gb  tcp.o [11]
tcp_slowtmr              0x800'2791   0x3ac  Code  Gb  tcp.o [11]
tcp_split_unsent_seg     0x800'3a3b   0x166  Code  Gb  tcp_out.o [11]
tcp_ticks               0x2000'009c     0x4  Data  Gb  tcp.o [11]
tcp_timer               0x2000'4578     0x1  Data  Lc  tcp.o [11]
tcp_timer_ctr           0x2000'0099     0x1  Data  Lc  tcp.o [11]
tcp_timer_needed         0x800'4755    0x2e  Code  Gb  timeouts.o [11]
tcp_tmr                  0x800'2071    0x1e  Code  Gb  tcp.o [11]
tcp_trigger_input_pcb_close
                         0x800'1603     0xc  Code  Gb  tcp_in.o [11]
tcp_tw_pcbs             0x2000'00ac     0x4  Data  Gb  tcp.o [11]
tcp_update_rcv_ann_wnd   0x800'2505    0x62  Code  Gb  tcp.o [11]
tcp_write                0x800'34a9   0x4f2  Code  Gb  tcp_out.o [11]
tcp_zero_window_probe    0x800'44a1    0xbe  Code  Gb  tcp_out.o [11]
tcphdr                  0x2000'44f0     0x4  Data  Lc  tcp_in.o [11]
tcphdr_opt1len          0x2000'44e6     0x2  Data  Lc  tcp_in.o [11]
tcphdr_opt2             0x2000'44f4     0x4  Data  Lc  tcp_in.o [11]
tcphdr_optlen           0x2000'44e4     0x2  Data  Lc  tcp_in.o [11]
tcpip_init               0x800'5131    0x60  Code  Gb  tcpip.o [11]
tcpip_init_done         0x2000'4530     0x4  Data  Lc  tcpip.o [11]
tcpip_init_done_arg     0x2000'4534     0x4  Data  Lc  tcpip.o [11]
tcpip_inpkt              0x800'507d    0x50  Code  Gb  tcpip.o [11]
tcpip_input              0x800'50cd    0x10  Code  Gb  tcpip.o [11]
tcpip_mbox              0x2000'4538     0x4  Data  Lc  tcpip.o [11]
tcpip_tcp_timer          0x800'472d    0x28  Code  Lc  timeouts.o [11]
tcpip_tcp_timer_active  0x2000'4568     0x4  Data  Lc  timeouts.o [11]
tcpip_thread             0x800'4fbd    0xae  Code  Lc  tcpip.o [11]
tcpip_try_callback       0x800'50dd    0x48  Code  Gb  tcpip.o [11]
tcplen                  0x2000'44ec     0x2  Data  Lc  tcp_in.o [11]
tolower                  0x800'f441    0x14  Code  Gb  tolower.o [12]
ucHeap                  0x2000'01b0  0x3c00  Data  Lc  heap_4.o [10]
ucMaxSysCallPriority    0x2000'0078     0x1  Data  Lc  port.o [10]
udp_init                 0x800'6c6d    0x16  Code  Gb  udp.o [11]
udp_input                0x800'6c83   0x196  Code  Gb  udp.o [11]
udp_netif_ip_addr_changed
                         0x800'6e19    0x30  Code  Gb  udp.o [11]
udp_pcbs                0x2000'00b8     0x4  Data  Gb  udp.o [11]
udp_port                0x2000'00b4     0x2  Data  Lc  udp.o [11]
ulMaxPRIGROUPValue      0x2000'0080     0x4  Data  Lc  port.o [10]
uwTick                  0x2000'0088     0x4  Data  Gb  stm32h7xx_hal.o [8]
uwTickFreq              0x2000'0084     0x1  Data  Gb  stm32h7xx_hal.o [8]
uwTickPrio              0x2000'008c     0x4  Data  Gb  stm32h7xx_hal.o [8]
uxCriticalNesting       0x2000'007c     0x4  Data  Lc  port.o [10]
uxCurrentNumberOfTasks  0x2000'41f0     0x4  Data  Lc  tasks.o [10]
uxDeletedTasksWaitingCleanUp
                        0x2000'41d8     0x4  Data  Lc  tasks.o [10]
uxListRemove             0x800'bbfb    0x28  Code  Gb  list.o [10]
uxSchedulerSuspended    0x2000'4214     0x4  Data  Lc  tasks.o [10]
uxTaskNumber            0x2000'420c     0x4  Data  Lc  tasks.o [10]
uxTopReadyPriority      0x2000'41f8     0x4  Data  Lc  tasks.o [10]
vApplicationGetIdleTaskMemory
                         0x800'bfc3    0x10  Code  Gb  freertos.o [2]
vListInitialise          0x800'bb8f    0x1a  Code  Gb  list.o [10]
vListInitialiseItem      0x800'bba9     0x6  Code  Gb  list.o [10]
vListInsert              0x800'bbc9    0x32  Code  Gb  list.o [10]
vListInsertEnd           0x800'bbaf    0x1a  Code  Gb  list.o [10]
vPortEnableVFP           0x800'c82d          Code  Gb  portasm.o [10]
vPortEnterCritical       0x800'baad    0x32  Code  Gb  port.o [10]
vPortExitCritical        0x800'badf    0x22  Code  Gb  port.o [10]
vPortFree                0x800'bd37    0x54  Code  Gb  heap_4.o [10]
vPortSetupTimerInterrupt
                         0x800'c76d    0x2c  Code  Wk  port.o [10]
vPortStartFirstTask      0x800'c80d          Code  Gb  portasm.o [10]
vPortValidateInterruptPriority
                         0x800'bb29    0x34  Code  Gb  port.o [10]
vTaskDelay               0x800'ada1    0x2e  Code  Gb  tasks.o [10]
vTaskInternalSetTimeOutState
                         0x800'b0ad     0xe  Code  Gb  tasks.o [10]
vTaskMissedYield         0x800'b119     0xa  Code  Gb  tasks.o [10]
vTaskPlaceOnEventList    0x800'b02d    0x24  Code  Gb  tasks.o [10]
vTaskPriorityDisinheritAfterTimeout
                         0x800'b2f5    0x80  Code  Gb  tasks.o [10]
vTaskStartScheduler      0x800'adff    0x50  Code  Gb  tasks.o [10]
vTaskSuspendAll          0x800'ae4f     0xc  Code  Gb  tasks.o [10]
vTaskSwitchContext       0x800'afdb    0x52  Code  Gb  tasks.o [10]
xBlockAllocatedBit      0x2000'01ac     0x4  Data  Lc  heap_4.o [10]
xDelayedTaskList1       0x2000'4218    0x14  Data  Lc  tasks.o [10]
xDelayedTaskList2       0x2000'422c    0x14  Data  Lc  tasks.o [10]
xFreeBytesRemaining     0x2000'019c     0x4  Data  Lc  heap_4.o [10]
xIdleStack              0x2000'3e04   0x200  Data  Lc  freertos.o [2]
xIdleTaskTCBBuffer      0x2000'3db0    0x54  Data  Lc  freertos.o [2]
xMinimumEverFreeBytesRemaining
                        0x2000'01a0     0x4  Data  Lc  heap_4.o [10]
xNextTaskUnblockTime    0x2000'4210     0x4  Data  Lc  tasks.o [10]
xNumOfOverflows         0x2000'4208     0x4  Data  Lc  tasks.o [10]
xNumberOfSuccessfulAllocations
                        0x2000'01a4     0x4  Data  Lc  heap_4.o [10]
xNumberOfSuccessfulFrees
                        0x2000'01a8     0x4  Data  Lc  heap_4.o [10]
xPendedTicks            0x2000'4200     0x4  Data  Lc  tasks.o [10]
xPendingReadyList       0x2000'41a4    0x14  Data  Lc  tasks.o [10]
xPortStartScheduler      0x800'ba0d    0xa0  Code  Gb  port.o [10]
xQueueCreateMutex        0x800'98f7    0x16  Code  Gb  queue.o [10]
xQueueCreateMutexStatic
                         0x800'990d    0x1a  Code  Gb  queue.o [10]
xQueueGenericCreate      0x800'9895    0x38  Code  Gb  queue.o [10]
xQueueGenericCreateStatic
                         0x800'9833    0x62  Code  Gb  queue.o [10]
xQueueGenericReset       0x800'97c1    0x72  Code  Gb  queue.o [10]
xQueueGenericSend        0x800'9927   0x120  Code  Gb  queue.o [10]
xQueueGenericSendFromISR
                         0x800'9a4f    0x8c  Code  Gb  queue.o [10]
xQueueGiveFromISR        0x800'9adb    0x70  Code  Gb  queue.o [10]
xQueueReceive            0x800'9b5f    0xfe  Code  Gb  queue.o [10]
xQueueReceiveFromISR     0x800'9dc7    0x82  Code  Gb  queue.o [10]
xQueueSemaphoreTake      0x800'9c67   0x128  Code  Gb  queue.o [10]
xSchedulerRunning       0x2000'41fc     0x4  Data  Lc  tasks.o [10]
xStart                  0x2000'0190     0x8  Data  Lc  heap_4.o [10]
xSuspendedTaskList      0x2000'41dc    0x14  Data  Lc  tasks.o [10]
xTaskCheckForTimeOut     0x800'b0bb    0x5e  Code  Gb  tasks.o [10]
xTaskCreate              0x800'ac0f    0x5c  Code  Gb  tasks.o [10]
xTaskCreateStatic        0x800'abad    0x62  Code  Gb  tasks.o [10]
xTaskGetSchedulerState   0x800'b1b9    0x18  Code  Gb  tasks.o [10]
xTaskGetTickCount        0x800'af05     0x8  Code  Gb  tasks.o [10]
xTaskGetTickCountFromISR
                         0x800'af0d     0xe  Code  Gb  tasks.o [10]
xTaskIncrementTick       0x800'af1b    0xc0  Code  Gb  tasks.o [10]
xTaskPriorityDisinherit
                         0x800'b255    0x90  Code  Gb  tasks.o [10]
xTaskPriorityInherit     0x800'b1d1    0x84  Code  Gb  tasks.o [10]
xTaskRemoveFromEventList
                         0x800'b051    0x52  Code  Gb  tasks.o [10]
xTaskResumeAll           0x800'ae5b    0xa2  Code  Gb  tasks.o [10]
xTasksWaitingTermination
                        0x2000'41b8    0x14  Data  Lc  tasks.o [10]
xTickCount              0x2000'41f4     0x4  Data  Lc  tasks.o [10]
xYieldPending           0x2000'4204     0x4  Data  Lc  tasks.o [10]


[1] = E:\STM32H750XB_MQTT\EWARM\STM32H750XB_MQTT\Obj\Application\EWARM
[2] = E:\STM32H750XB_MQTT\EWARM\STM32H750XB_MQTT\Obj\Application\User\Core
[3] = E:\STM32H750XB_MQTT\EWARM\STM32H750XB_MQTT\Obj\Application\User\LWIP\App
[4] = E:\STM32H750XB_MQTT\EWARM\STM32H750XB_MQTT\Obj\Application\User\LWIP\Target
[5] = E:\STM32H750XB_MQTT\EWARM\STM32H750XB_MQTT\Obj\Drivers\BSP\Components
[6] = E:\STM32H750XB_MQTT\EWARM\STM32H750XB_MQTT\Obj\Drivers\CMSIS
[7] = E:\STM32H750XB_MQTT\EWARM\STM32H750XB_MQTT\Obj\Drivers\MQTT
[8] = E:\STM32H750XB_MQTT\EWARM\STM32H750XB_MQTT\Obj\Drivers\STM32H7xx_HAL_Driver
[9] = E:\STM32H750XB_MQTT\EWARM\STM32H750XB_MQTT\Obj\Drivers\cJSON
[10] = E:\STM32H750XB_MQTT\EWARM\STM32H750XB_MQTT\Obj\Middlewares\FreeRTOS
[11] = E:\STM32H750XB_MQTT\EWARM\STM32H750XB_MQTT\Obj\Middlewares\LwIP
[12] = dl7M_tlf.a
[13] = m7M_tlv.a
[14] = rt7M_tl.a
[15] = shb_l.a

  63'749 bytes of readonly  code memory
   8'834 bytes of readonly  data memory
  21'879 bytes of readwrite data memory (+ 192 absolute)

Errors: none
Warnings: none
